2020-04-07 20:50:21.079 1916-2091/? I/GnssLocationProvider: WakeLock acquired by sendMessage(REPORT_SV_STATUS, 0, com.android.server.location.GnssLocationProvider$SvStatusInfo@63e6d00)
2020-04-07 20:50:21.081 1916-1929/? I/GnssLocationProvider: WakeLock released by handleMessage(REPORT_SV_STATUS, 0, com.android.server.location.GnssLocationProvider$SvStatusInfo@63e6d00)
2020-04-07 20:50:22.079 1916-2091/? I/GnssLocationProvider: WakeLock acquired by sendMessage(REPORT_SV_STATUS, 0, com.android.server.location.GnssLocationProvider$SvStatusInfo@bca9939)
2020-04-07 20:50:22.081 1916-1929/? I/GnssLocationProvider: WakeLock released by handleMessage(REPORT_SV_STATUS, 0, com.android.server.location.GnssLocationProvider$SvStatusInfo@bca9939)
2020-04-07 20:50:22.158 1808-1808/? E/netmgr: Failed to open QEMU pipe 'qemud:network': Invalid argument
2020-04-07 20:50:22.159 1808-1808/? E/netmgr: WifiForwarder unable to open QEMU pipe: Invalid argument
2020-04-07 20:50:23.079 1916-2091/? I/GnssLocationProvider: WakeLock acquired by sendMessage(REPORT_SV_STATUS, 0, com.android.server.location.GnssLocationProvider$SvStatusInfo@b08cb7e)
2020-04-07 20:50:23.080 1916-1929/? I/GnssLocationProvider: WakeLock released by handleMessage(REPORT_SV_STATUS, 0, com.android.server.location.GnssLocationProvider$SvStatusInfo@b08cb7e)
2020-04-07 20:50:24.079 1916-2091/? I/GnssLocationProvider: WakeLock acquired by sendMessage(REPORT_SV_STATUS, 0, com.android.server.location.GnssLocationProvider$SvStatusInfo@23338df)
2020-04-07 20:50:24.080 1916-1929/? I/GnssLocationProvider: WakeLock released by handleMessage(REPORT_SV_STATUS, 0, com.android.server.location.GnssLocationProvider$SvStatusInfo@23338df)
2020-04-07 20:50:25.079 1916-2091/? I/GnssLocationProvider: WakeLock acquired by sendMessage(REPORT_SV_STATUS, 0, com.android.server.location.GnssLocationProvider$SvStatusInfo@69d592c)
2020-04-07 20:50:25.081 1916-1929/? I/GnssLocationProvider: WakeLock released by handleMessage(REPORT_SV_STATUS, 0, com.android.server.location.GnssLocationProvider$SvStatusInfo@69d592c)
2020-04-07 20:50:25.758 1713-1760/? E/storaged: getDiskStats failed with result NOT_SUPPORTED and size 0
2020-04-07 20:50:26.080 1916-2091/? I/GnssLocationProvider: WakeLock acquired by sendMessage(REPORT_SV_STATUS, 0, com.android.server.location.GnssLocationProvider$SvStatusInfo@6328ff5)
2020-04-07 20:50:26.081 1916-1929/? I/GnssLocationProvider: WakeLock released by handleMessage(REPORT_SV_STATUS, 0, com.android.server.location.GnssLocationProvider$SvStatusInfo@6328ff5)
2020-04-07 20:50:27.080 1916-2091/? I/GnssLocationProvider: WakeLock acquired by sendMessage(REPORT_SV_STATUS, 0, com.android.server.location.GnssLocationProvider$SvStatusInfo@7e2218a)
2020-04-07 20:50:27.082 1916-1929/? I/GnssLocationProvider: WakeLock released by handleMessage(REPORT_SV_STATUS, 0, com.android.server.location.GnssLocationProvider$SvStatusInfo@7e2218a)
2020-04-07 20:50:28.079 1916-2091/? I/GnssLocationProvider: WakeLock acquired by sendMessage(REPORT_SV_STATUS, 0, com.android.server.location.GnssLocationProvider$SvStatusInfo@c3c83fb)
2020-04-07 20:50:28.080 1916-1929/? I/GnssLocationProvider: WakeLock released by handleMessage(REPORT_SV_STATUS, 0, com.android.server.location.GnssLocationProvider$SvStatusInfo@c3c83fb)
2020-04-07 20:50:29.080 1916-2091/? I/GnssLocationProvider: WakeLock acquired by sendMessage(REPORT_SV_STATUS, 0, com.android.server.location.GnssLocationProvider$SvStatusInfo@51cdc18)
2020-04-07 20:50:29.081 1916-1929/? I/GnssLocationProvider: WakeLock released by handleMessage(REPORT_SV_STATUS, 0, com.android.server.location.GnssLocationProvider$SvStatusInfo@51cdc18)
2020-04-07 20:50:30.079 1916-2091/? I/GnssLocationProvider: WakeLock acquired by sendMessage(REPORT_SV_STATUS, 0, com.android.server.location.GnssLocationProvider$SvStatusInfo@ae93671)
2020-04-07 20:50:30.080 1916-1929/? I/GnssLocationProvider: WakeLock released by handleMessage(REPORT_SV_STATUS, 0, com.android.server.location.GnssLocationProvider$SvStatusInfo@ae93671)
2020-04-07 20:50:31.080 1916-2091/? I/GnssLocationProvider: WakeLock acquired by sendMessage(REPORT_SV_STATUS, 0, com.android.server.location.GnssLocationProvider$SvStatusInfo@48cc56)
2020-04-07 20:50:31.080 1916-1929/? I/GnssLocationProvider: WakeLock released by handleMessage(REPORT_SV_STATUS, 0, com.android.server.location.GnssLocationProvider$SvStatusInfo@48cc56)
2020-04-07 20:50:32.080 1916-2091/? I/GnssLocationProvider: WakeLock acquired by sendMessage(REPORT_SV_STATUS, 0, com.android.server.location.GnssLocationProvider$SvStatusInfo@dc564d7)
2020-04-07 20:50:32.080 1916-1929/? I/GnssLocationProvider: WakeLock released by handleMessage(REPORT_SV_STATUS, 0, com.android.server.location.GnssLocationProvider$SvStatusInfo@dc564d7)
2020-04-07 20:50:33.080 1916-2091/? I/GnssLocationProvider: WakeLock acquired by sendMessage(REPORT_SV_STATUS, 0, com.android.server.location.GnssLocationProvider$SvStatusInfo@70fa1c4)
2020-04-07 20:50:33.080 1916-1929/? I/GnssLocationProvider: WakeLock released by handleMessage(REPORT_SV_STATUS, 0, com.android.server.location.GnssLocationProvider$SvStatusInfo@70fa1c4)
2020-04-07 20:50:34.080 1916-2091/? I/GnssLocationProvider: WakeLock acquired by sendMessage(REPORT_SV_STATUS, 0, com.android.server.location.GnssLocationProvider$SvStatusInfo@689c8ad)
2020-04-07 20:50:34.081 1916-1929/? I/GnssLocationProvider: WakeLock released by handleMessage(REPORT_SV_STATUS, 0, com.android.server.location.GnssLocationProvider$SvStatusInfo@689c8ad)
2020-04-07 20:50:35.080 1916-2091/? I/GnssLocationProvider: WakeLock acquired by sendMessage(REPORT_SV_STATUS, 0, com.android.server.location.GnssLocationProvider$SvStatusInfo@69d57e2)
2020-04-07 20:50:35.080 1916-1929/? I/GnssLocationProvider: WakeLock released by handleMessage(REPORT_SV_STATUS, 0, com.android.server.location.GnssLocationProvider$SvStatusInfo@69d57e2)
2020-04-07 20:50:36.080 1916-2091/? I/GnssLocationProvider: WakeLock acquired by sendMessage(REPORT_SV_STATUS, 0, com.android.server.location.GnssLocationProvider$SvStatusInfo@c917773)
2020-04-07 20:50:36.080 1916-1929/? I/GnssLocationProvider: WakeLock released by handleMessage(REPORT_SV_STATUS, 0, com.android.server.location.GnssLocationProvider$SvStatusInfo@c917773)
2020-04-07 20:50:37.080 1916-2091/? I/GnssLocationProvider: WakeLock acquired by sendMessage(REPORT_SV_STATUS, 0, com.android.server.location.GnssLocationProvider$SvStatusInfo@2471630)
2020-04-07 20:50:37.081 1916-1929/? I/GnssLocationProvider: WakeLock released by handleMessage(REPORT_SV_STATUS, 0, com.android.server.location.GnssLocationProvider$SvStatusInfo@2471630)
2020-04-07 20:50:38.080 1916-2091/? I/GnssLocationProvider: WakeLock acquired by sendMessage(REPORT_SV_STATUS, 0, com.android.server.location.GnssLocationProvider$SvStatusInfo@a2742a9)
2020-04-07 20:50:38.080 1916-1929/? I/GnssLocationProvider: WakeLock released by handleMessage(REPORT_SV_STATUS, 0, com.android.server.location.GnssLocationProvider$SvStatusInfo@a2742a9)
2020-04-07 20:50:39.080 1916-2091/? I/GnssLocationProvider: WakeLock acquired by sendMessage(REPORT_SV_STATUS, 0, com.android.server.location.GnssLocationProvider$SvStatusInfo@bd102e)
2020-04-07 20:50:39.081 1916-1929/? I/GnssLocationProvider: WakeLock released by handleMessage(REPORT_SV_STATUS, 0, com.android.server.location.GnssLocationProvider$SvStatusInfo@bd102e)
2020-04-07 20:50:40.080 1916-2091/? I/GnssLocationProvider: WakeLock acquired by sendMessage(REPORT_SV_STATUS, 0, com.android.server.location.GnssLocationProvider$SvStatusInfo@d0217cf)
2020-04-07 20:50:40.082 1916-1929/? I/GnssLocationProvider: WakeLock released by handleMessage(REPORT_SV_STATUS, 0, com.android.server.location.GnssLocationProvider$SvStatusInfo@d0217cf)
2020-04-07 20:50:40.652 1916-1934/? E/BatteryExternalStatsWorker: no controller energy info supplied for wifi
2020-04-07 20:50:41.080 1916-2091/? I/GnssLocationProvider: WakeLock acquired by sendMessage(REPORT_SV_STATUS, 0, com.android.server.location.GnssLocationProvider$SvStatusInfo@63f655c)
2020-04-07 20:50:41.082 1916-1929/? I/GnssLocationProvider: WakeLock released by handleMessage(REPORT_SV_STATUS, 0, com.android.server.location.GnssLocationProvider$SvStatusInfo@63f655c)
2020-04-07 20:50:42.081 1916-2091/? I/GnssLocationProvider: WakeLock acquired by sendMessage(REPORT_SV_STATUS, 0, com.android.server.location.GnssLocationProvider$SvStatusInfo@b086065)
2020-04-07 20:50:42.082 1916-1929/? I/GnssLocationProvider: WakeLock released by handleMessage(REPORT_SV_STATUS, 0, com.android.server.location.GnssLocationProvider$SvStatusInfo@b086065)
2020-04-07 20:50:43.080 1916-2091/? I/GnssLocationProvider: WakeLock acquired by sendMessage(REPORT_SV_STATUS, 0, com.android.server.location.GnssLocationProvider$SvStatusInfo@30e013a)
2020-04-07 20:50:43.082 1916-1929/? I/GnssLocationProvider: WakeLock released by handleMessage(REPORT_SV_STATUS, 0, com.android.server.location.GnssLocationProvider$SvStatusInfo@30e013a)
2020-04-07 20:50:44.080 1916-2091/? I/GnssLocationProvider: WakeLock acquired by sendMessage(REPORT_SV_STATUS, 0, com.android.server.location.GnssLocationProvider$SvStatusInfo@e3261eb)
2020-04-07 20:50:44.082 1916-1929/? I/GnssLocationProvider: WakeLock released by handleMessage(REPORT_SV_STATUS, 0, com.android.server.location.GnssLocationProvider$SvStatusInfo@e3261eb)
2020-04-07 20:50:45.080 1916-2091/? I/GnssLocationProvider: WakeLock acquired by sendMessage(REPORT_SV_STATUS, 0, com.android.server.location.GnssLocationProvider$SvStatusInfo@c0b7b48)
2020-04-07 20:50:45.082 1916-1929/? I/GnssLocationProvider: WakeLock released by handleMessage(REPORT_SV_STATUS, 0, com.android.server.location.GnssLocationProvider$SvStatusInfo@c0b7b48)
2020-04-07 20:50:46.082 1916-2091/? I/GnssLocationProvider: WakeLock acquired by sendMessage(REPORT_SV_STATUS, 0, com.android.server.location.GnssLocationProvider$SvStatusInfo@2239de1)
2020-04-07 20:50:46.085 1916-1929/? I/GnssLocationProvider: WakeLock released by handleMessage(REPORT_SV_STATUS, 0, com.android.server.location.GnssLocationProvider$SvStatusInfo@2239de1)
2020-04-07 20:50:47.082 1916-2091/? I/GnssLocationProvider: WakeLock acquired by sendMessage(REPORT_SV_STATUS, 0, com.android.server.location.GnssLocationProvider$SvStatusInfo@4af706)
2020-04-07 20:50:47.084 1916-1929/? I/GnssLocationProvider: WakeLock released by handleMessage(REPORT_SV_STATUS, 0, com.android.server.location.GnssLocationProvider$SvStatusInfo@4af706)
2020-04-07 20:50:48.082 1916-2091/? I/GnssLocationProvider: WakeLock acquired by sendMessage(REPORT_SV_STATUS, 0, com.android.server.location.GnssLocationProvider$SvStatusInfo@bd331c7)
2020-04-07 20:50:48.083 1916-1929/? I/GnssLocationProvider: WakeLock released by handleMessage(REPORT_SV_STATUS, 0, com.android.server.location.GnssLocationProvider$SvStatusInfo@bd331c7)
2020-04-07 20:50:49.081 1916-2091/? I/GnssLocationProvider: WakeLock acquired by sendMessage(REPORT_SV_STATUS, 0, com.android.server.location.GnssLocationProvider$SvStatusInfo@90103f4)
2020-04-07 20:50:49.082 1916-1929/? I/GnssLocationProvider: WakeLock released by handleMessage(REPORT_SV_STATUS, 0, com.android.server.location.GnssLocationProvider$SvStatusInfo@90103f4)
2020-04-07 20:50:50.082 1916-2091/? I/GnssLocationProvider: WakeLock acquired by sendMessage(REPORT_SV_STATUS, 0, com.android.server.location.GnssLocationProvider$SvStatusInfo@75b371d)
2020-04-07 20:50:50.082 1916-1929/? I/GnssLocationProvider: WakeLock released by handleMessage(REPORT_SV_STATUS, 0, com.android.server.location.GnssLocationProvider$SvStatusInfo@75b371d)
2020-04-07 20:50:51.082 1916-2091/? I/GnssLocationProvider: WakeLock acquired by sendMessage(REPORT_SV_STATUS, 0, com.android.server.location.GnssLocationProvider$SvStatusInfo@a0f7d92)
2020-04-07 20:50:51.082 1916-1929/? I/GnssLocationProvider: WakeLock released by handleMessage(REPORT_SV_STATUS, 0, com.android.server.location.GnssLocationProvider$SvStatusInfo@a0f7d92)
2020-04-07 20:50:52.082 1916-2091/? I/GnssLocationProvider: WakeLock acquired by sendMessage(REPORT_SV_STATUS, 0, com.android.server.location.GnssLocationProvider$SvStatusInfo@1c72363)
2020-04-07 20:50:52.083 1916-1929/? I/GnssLocationProvider: WakeLock released by handleMessage(REPORT_SV_STATUS, 0, com.android.server.location.GnssLocationProvider$SvStatusInfo@1c72363)
2020-04-07 20:50:53.082 1916-2091/? I/GnssLocationProvider: WakeLock acquired by sendMessage(REPORT_SV_STATUS, 0, com.android.server.location.GnssLocationProvider$SvStatusInfo@246b60)
2020-04-07 20:50:53.082 1916-1929/? I/GnssLocationProvider: WakeLock released by handleMessage(REPORT_SV_STATUS, 0, com.android.server.location.GnssLocationProvider$SvStatusInfo@246b60)
2020-04-07 20:50:54.010 1916-1929/? E/memtrack: Couldn't load memtrack module
2020-04-07 20:50:54.010 1916-1929/? W/android.os.Debug: failed to get memory consumption info: -1
2020-04-07 20:50:54.082 1916-2091/? I/GnssLocationProvider: WakeLock acquired by sendMessage(REPORT_SV_STATUS, 0, com.android.server.location.GnssLocationProvider$SvStatusInfo@e54dd8c)
2020-04-07 20:50:54.082 1916-1929/? I/GnssLocationProvider: WakeLock released by handleMessage(REPORT_SV_STATUS, 0, com.android.server.location.GnssLocationProvider$SvStatusInfo@e54dd8c)
2020-04-07 20:50:54.131 1916-1932/? I/ActivityManager: Start proc 8059:com.google.android.gms.unstable/u0a13 for service com.google.android.gms/.droidguard.DroidGuardService
2020-04-07 20:50:54.132 8059-8059/? W/id.gms.unstabl: Unexpected CPU variant for X86 using defaults: x86
2020-04-07 20:50:54.134 8059-8059/? E/id.gms.unstabl: Not starting debugger since process cannot load the jdwp agent.
2020-04-07 20:50:54.153 8059-8059/? I/id.gms.unstabl: The ClassLoaderContext is a special shared library.
2020-04-07 20:50:54.154 8059-8059/? I/chatty: uid=10013 com.google.android.gms.unstable identical 1 line
2020-04-07 20:50:54.156 8059-8059/? I/id.gms.unstabl: The ClassLoaderContext is a special shared library.
2020-04-07 20:50:54.206 8059-8059/? W/DynamiteModule: Local module descriptor class for providerinstaller not found.
2020-04-07 20:50:54.212 8059-8059/? W/ProviderHelper: Unknown dynamite feature providerinstaller
2020-04-07 20:50:54.222 8059-8059/? I/DynamiteModule: Considering local module providerinstaller:0 and remote module providerinstaller:0
2020-04-07 20:50:54.222 8059-8059/? W/ProviderInstaller: Failed to load providerinstaller module: No acceptable module found. Local version is 0 and remote version is 0.
2020-04-07 20:50:54.245 8059-8059/? D/NetworkSecurityConfig: Using Network Security Config from resource network_security_config debugBuild: false
2020-04-07 20:50:54.249 8059-8059/? I/ProviderInstaller: Installed default security provider GmsCore_OpenSSL
2020-04-07 20:50:54.262 8059-8059/? I/Safeboot: Checking safeboot...
2020-04-07 20:50:54.263 8059-8059/? I/Safeboot: Not entering safeboot; wrong process.
2020-04-07 20:50:54.306 8059-8059/? W/bcwo: Primes not initialized, returning default (no-op) Primes instance which will ignore all calls. Please call Primes.initialize(...) before using any Primes API.
2020-04-07 20:50:54.392 8059-8072/? I/id.gms.unstabl: The ClassLoaderContext is a special shared library.
2020-04-07 20:50:54.481 8059-8072/? W/linker: Warning: "/data/data/com.google.android.gms/app_dg_cache/7E0FAFF623083783FA2ADA80F7B0065253E5E082/the.apk!/libd0AF38BB03E8B.so" has unsupported flags DT_FLAGS_1=0x1001 (ignoring unsupported flags)
2020-04-07 20:50:54.582 2328-2765/? W/Conscrypt: Could not set socket write timeout: java.net.SocketException: Socket closed
2020-04-07 20:50:54.582 2328-2765/? W/Conscrypt:     at com.google.android.gms.org.conscrypt.Platform.setSocketWriteTimeout(:com.google.android.gms@200616031@20.06.16 (100700-296104215):2)
2020-04-07 20:50:54.582 2328-2765/? W/Conscrypt:     at com.google.android.gms.org.conscrypt.ConscryptFileDescriptorSocket.setSoWriteTimeout(:com.google.android.gms@200616031@20.06.16 (100700-296104215):0)
2020-04-07 20:50:54.594 2328-2765/? W/Conscrypt: Could not set socket write timeout: java.net.SocketException: Socket closed
2020-04-07 20:50:54.594 2328-2765/? W/Conscrypt:     at com.google.android.gms.org.conscrypt.Platform.setSocketWriteTimeout(:com.google.android.gms@200616031@20.06.16 (100700-296104215):2)
2020-04-07 20:50:54.594 2328-2765/? W/Conscrypt:     at com.google.android.gms.org.conscrypt.ConscryptFileDescriptorSocket.setSoWriteTimeout(:com.google.android.gms@200616031@20.06.16 (100700-296104215):0)
2020-04-07 20:50:54.627 2328-2765/? W/GLSUser: [AppCertManager] IOException while requesting key: 
    java.io.IOException: Invalid device key response.
        at ilg.a(:com.google.android.gms@200616031@20.06.16 (100700-296104215):51)
        at ile.a(:com.google.android.gms@200616031@20.06.16 (100700-296104215):43)
        at ikz.a(:com.google.android.gms@200616031@20.06.16 (100700-296104215):0)
        at ilc.a(:com.google.android.gms@200616031@20.06.16 (100700-296104215):10)
        at gyc.call(:com.google.android.gms@200616031@20.06.16 (100700-296104215):9)
        at java.util.concurrent.FutureTask.run(FutureTask.java:266)
        at srf.b(:com.google.android.gms@200616031@20.06.16 (100700-296104215):14)
        at srf.run(:com.google.android.gms@200616031@20.06.16 (100700-296104215):5)
        at java.util.concurrent.ThreadPoolExecutor.runWorker(ThreadPoolExecutor.java:1167)
        at java.util.concurrent.ThreadPoolExecutor$Worker.run(ThreadPoolExecutor.java:641)
        at sxe.run(:com.google.android.gms@200616031@20.06.16 (100700-296104215):0)
        at java.lang.Thread.run(Thread.java:764)
2020-04-07 20:50:55.082 1916-2091/? I/GnssLocationProvider: WakeLock acquired by sendMessage(REPORT_SV_STATUS, 0, com.android.server.location.GnssLocationProvider$SvStatusInfo@a2919c0)
2020-04-07 20:50:55.082 1916-1929/? I/GnssLocationProvider: WakeLock released by handleMessage(REPORT_SV_STATUS, 0, com.android.server.location.GnssLocationProvider$SvStatusInfo@a2919c0)
2020-04-07 20:50:56.082 1916-2091/? I/GnssLocationProvider: WakeLock acquired by sendMessage(REPORT_SV_STATUS, 0, com.android.server.location.GnssLocationProvider$SvStatusInfo@3d8a6f9)
2020-04-07 20:50:56.082 1916-1929/? I/GnssLocationProvider: WakeLock released by handleMessage(REPORT_SV_STATUS, 0, com.android.server.location.GnssLocationProvider$SvStatusInfo@3d8a6f9)
2020-04-07 20:50:57.082 1916-2091/? I/GnssLocationProvider: WakeLock acquired by sendMessage(REPORT_SV_STATUS, 0, com.android.server.location.GnssLocationProvider$SvStatusInfo@3b5263e)
2020-04-07 20:50:57.083 1916-1929/? I/GnssLocationProvider: WakeLock released by handleMessage(REPORT_SV_STATUS, 0, com.android.server.location.GnssLocationProvider$SvStatusInfo@3b5263e)
2020-04-07 20:50:58.082 1916-2091/? I/GnssLocationProvider: WakeLock acquired by sendMessage(REPORT_SV_STATUS, 0, com.android.server.location.GnssLocationProvider$SvStatusInfo@7bc5c9f)
2020-04-07 20:50:58.082 1916-1929/? I/GnssLocationProvider: WakeLock released by handleMessage(REPORT_SV_STATUS, 0, com.android.server.location.GnssLocationProvider$SvStatusInfo@7bc5c9f)
2020-04-07 20:50:59.082 1916-2091/? I/GnssLocationProvider: WakeLock acquired by sendMessage(REPORT_SV_STATUS, 0, com.android.server.location.GnssLocationProvider$SvStatusInfo@16611ec)
2020-04-07 20:50:59.082 1916-1929/? I/GnssLocationProvider: WakeLock released by handleMessage(REPORT_SV_STATUS, 0, com.android.server.location.GnssLocationProvider$SvStatusInfo@16611ec)
2020-04-07 20:51:00.013 1846-1869/? D/hwcomposer: hw_composer sent 36 syncs in 104s
2020-04-07 20:51:00.082 1916-2091/? I/GnssLocationProvider: WakeLock acquired by sendMessage(REPORT_SV_STATUS, 0, com.android.server.location.GnssLocationProvider$SvStatusInfo@cd9684a)
2020-04-07 20:51:00.082 1916-1929/? I/GnssLocationProvider: WakeLock released by handleMessage(REPORT_SV_STATUS, 0, com.android.server.location.GnssLocationProvider$SvStatusInfo@cd9684a)
2020-04-07 20:51:01.082 1916-2091/? I/GnssLocationProvider: WakeLock acquired by sendMessage(REPORT_SV_STATUS, 0, com.android.server.location.GnssLocationProvider$SvStatusInfo@99423bb)
2020-04-07 20:51:01.082 1916-1929/? I/GnssLocationProvider: WakeLock released by handleMessage(REPORT_SV_STATUS, 0, com.android.server.location.GnssLocationProvider$SvStatusInfo@99423bb)
2020-04-07 20:51:02.082 1916-2091/? I/GnssLocationProvider: WakeLock acquired by sendMessage(REPORT_SV_STATUS, 0, com.android.server.location.GnssLocationProvider$SvStatusInfo@49860d8)
2020-04-07 20:51:02.082 1916-1929/? I/GnssLocationProvider: WakeLock released by handleMessage(REPORT_SV_STATUS, 0, com.android.server.location.GnssLocationProvider$SvStatusInfo@49860d8)
2020-04-07 20:51:03.082 1916-2091/? I/GnssLocationProvider: WakeLock acquired by sendMessage(REPORT_SV_STATUS, 0, com.android.server.location.GnssLocationProvider$SvStatusInfo@1733c31)
2020-04-07 20:51:03.083 1916-1929/? I/GnssLocationProvider: WakeLock released by handleMessage(REPORT_SV_STATUS, 0, com.android.server.location.GnssLocationProvider$SvStatusInfo@1733c31)
2020-04-07 20:51:04.082 1916-2091/? I/GnssLocationProvider: WakeLock acquired by sendMessage(REPORT_SV_STATUS, 0, com.android.server.location.GnssLocationProvider$SvStatusInfo@94dbf16)
2020-04-07 20:51:04.083 1916-1929/? I/GnssLocationProvider: WakeLock released by handleMessage(REPORT_SV_STATUS, 0, com.android.server.location.GnssLocationProvider$SvStatusInfo@94dbf16)
2020-04-07 20:51:05.082 1916-2091/? I/GnssLocationProvider: WakeLock acquired by sendMessage(REPORT_SV_STATUS, 0, com.android.server.location.GnssLocationProvider$SvStatusInfo@7574097)
2020-04-07 20:51:05.082 1916-1929/? I/GnssLocationProvider: WakeLock released by handleMessage(REPORT_SV_STATUS, 0, com.android.server.location.GnssLocationProvider$SvStatusInfo@7574097)
2020-04-07 20:51:06.083 1916-2091/? I/GnssLocationProvider: WakeLock acquired by sendMessage(REPORT_SV_STATUS, 0, com.android.server.location.GnssLocationProvider$SvStatusInfo@19eb284)
2020-04-07 20:51:06.083 1916-1929/? I/GnssLocationProvider: WakeLock released by handleMessage(REPORT_SV_STATUS, 0, com.android.server.location.GnssLocationProvider$SvStatusInfo@19eb284)
2020-04-07 20:51:07.084 1916-2091/? I/GnssLocationProvider: WakeLock acquired by sendMessage(REPORT_SV_STATUS, 0, com.android.server.location.GnssLocationProvider$SvStatusInfo@10e6a6d)
2020-04-07 20:51:07.084 1916-1929/? I/GnssLocationProvider: WakeLock released by handleMessage(REPORT_SV_STATUS, 0, com.android.server.location.GnssLocationProvider$SvStatusInfo@10e6a6d)
2020-04-07 20:51:08.084 1916-2091/? I/GnssLocationProvider: WakeLock acquired by sendMessage(REPORT_SV_STATUS, 0, com.android.server.location.GnssLocationProvider$SvStatusInfo@4deb6a2)
2020-04-07 20:51:08.085 1916-1929/? I/GnssLocationProvider: WakeLock released by handleMessage(REPORT_SV_STATUS, 0, com.android.server.location.GnssLocationProvider$SvStatusInfo@4deb6a2)
2020-04-07 20:51:09.084 1916-2091/? I/GnssLocationProvider: WakeLock acquired by sendMessage(REPORT_SV_STATUS, 0, com.android.server.location.GnssLocationProvider$SvStatusInfo@1c54f33)
2020-04-07 20:51:09.085 1916-1929/? I/GnssLocationProvider: WakeLock released by handleMessage(REPORT_SV_STATUS, 0, com.android.server.location.GnssLocationProvider$SvStatusInfo@1c54f33)
2020-04-07 20:51:10.084 1916-2091/? I/GnssLocationProvider: WakeLock acquired by sendMessage(REPORT_SV_STATUS, 0, com.android.server.location.GnssLocationProvider$SvStatusInfo@39672f0)
2020-04-07 20:51:10.084 1916-1929/? I/GnssLocationProvider: WakeLock released by handleMessage(REPORT_SV_STATUS, 0, com.android.server.location.GnssLocationProvider$SvStatusInfo@39672f0)
2020-04-07 20:51:11.084 1916-2091/? I/GnssLocationProvider: WakeLock acquired by sendMessage(REPORT_SV_STATUS, 0, com.android.server.location.GnssLocationProvider$SvStatusInfo@3b44069)
2020-04-07 20:51:11.084 1916-1929/? I/GnssLocationProvider: WakeLock released by handleMessage(REPORT_SV_STATUS, 0, com.android.server.location.GnssLocationProvider$SvStatusInfo@3b44069)
2020-04-07 20:51:12.084 1916-2091/? I/GnssLocationProvider: WakeLock acquired by sendMessage(REPORT_SV_STATUS, 0, com.android.server.location.GnssLocationProvider$SvStatusInfo@9959aee)
2020-04-07 20:51:12.085 1916-1929/? I/GnssLocationProvider: WakeLock released by handleMessage(REPORT_SV_STATUS, 0, com.android.server.location.GnssLocationProvider$SvStatusInfo@9959aee)
2020-04-07 20:51:13.084 1916-2091/? I/GnssLocationProvider: WakeLock acquired by sendMessage(REPORT_SV_STATUS, 0, com.android.server.location.GnssLocationProvider$SvStatusInfo@bfbab8f)
2020-04-07 20:51:13.084 1916-1929/? I/GnssLocationProvider: WakeLock released by handleMessage(REPORT_SV_STATUS, 0, com.android.server.location.GnssLocationProvider$SvStatusInfo@bfbab8f)
2020-04-07 20:51:14.084 1916-2091/? I/GnssLocationProvider: WakeLock acquired by sendMessage(REPORT_SV_STATUS, 0, com.android.server.location.GnssLocationProvider$SvStatusInfo@807ce1c)
2020-04-07 20:51:14.084 1916-1929/? I/GnssLocationProvider: WakeLock released by handleMessage(REPORT_SV_STATUS, 0, com.android.server.location.GnssLocationProvider$SvStatusInfo@807ce1c)
2020-04-07 20:51:15.084 1916-2091/? I/GnssLocationProvider: WakeLock acquired by sendMessage(REPORT_SV_STATUS, 0, com.android.server.location.GnssLocationProvider$SvStatusInfo@1c77a25)
2020-04-07 20:51:15.085 1916-1929/? I/GnssLocationProvider: WakeLock released by handleMessage(REPORT_SV_STATUS, 0, com.android.server.location.GnssLocationProvider$SvStatusInfo@1c77a25)
2020-04-07 20:51:16.084 1916-2091/? I/GnssLocationProvider: WakeLock acquired by sendMessage(REPORT_SV_STATUS, 0, com.android.server.location.GnssLocationProvider$SvStatusInfo@6c477fa)
2020-04-07 20:51:16.085 1916-1929/? I/GnssLocationProvider: WakeLock released by handleMessage(REPORT_SV_STATUS, 0, com.android.server.location.GnssLocationProvider$SvStatusInfo@6c477fa)
2020-04-07 20:51:17.084 1916-2091/? I/GnssLocationProvider: WakeLock acquired by sendMessage(REPORT_SV_STATUS, 0, com.android.server.location.GnssLocationProvider$SvStatusInfo@39171ab)
2020-04-07 20:51:17.084 1916-1929/? I/GnssLocationProvider: WakeLock released by handleMessage(REPORT_SV_STATUS, 0, com.android.server.location.GnssLocationProvider$SvStatusInfo@39171ab)
2020-04-07 20:51:18.084 1916-2091/? I/GnssLocationProvider: WakeLock acquired by sendMessage(REPORT_SV_STATUS, 0, com.android.server.location.GnssLocationProvider$SvStatusInfo@ad1b008)
2020-04-07 20:51:18.084 1916-1929/? I/GnssLocationProvider: WakeLock released by handleMessage(REPORT_SV_STATUS, 0, com.android.server.location.GnssLocationProvider$SvStatusInfo@ad1b008)
2020-04-07 20:51:18.265 8020-8020/com.example.myapplication D/button: print test 2
2020-04-07 20:51:18.266 8020-8020/com.example.myapplication D/button: connect button pressed
2020-04-07 20:51:18.275 1843-3885/? W/audio_hw_generic: Not supplying enough data to HAL, expected position 9545290 , only wrote 9545040
2020-04-07 20:51:18.392 8020-8094/com.example.myapplication D/connect:  LINE: SUBMITNAME
2020-04-07 20:51:18.397 8020-8094/com.example.myapplication D/connect:  LINE: NAMEACCEPTED
2020-04-07 20:51:19.084 1916-2091/? I/GnssLocationProvider: WakeLock acquired by sendMessage(REPORT_SV_STATUS, 0, com.android.server.location.GnssLocationProvider$SvStatusInfo@d1a93a1)
2020-04-07 20:51:19.084 1916-1929/? I/GnssLocationProvider: WakeLock released by handleMessage(REPORT_SV_STATUS, 0, com.android.server.location.GnssLocationProvider$SvStatusInfo@d1a93a1)
2020-04-07 20:51:20.084 1916-2091/? I/GnssLocationProvider: WakeLock acquired by sendMessage(REPORT_SV_STATUS, 0, com.android.server.location.GnssLocationProvider$SvStatusInfo@cd219c6)
2020-04-07 20:51:20.085 1916-1929/? I/GnssLocationProvider: WakeLock released by handleMessage(REPORT_SV_STATUS, 0, com.android.server.location.GnssLocationProvider$SvStatusInfo@cd219c6)
2020-04-07 20:51:21.084 1916-2091/? I/GnssLocationProvider: WakeLock acquired by sendMessage(REPORT_SV_STATUS, 0, com.android.server.location.GnssLocationProvider$SvStatusInfo@e737d87)
2020-04-07 20:51:21.085 1916-1929/? I/GnssLocationProvider: WakeLock released by handleMessage(REPORT_SV_STATUS, 0, com.android.server.location.GnssLocationProvider$SvStatusInfo@e737d87)
2020-04-07 20:51:21.486 1843-1843/? W/audio_hw_generic: Not supplying enough data to HAL, expected position 9851406 , only wrote 9699120
2020-04-07 20:51:21.505 8020-8094/com.example.myapplication D/ec: eeee
2020-04-07 20:51:21.552 8020-8094/com.example.myapplication D/ec: *************** ROUND 1 ***************
2020-04-07 20:51:21.552 8020-8094/com.example.myapplication I/System.out: true
2020-04-07 20:51:21.631 8020-8029/com.example.myapplication W/System: A resource failed to call close. 
2020-04-07 20:51:21.679 8020-8094/com.example.myapplication I/System.out: true
2020-04-07 20:51:21.878 8020-8094/com.example.myapplication I/chatty: uid=10086(com.example.myapplication) AsyncTask #4 identical 2 lines
2020-04-07 20:51:21.973 8020-8094/com.example.myapplication I/System.out: true
2020-04-07 20:51:22.023 8020-8094/com.example.myapplication D/ec: ********** SEND ROUND 1 DATA **********
2020-04-07 20:51:22.038 8020-8094/com.example.myapplication I/System.out: Ggg
2020-04-07 20:51:22.085 1916-2091/? I/GnssLocationProvider: WakeLock acquired by sendMessage(REPORT_SV_STATUS, 0, com.android.server.location.GnssLocationProvider$SvStatusInfo@4d5c4b4)
2020-04-07 20:51:22.085 1916-1929/? I/GnssLocationProvider: WakeLock released by handleMessage(REPORT_SV_STATUS, 0, com.android.server.location.GnssLocationProvider$SvStatusInfo@4d5c4b4)
2020-04-07 20:51:22.166 1808-1808/? E/netmgr: Failed to open QEMU pipe 'qemud:network': Invalid argument
2020-04-07 20:51:22.166 1808-1808/? E/netmgr: WifiForwarder unable to open QEMU pipe: Invalid argument
2020-04-07 20:51:22.187 8020-8094/com.example.myapplication D/ec: ************ VERIFY ROUND 1 ***********
2020-04-07 20:51:22.240 8020-8094/com.example.myapplication D/ec: ALL GOOD
2020-04-07 20:51:22.574 8020-8094/com.example.myapplication I/chatty: uid=10086(com.example.myapplication) AsyncTask #4 identical 2 lines
2020-04-07 20:51:22.736 8020-8094/com.example.myapplication D/ec: ALL GOOD
2020-04-07 20:51:23.051 8020-8094/com.example.myapplication D/ec: *************** ROUND 2 ***************
2020-04-07 20:51:23.085 1916-2091/? I/GnssLocationProvider: WakeLock acquired by sendMessage(REPORT_SV_STATUS, 0, com.android.server.location.GnssLocationProvider$SvStatusInfo@82bc8dd)
2020-04-07 20:51:23.086 1916-1929/? I/GnssLocationProvider: WakeLock released by handleMessage(REPORT_SV_STATUS, 0, com.android.server.location.GnssLocationProvider$SvStatusInfo@82bc8dd)
2020-04-07 20:51:23.179 8020-8094/com.example.myapplication D/ec: ALL GOOD
2020-04-07 20:51:23.400 8020-8094/com.example.myapplication I/chatty: uid=10086(com.example.myapplication) AsyncTask #4 identical 2 lines
2020-04-07 20:51:23.507 8020-8094/com.example.myapplication D/ec: ALL GOOD
2020-04-07 20:51:23.732 8020-8094/com.example.myapplication D/ec: ************ VERIFY ROUND 2 ***********
2020-04-07 20:51:23.797 8020-8094/com.example.myapplication D/ec: ALL GOOD
2020-04-07 20:51:23.905 8020-8094/com.example.myapplication I/chatty: uid=10086(com.example.myapplication) AsyncTask #4 identical 2 lines
2020-04-07 20:51:23.962 8020-8094/com.example.myapplication D/ec: ALL GOOD
2020-04-07 20:51:24.085 1916-2091/? I/GnssLocationProvider: WakeLock acquired by sendMessage(REPORT_SV_STATUS, 0, com.android.server.location.GnssLocationProvider$SvStatusInfo@9c60c52)
2020-04-07 20:51:24.086 1916-1929/? I/GnssLocationProvider: WakeLock released by handleMessage(REPORT_SV_STATUS, 0, com.android.server.location.GnssLocationProvider$SvStatusInfo@9c60c52)
2020-04-07 20:51:24.272 8020-8094/com.example.myapplication D/ec: *************** ROUND 3 ***************
2020-04-07 20:51:24.930 8020-8094/com.example.myapplication D/ec: *************** ROUND 4 ***************
2020-04-07 20:51:25.038 8020-8094/com.example.myapplication D/ec: ALL GOOD
2020-04-07 20:51:25.038 8020-8094/com.example.myapplication I/System.out: 49859390249940079249576393693320578781570358796642099887151525972929267058154
2020-04-07 20:51:25.039 8020-8094/com.example.myapplication I/System.out: 49859390249940079249576393693320578781570358796642099887151525972929267058154
2020-04-07 20:51:25.085 1916-2091/? I/GnssLocationProvider: WakeLock acquired by sendMessage(REPORT_SV_STATUS, 0, com.android.server.location.GnssLocationProvider$SvStatusInfo@a806b23)
2020-04-07 20:51:25.086 1916-1929/? I/GnssLocationProvider: WakeLock released by handleMessage(REPORT_SV_STATUS, 0, com.android.server.location.GnssLocationProvider$SvStatusInfo@a806b23)
2020-04-07 20:51:25.148 8020-8094/com.example.myapplication D/ec: ALL GOOD
2020-04-07 20:51:25.148 8020-8094/com.example.myapplication I/System.out: 14265705026847400267818359976253228886302864078983271624353760095922483871267
2020-04-07 20:51:25.149 8020-8094/com.example.myapplication I/System.out: 14265705026847400267818359976253228886302864078983271624353760095922483871267
2020-04-07 20:51:25.255 8020-8094/com.example.myapplication D/ec: ALL GOOD
2020-04-07 20:51:25.256 8020-8094/com.example.myapplication I/System.out: -27558520577818561033807878867969765235175638648133136060529484097352307656825
2020-04-07 20:51:25.256 8020-8094/com.example.myapplication I/System.out: -27558520577818561033807878867969765235175638648133136060529484097352307656825
2020-04-07 20:51:25.356 8020-8094/com.example.myapplication D/ec: ALL GOOD
2020-04-07 20:51:25.357 8020-8094/com.example.myapplication I/System.out: 24540671627565730851290754039401920196430126848989319038863738795866356859082
2020-04-07 20:51:25.357 8020-8094/com.example.myapplication I/System.out: 24540671627565730851290754039401920196430126848989319038863738795866356859082
2020-04-07 20:51:25.451 8020-8094/com.example.myapplication D/ec: *********** KEY COMPUTATION ***********
2020-04-07 20:51:25.480 8020-8094/com.example.myapplication I/System.out: Latency of Each Round JPAKEPairing+
2020-04-07 20:51:25.480 8020-8094/com.example.myapplication D/EC_LATENCY: 1) Latency of computing round 1 per participant (ms):471
2020-04-07 20:51:25.480 8020-8094/com.example.myapplication D/EC_LATENCY: 2) Latency of verifying data in round 1 per participant (ms):654
2020-04-07 20:51:25.480 8020-8094/com.example.myapplication D/EC_LATENCY: 3) Latency of computing round 2 per participant (ms):456
2020-04-07 20:51:25.480 8020-8094/com.example.myapplication D/EC_LATENCY: 4) Latency of verifying round 2 per participant (ms):230
2020-04-07 20:51:25.481 8020-8094/com.example.myapplication D/EC_LATENCY: 5) Latency of computing round 3 per participant (ms):363
2020-04-07 20:51:25.481 8020-8094/com.example.myapplication D/EC_LATENCY: 6) Latency of verifying round 3 for participant (ms):427
2020-04-07 20:51:25.481 8020-8094/com.example.myapplication D/EC_LATENCY: 7) Latency of computing key for participant (ms):29