2020-04-07 20:59:08.823 2458-2458/? I/MicroDetector: Keeping mic open: false
2020-04-07 20:59:08.823 2458-2458/? I/MicroDetectionWorker: #onError(false)
2020-04-07 20:59:08.823 2458-6873/? I/DeviceStateChecker: DeviceStateChecker cancelled
2020-04-07 20:59:09.338 1844-1962/? I/GnssLocationProvider: WakeLock acquired by sendMessage(REPORT_SV_STATUS, 0, com.android.server.location.GnssLocationProvider$SvStatusInfo@bf31320)
2020-04-07 20:59:09.339 1844-1866/? I/GnssLocationProvider: WakeLock released by handleMessage(REPORT_SV_STATUS, 0, com.android.server.location.GnssLocationProvider$SvStatusInfo@bf31320)
2020-04-07 20:59:10.339 1844-1962/? I/GnssLocationProvider: WakeLock acquired by sendMessage(REPORT_SV_STATUS, 0, com.android.server.location.GnssLocationProvider$SvStatusInfo@11314d9)
2020-04-07 20:59:10.339 1844-1866/? I/GnssLocationProvider: WakeLock released by handleMessage(REPORT_SV_STATUS, 0, com.android.server.location.GnssLocationProvider$SvStatusInfo@11314d9)
2020-04-07 20:59:11.338 1844-1962/? I/GnssLocationProvider: WakeLock acquired by sendMessage(REPORT_SV_STATUS, 0, com.android.server.location.GnssLocationProvider$SvStatusInfo@e502e9e)
2020-04-07 20:59:11.339 1844-1866/? I/GnssLocationProvider: WakeLock released by handleMessage(REPORT_SV_STATUS, 0, com.android.server.location.GnssLocationProvider$SvStatusInfo@e502e9e)
2020-04-07 20:59:12.338 1844-1962/? I/GnssLocationProvider: WakeLock acquired by sendMessage(REPORT_SV_STATUS, 0, com.android.server.location.GnssLocationProvider$SvStatusInfo@28c2d7f)
2020-04-07 20:59:12.339 1844-1866/? I/GnssLocationProvider: WakeLock released by handleMessage(REPORT_SV_STATUS, 0, com.android.server.location.GnssLocationProvider$SvStatusInfo@28c2d7f)
2020-04-07 20:59:13.339 1844-1962/? I/GnssLocationProvider: WakeLock acquired by sendMessage(REPORT_SV_STATUS, 0, com.android.server.location.GnssLocationProvider$SvStatusInfo@ac6414c)
2020-04-07 20:59:13.340 1844-1866/? I/GnssLocationProvider: WakeLock released by handleMessage(REPORT_SV_STATUS, 0, com.android.server.location.GnssLocationProvider$SvStatusInfo@ac6414c)
2020-04-07 20:59:13.830 2458-2458/? I/MicroDetectionWorker: #startMicroDetector [speakerMode: 0]
2020-04-07 20:59:13.831 2458-2458/? I/AudioController: Using mInputStreamFactoryBuilder
2020-04-07 20:59:13.831 2458-2458/? I/AudioController: Created new AudioSource
2020-04-07 20:59:13.831 2458-2458/? I/MicroDetectionWorker: onReady
2020-04-07 20:59:13.840 2458-6873/? I/MicroRecognitionRunner: Starting detection.
2020-04-07 20:59:13.840 2458-6871/? I/MicrophoneInputStream: mic_starting  SR : 16000 CC : 16 SO : 6
2020-04-07 20:59:13.841 1617-1671/? E/AudioPolicyIntefaceImpl: getInputForAttr permission denied: recording not allowed for uid 10041 pid 2458
2020-04-07 20:59:13.841 1617-1671/? E/AudioFlinger: createRecord() checkRecordThread_l failed
2020-04-07 20:59:13.841 2458-6871/? E/IAudioFlinger: createRecord returned error -22
2020-04-07 20:59:13.841 2458-6871/? E/AudioRecord: AudioFlinger could not create record track, status: -22
2020-04-07 20:59:13.841 2458-6871/? E/AudioRecord-JNI: Error creating AudioRecord instance: initialization check failed with status -22.
2020-04-07 20:59:13.842 2458-6871/? E/android.media.AudioRecord: Error code -20 when initializing native AudioRecord object.
2020-04-07 20:59:13.842 2458-6871/? I/MicrophoneInputStream: mic_started  SR : 16000 CC : 16 SO : 6
2020-04-07 20:59:13.843 2458-2458/? I/MicroDetectionWorker: onReady
2020-04-07 20:59:13.845 2458-6871/? I/MicrophoneInputStream: mic_close  SR : 16000 CC : 16 SO : 6
2020-04-07 20:59:13.846 2458-6873/? I/MicroRecognitionRunner: Detection finished
2020-04-07 20:59:13.846 2458-6873/? W/ErrorReporter: reportError [type: 211, code: 524300]: Error reading from input stream
2020-04-07 20:59:13.847 2458-6873/? W/ErrorProcessor: onFatalError, processing error from engine(4)
2020-04-07 20:59:13.847 2458-6873/? I/AudioController: internalShutdown
2020-04-07 20:59:13.847 2458-2988/? I/MicroRecognitionRunner: Stopping hotword detection.
2020-04-07 20:59:13.848 2458-2458/? I/MicroDetector: Keeping mic open: false
2020-04-07 20:59:13.848 2458-6885/? I/DeviceStateChecker: DeviceStateChecker cancelled
2020-04-07 20:59:13.848 2458-2458/? I/MicroDetectionWorker: #onError(false)
2020-04-07 20:59:14.339 1844-1962/? I/GnssLocationProvider: WakeLock acquired by sendMessage(REPORT_SV_STATUS, 0, com.android.server.location.GnssLocationProvider$SvStatusInfo@b172595)
2020-04-07 20:59:14.340 1844-1866/? I/GnssLocationProvider: WakeLock released by handleMessage(REPORT_SV_STATUS, 0, com.android.server.location.GnssLocationProvider$SvStatusInfo@b172595)
2020-04-07 20:59:15.341 1844-1962/? I/GnssLocationProvider: WakeLock acquired by sendMessage(REPORT_SV_STATUS, 0, com.android.server.location.GnssLocationProvider$SvStatusInfo@c8c96aa)
2020-04-07 20:59:15.342 1844-1866/? I/GnssLocationProvider: WakeLock released by handleMessage(REPORT_SV_STATUS, 0, com.android.server.location.GnssLocationProvider$SvStatusInfo@c8c96aa)
2020-04-07 20:59:16.339 1844-1962/? I/GnssLocationProvider: WakeLock acquired by sendMessage(REPORT_SV_STATUS, 0, com.android.server.location.GnssLocationProvider$SvStatusInfo@f40229b)
2020-04-07 20:59:16.340 1844-1866/? I/GnssLocationProvider: WakeLock released by handleMessage(REPORT_SV_STATUS, 0, com.android.server.location.GnssLocationProvider$SvStatusInfo@f40229b)
2020-04-07 20:59:17.340 1844-1962/? I/GnssLocationProvider: WakeLock acquired by sendMessage(REPORT_SV_STATUS, 0, com.android.server.location.GnssLocationProvider$SvStatusInfo@7bc2638)
2020-04-07 20:59:17.340 1844-1866/? I/GnssLocationProvider: WakeLock released by handleMessage(REPORT_SV_STATUS, 0, com.android.server.location.GnssLocationProvider$SvStatusInfo@7bc2638)
2020-04-07 20:59:18.340 1844-1962/? I/GnssLocationProvider: WakeLock acquired by sendMessage(REPORT_SV_STATUS, 0, com.android.server.location.GnssLocationProvider$SvStatusInfo@6118611)
2020-04-07 20:59:18.341 1844-1866/? I/GnssLocationProvider: WakeLock released by handleMessage(REPORT_SV_STATUS, 0, com.android.server.location.GnssLocationProvider$SvStatusInfo@6118611)
2020-04-07 20:59:18.856 2458-2458/? I/MicroDetectionWorker: #startMicroDetector [speakerMode: 0]
2020-04-07 20:59:18.856 2458-2458/? I/AudioController: Using mInputStreamFactoryBuilder
2020-04-07 20:59:18.856 2458-2458/? I/AudioController: Created new AudioSource
2020-04-07 20:59:18.857 2458-2458/? I/MicroDetectionWorker: onReady
2020-04-07 20:59:18.864 2458-6873/? I/MicroRecognitionRunner: Starting detection.
2020-04-07 20:59:18.865 2458-6871/? I/MicrophoneInputStream: mic_starting  SR : 16000 CC : 16 SO : 6
2020-04-07 20:59:18.866 1617-1671/? E/AudioPolicyIntefaceImpl: getInputForAttr permission denied: recording not allowed for uid 10041 pid 2458
2020-04-07 20:59:18.866 1617-1671/? E/AudioFlinger: createRecord() checkRecordThread_l failed
2020-04-07 20:59:18.866 2458-6871/? E/IAudioFlinger: createRecord returned error -22
2020-04-07 20:59:18.866 2458-6871/? E/AudioRecord: AudioFlinger could not create record track, status: -22
2020-04-07 20:59:18.866 2458-6871/? E/AudioRecord-JNI: Error creating AudioRecord instance: initialization check failed with status -22.
2020-04-07 20:59:18.866 2458-6871/? E/android.media.AudioRecord: Error code -20 when initializing native AudioRecord object.
2020-04-07 20:59:18.867 2458-6871/? I/MicrophoneInputStream: mic_started  SR : 16000 CC : 16 SO : 6
2020-04-07 20:59:18.867 2458-2458/? I/MicroDetectionWorker: onReady
2020-04-07 20:59:18.870 2458-6871/? I/MicrophoneInputStream: mic_close  SR : 16000 CC : 16 SO : 6
2020-04-07 20:59:18.871 2458-6873/? I/MicroRecognitionRunner: Detection finished
2020-04-07 20:59:18.871 2458-6873/? W/ErrorReporter: reportError [type: 211, code: 524300]: Error reading from input stream
2020-04-07 20:59:18.872 2458-2988/? I/MicroRecognitionRunner: Stopping hotword detection.
2020-04-07 20:59:18.872 2458-6873/? W/ErrorProcessor: onFatalError, processing error from engine(4)
2020-04-07 20:59:18.874 2458-6873/? I/AudioController: internalShutdown
2020-04-07 20:59:18.877 2458-2458/? I/MicroDetector: Keeping mic open: false
2020-04-07 20:59:18.877 2458-6885/? I/DeviceStateChecker: DeviceStateChecker cancelled
2020-04-07 20:59:18.877 2458-2458/? I/MicroDetectionWorker: #onError(false)
2020-04-07 20:59:19.340 1844-1962/? I/GnssLocationProvider: WakeLock acquired by sendMessage(REPORT_SV_STATUS, 0, com.android.server.location.GnssLocationProvider$SvStatusInfo@e757376)
2020-04-07 20:59:19.341 1844-1866/? I/GnssLocationProvider: WakeLock released by handleMessage(REPORT_SV_STATUS, 0, com.android.server.location.GnssLocationProvider$SvStatusInfo@e757376)
2020-04-07 20:59:20.340 1844-1962/? I/GnssLocationProvider: WakeLock acquired by sendMessage(REPORT_SV_STATUS, 0, com.android.server.location.GnssLocationProvider$SvStatusInfo@4744d77)
2020-04-07 20:59:20.341 1844-1866/? I/GnssLocationProvider: WakeLock released by handleMessage(REPORT_SV_STATUS, 0, com.android.server.location.GnssLocationProvider$SvStatusInfo@4744d77)
2020-04-07 20:59:13.842 2458-6871/? I/chatty: uid=10041(com.google.android.googlequicksearchbox) UserFacing46 identical 1 line
2020-04-07 20:59:18.867 2458-6871/? E/ActivityThread: Failed to find provider info for com.google.android.apps.gsa.testing.ui.audio.recorded
2020-04-07 20:59:20.436 1844-1871/? E/BatteryExternalStatsWorker: no controller energy info supplied for wifi
2020-04-07 20:59:21.340 1844-1962/? I/GnssLocationProvider: WakeLock acquired by sendMessage(REPORT_SV_STATUS, 0, com.android.server.location.GnssLocationProvider$SvStatusInfo@6296de4)
2020-04-07 20:59:21.341 1844-1866/? I/GnssLocationProvider: WakeLock released by handleMessage(REPORT_SV_STATUS, 0, com.android.server.location.GnssLocationProvider$SvStatusInfo@6296de4)
2020-04-07 20:59:22.343 1844-1962/? I/GnssLocationProvider: WakeLock acquired by sendMessage(REPORT_SV_STATUS, 0, com.android.server.location.GnssLocationProvider$SvStatusInfo@177724d)
2020-04-07 20:59:22.348 1844-1866/? I/GnssLocationProvider: WakeLock released by handleMessage(REPORT_SV_STATUS, 0, com.android.server.location.GnssLocationProvider$SvStatusInfo@177724d)
2020-04-07 20:59:23.340 1844-1962/? I/GnssLocationProvider: WakeLock acquired by sendMessage(REPORT_SV_STATUS, 0, com.android.server.location.GnssLocationProvider$SvStatusInfo@93d5102)
2020-04-07 20:59:23.341 1844-1866/? I/GnssLocationProvider: WakeLock released by handleMessage(REPORT_SV_STATUS, 0, com.android.server.location.GnssLocationProvider$SvStatusInfo@93d5102)
2020-04-07 20:59:23.885 2458-2458/? I/MicroDetectionWorker: #startMicroDetector [speakerMode: 0]
2020-04-07 20:59:23.885 2458-2458/? I/AudioController: Using mInputStreamFactoryBuilder
2020-04-07 20:59:23.885 2458-2458/? I/AudioController: Created new AudioSource
2020-04-07 20:59:23.886 2458-2458/? I/MicroDetectionWorker: onReady
2020-04-07 20:59:23.899 2458-6873/? I/MicroRecognitionRunner: Starting detection.
2020-04-07 20:59:23.900 2458-6871/? I/MicrophoneInputStream: mic_starting  SR : 16000 CC : 16 SO : 6
2020-04-07 20:59:23.902 1617-1671/? E/AudioPolicyIntefaceImpl: getInputForAttr permission denied: recording not allowed for uid 10041 pid 2458
2020-04-07 20:59:23.902 1617-1671/? E/AudioFlinger: createRecord() checkRecordThread_l failed
2020-04-07 20:59:23.902 2458-6871/? E/IAudioFlinger: createRecord returned error -22
2020-04-07 20:59:23.902 2458-6871/? E/AudioRecord: AudioFlinger could not create record track, status: -22
2020-04-07 20:59:23.902 2458-6871/? E/AudioRecord-JNI: Error creating AudioRecord instance: initialization check failed with status -22.
2020-04-07 20:59:23.904 2458-6871/? E/android.media.AudioRecord: Error code -20 when initializing native AudioRecord object.
2020-04-07 20:59:23.904 2458-6871/? I/MicrophoneInputStream: mic_started  SR : 16000 CC : 16 SO : 6
2020-04-07 20:59:23.904 2458-6871/? E/ActivityThread: Failed to find provider info for com.google.android.apps.gsa.testing.ui.audio.recorded
2020-04-07 20:59:23.904 2458-2458/? I/MicroDetectionWorker: onReady
2020-04-07 20:59:23.906 2458-6871/? I/MicrophoneInputStream: mic_close  SR : 16000 CC : 16 SO : 6
2020-04-07 20:59:23.907 2458-6873/? I/MicroRecognitionRunner: Detection finished
2020-04-07 20:59:23.907 2458-6873/? W/ErrorReporter: reportError [type: 211, code: 524300]: Error reading from input stream
2020-04-07 20:59:23.908 2458-6873/? W/ErrorProcessor: onFatalError, processing error from engine(4)
2020-04-07 20:59:23.908 2458-6873/? I/AudioController: internalShutdown
2020-04-07 20:59:23.908 2458-2988/? I/MicroRecognitionRunner: Stopping hotword detection.
2020-04-07 20:59:23.912 2458-2458/? I/MicroDetector: Keeping mic open: false
2020-04-07 20:59:23.912 2458-2458/? I/MicroDetectionWorker: #onError(false)
2020-04-07 20:59:23.912 2458-6885/? I/DeviceStateChecker: DeviceStateChecker cancelled
2020-04-07 20:59:24.340 1844-1962/? I/GnssLocationProvider: WakeLock acquired by sendMessage(REPORT_SV_STATUS, 0, com.android.server.location.GnssLocationProvider$SvStatusInfo@7564a13)
2020-04-07 20:59:24.340 1844-1866/? I/GnssLocationProvider: WakeLock released by handleMessage(REPORT_SV_STATUS, 0, com.android.server.location.GnssLocationProvider$SvStatusInfo@7564a13)
2020-04-07 20:59:25.340 1844-1962/? I/GnssLocationProvider: WakeLock acquired by sendMessage(REPORT_SV_STATUS, 0, com.android.server.location.GnssLocationProvider$SvStatusInfo@8018450)
2020-04-07 20:59:25.341 1844-1866/? I/GnssLocationProvider: WakeLock released by handleMessage(REPORT_SV_STATUS, 0, com.android.server.location.GnssLocationProvider$SvStatusInfo@8018450)
2020-04-07 20:59:26.340 1844-1962/? I/GnssLocationProvider: WakeLock acquired by sendMessage(REPORT_SV_STATUS, 0, com.android.server.location.GnssLocationProvider$SvStatusInfo@4d5e649)
2020-04-07 20:59:26.341 1844-1866/? I/GnssLocationProvider: WakeLock released by handleMessage(REPORT_SV_STATUS, 0, com.android.server.location.GnssLocationProvider$SvStatusInfo@4d5e649)
2020-04-07 20:59:27.341 1844-1962/? I/GnssLocationProvider: WakeLock acquired by sendMessage(REPORT_SV_STATUS, 0, com.android.server.location.GnssLocationProvider$SvStatusInfo@b37b4e)
2020-04-07 20:59:27.341 1844-1866/? I/GnssLocationProvider: WakeLock released by handleMessage(REPORT_SV_STATUS, 0, com.android.server.location.GnssLocationProvider$SvStatusInfo@b37b4e)
2020-04-07 20:59:28.340 1844-1962/? I/GnssLocationProvider: WakeLock acquired by sendMessage(REPORT_SV_STATUS, 0, com.android.server.location.GnssLocationProvider$SvStatusInfo@851746f)
2020-04-07 20:59:28.341 1844-1866/? I/GnssLocationProvider: WakeLock released by handleMessage(REPORT_SV_STATUS, 0, com.android.server.location.GnssLocationProvider$SvStatusInfo@851746f)
2020-04-07 20:59:28.921 2458-2458/? I/MicroDetectionWorker: #startMicroDetector [speakerMode: 0]
2020-04-07 20:59:28.921 2458-2458/? I/AudioController: Using mInputStreamFactoryBuilder
2020-04-07 20:59:28.921 2458-2458/? I/AudioController: Created new AudioSource
2020-04-07 20:59:28.922 2458-2458/? I/MicroDetectionWorker: onReady
2020-04-07 20:59:28.931 2458-6873/? I/MicroRecognitionRunner: Starting detection.
2020-04-07 20:59:28.931 2458-6871/? I/MicrophoneInputStream: mic_starting  SR : 16000 CC : 16 SO : 6
2020-04-07 20:59:28.932 1617-1671/? E/AudioPolicyIntefaceImpl: getInputForAttr permission denied: recording not allowed for uid 10041 pid 2458
2020-04-07 20:59:28.932 1617-1671/? E/AudioFlinger: createRecord() checkRecordThread_l failed
2020-04-07 20:59:28.932 2458-6871/? E/IAudioFlinger: createRecord returned error -22
2020-04-07 20:59:28.932 2458-6871/? E/AudioRecord: AudioFlinger could not create record track, status: -22
2020-04-07 20:59:28.933 2458-6871/? E/AudioRecord-JNI: Error creating AudioRecord instance: initialization check failed with status -22.
2020-04-07 20:59:28.933 2458-6871/? E/android.media.AudioRecord: Error code -20 when initializing native AudioRecord object.
2020-04-07 20:59:28.933 2458-6871/? I/MicrophoneInputStream: mic_started  SR : 16000 CC : 16 SO : 6
2020-04-07 20:59:28.934 2458-2458/? I/MicroDetectionWorker: onReady
2020-04-07 20:59:28.936 2458-6871/? I/MicrophoneInputStream: mic_close  SR : 16000 CC : 16 SO : 6
2020-04-07 20:59:28.938 2458-6873/? I/MicroRecognitionRunner: Detection finished
2020-04-07 20:59:28.938 2458-6873/? W/ErrorReporter: reportError [type: 211, code: 524300]: Error reading from input stream
2020-04-07 20:59:28.939 2458-2988/? I/MicroRecognitionRunner: Stopping hotword detection.
2020-04-07 20:59:28.940 2458-6873/? W/ErrorProcessor: onFatalError, processing error from engine(4)
2020-04-07 20:59:28.940 2458-6873/? I/AudioController: internalShutdown
2020-04-07 20:59:28.943 2458-2458/? I/MicroDetector: Keeping mic open: false
2020-04-07 20:59:28.943 2458-6885/? I/DeviceStateChecker: DeviceStateChecker cancelled
2020-04-07 20:59:28.943 2458-2458/? I/MicroDetectionWorker: #onError(false)
2020-04-07 20:59:29.340 1844-1962/? I/GnssLocationProvider: WakeLock acquired by sendMessage(REPORT_SV_STATUS, 0, com.android.server.location.GnssLocationProvider$SvStatusInfo@902957c)
2020-04-07 20:59:29.341 1844-1866/? I/GnssLocationProvider: WakeLock released by handleMessage(REPORT_SV_STATUS, 0, com.android.server.location.GnssLocationProvider$SvStatusInfo@902957c)
2020-04-07 20:59:30.340 1844-1962/? I/GnssLocationProvider: WakeLock acquired by sendMessage(REPORT_SV_STATUS, 0, com.android.server.location.GnssLocationProvider$SvStatusInfo@98d9e05)
2020-04-07 20:59:30.341 1844-1866/? I/GnssLocationProvider: WakeLock released by handleMessage(REPORT_SV_STATUS, 0, com.android.server.location.GnssLocationProvider$SvStatusInfo@98d9e05)
2020-04-07 20:59:31.340 1844-1962/? I/GnssLocationProvider: WakeLock acquired by sendMessage(REPORT_SV_STATUS, 0, com.android.server.location.GnssLocationProvider$SvStatusInfo@44ffe5a)
2020-04-07 20:59:31.341 1844-1866/? I/GnssLocationProvider: WakeLock released by handleMessage(REPORT_SV_STATUS, 0, com.android.server.location.GnssLocationProvider$SvStatusInfo@44ffe5a)
2020-04-07 20:59:32.341 1844-1962/? I/GnssLocationProvider: WakeLock acquired by sendMessage(REPORT_SV_STATUS, 0, com.android.server.location.GnssLocationProvider$SvStatusInfo@92ae88b)
2020-04-07 20:59:32.342 1844-1866/? I/GnssLocationProvider: WakeLock released by handleMessage(REPORT_SV_STATUS, 0, com.android.server.location.GnssLocationProvider$SvStatusInfo@92ae88b)
2020-04-07 20:59:33.342 1844-1962/? I/GnssLocationProvider: WakeLock acquired by sendMessage(REPORT_SV_STATUS, 0, com.android.server.location.GnssLocationProvider$SvStatusInfo@a18d68)
2020-04-07 20:59:33.344 1844-1866/? I/GnssLocationProvider: WakeLock released by handleMessage(REPORT_SV_STATUS, 0, com.android.server.location.GnssLocationProvider$SvStatusInfo@a18d68)
2020-04-07 20:59:33.951 2458-2458/? I/MicroDetectionWorker: #startMicroDetector [speakerMode: 0]
2020-04-07 20:59:33.952 2458-2458/? I/AudioController: Using mInputStreamFactoryBuilder
2020-04-07 20:59:33.952 2458-2458/? I/AudioController: Created new AudioSource
2020-04-07 20:59:33.952 2458-2458/? I/MicroDetectionWorker: onReady
2020-04-07 20:59:33.963 2458-6873/? I/MicroRecognitionRunner: Starting detection.
2020-04-07 20:59:33.964 2458-6871/? I/MicrophoneInputStream: mic_starting  SR : 16000 CC : 16 SO : 6
2020-04-07 20:59:33.965 1617-1671/? E/AudioPolicyIntefaceImpl: getInputForAttr permission denied: recording not allowed for uid 10041 pid 2458
2020-04-07 20:59:33.965 1617-1671/? E/AudioFlinger: createRecord() checkRecordThread_l failed
2020-04-07 20:59:33.965 2458-6871/? E/IAudioFlinger: createRecord returned error -22
2020-04-07 20:59:33.965 2458-6871/? E/AudioRecord: AudioFlinger could not create record track, status: -22
2020-04-07 20:59:33.966 2458-6871/? E/AudioRecord-JNI: Error creating AudioRecord instance: initialization check failed with status -22.
2020-04-07 20:59:33.966 2458-6871/? E/android.media.AudioRecord: Error code -20 when initializing native AudioRecord object.
2020-04-07 20:59:33.967 2458-6871/? I/MicrophoneInputStream: mic_started  SR : 16000 CC : 16 SO : 6
2020-04-07 20:59:33.968 2458-2458/? I/MicroDetectionWorker: onReady
2020-04-07 20:59:33.970 2458-6871/? I/MicrophoneInputStream: mic_close  SR : 16000 CC : 16 SO : 6
2020-04-07 20:59:33.972 2458-6873/? I/MicroRecognitionRunner: Detection finished
2020-04-07 20:59:33.972 2458-6873/? W/ErrorReporter: reportError [type: 211, code: 524300]: Error reading from input stream
2020-04-07 20:59:33.974 2458-2988/? I/MicroRecognitionRunner: Stopping hotword detection.
2020-04-07 20:59:33.975 2458-6873/? W/ErrorProcessor: onFatalError, processing error from engine(4)
2020-04-07 20:59:33.975 2458-6873/? I/AudioController: internalShutdown
2020-04-07 20:59:33.979 2458-2458/? I/MicroDetector: Keeping mic open: false
2020-04-07 20:59:33.979 2458-2458/? I/MicroDetectionWorker: #onError(false)
2020-04-07 20:59:33.979 2458-6885/? I/DeviceStateChecker: DeviceStateChecker cancelled
2020-04-07 20:59:34.340 1844-1962/? I/GnssLocationProvider: WakeLock acquired by sendMessage(REPORT_SV_STATUS, 0, com.android.server.location.GnssLocationProvider$SvStatusInfo@44f1581)
2020-04-07 20:59:34.341 1844-1866/? I/GnssLocationProvider: WakeLock released by handleMessage(REPORT_SV_STATUS, 0, com.android.server.location.GnssLocationProvider$SvStatusInfo@44f1581)
2020-04-07 20:59:35.341 1844-1962/? I/GnssLocationProvider: WakeLock acquired by sendMessage(REPORT_SV_STATUS, 0, com.android.server.location.GnssLocationProvider$SvStatusInfo@ffa626)
2020-04-07 20:59:35.341 1844-1866/? I/GnssLocationProvider: WakeLock released by handleMessage(REPORT_SV_STATUS, 0, com.android.server.location.GnssLocationProvider$SvStatusInfo@ffa626)
2020-04-07 20:59:36.341 1844-1962/? I/GnssLocationProvider: WakeLock acquired by sendMessage(REPORT_SV_STATUS, 0, com.android.server.location.GnssLocationProvider$SvStatusInfo@8dd8267)
2020-04-07 20:59:36.342 1844-1866/? I/GnssLocationProvider: WakeLock released by handleMessage(REPORT_SV_STATUS, 0, com.android.server.location.GnssLocationProvider$SvStatusInfo@8dd8267)
2020-04-07 20:59:37.343 1844-1962/? I/GnssLocationProvider: WakeLock acquired by sendMessage(REPORT_SV_STATUS, 0, com.android.server.location.GnssLocationProvider$SvStatusInfo@6b61814)
2020-04-07 20:59:37.344 1844-1866/? I/GnssLocationProvider: WakeLock released by handleMessage(REPORT_SV_STATUS, 0, com.android.server.location.GnssLocationProvider$SvStatusInfo@6b61814)
2020-04-07 20:59:38.340 1844-1962/? I/GnssLocationProvider: WakeLock acquired by sendMessage(REPORT_SV_STATUS, 0, com.android.server.location.GnssLocationProvider$SvStatusInfo@a5688bd)
2020-04-07 20:59:38.341 1844-1866/? I/GnssLocationProvider: WakeLock released by handleMessage(REPORT_SV_STATUS, 0, com.android.server.location.GnssLocationProvider$SvStatusInfo@a5688bd)
2020-04-07 20:59:38.987 2458-2458/? I/MicroDetectionWorker: #startMicroDetector [speakerMode: 0]
2020-04-07 20:59:38.988 2458-2458/? I/AudioController: Using mInputStreamFactoryBuilder
2020-04-07 20:59:38.988 2458-2458/? I/AudioController: Created new AudioSource
2020-04-07 20:59:38.989 2458-2458/? I/MicroDetectionWorker: onReady
2020-04-07 20:59:38.999 2458-6873/? I/MicroRecognitionRunner: Starting detection.
2020-04-07 20:59:38.999 2458-6871/? I/MicrophoneInputStream: mic_starting  SR : 16000 CC : 16 SO : 6
2020-04-07 20:59:39.000 1617-1671/? E/AudioPolicyIntefaceImpl: getInputForAttr permission denied: recording not allowed for uid 10041 pid 2458
2020-04-07 20:59:39.000 1617-1671/? E/AudioFlinger: createRecord() checkRecordThread_l failed
2020-04-07 20:59:39.000 2458-6871/? E/IAudioFlinger: createRecord returned error -22
2020-04-07 20:59:39.000 2458-6871/? E/AudioRecord: AudioFlinger could not create record track, status: -22
2020-04-07 20:59:39.000 2458-6871/? E/AudioRecord-JNI: Error creating AudioRecord instance: initialization check failed with status -22.
2020-04-07 20:59:39.001 2458-6871/? E/android.media.AudioRecord: Error code -20 when initializing native AudioRecord object.
2020-04-07 20:59:39.001 2458-6871/? I/MicrophoneInputStream: mic_started  SR : 16000 CC : 16 SO : 6
2020-04-07 20:59:39.002 2458-2458/? I/MicroDetectionWorker: onReady
2020-04-07 20:59:39.003 2458-6871/? I/MicrophoneInputStream: mic_close  SR : 16000 CC : 16 SO : 6
2020-04-07 20:59:39.005 2458-6873/? I/MicroRecognitionRunner: Detection finished
2020-04-07 20:59:39.005 2458-6873/? W/ErrorReporter: reportError [type: 211, code: 524300]: Error reading from input stream
2020-04-07 20:59:39.007 2458-2988/? I/MicroRecognitionRunner: Stopping hotword detection.
2020-04-07 20:59:39.008 2458-6873/? W/ErrorProcessor: onFatalError, processing error from engine(4)
2020-04-07 20:59:39.008 2458-6873/? I/AudioController: internalShutdown
2020-04-07 20:59:39.010 2458-2458/? I/MicroDetector: Keeping mic open: false
2020-04-07 20:59:39.010 2458-2458/? I/MicroDetectionWorker: #onError(false)
2020-04-07 20:59:39.010 2458-6885/? I/DeviceStateChecker: DeviceStateChecker cancelled
2020-04-07 20:59:39.341 1844-1962/? I/GnssLocationProvider: WakeLock acquired by sendMessage(REPORT_SV_STATUS, 0, com.android.server.location.GnssLocationProvider$SvStatusInfo@3affeb2)
2020-04-07 20:59:39.341 1844-1866/? I/GnssLocationProvider: WakeLock released by handleMessage(REPORT_SV_STATUS, 0, com.android.server.location.GnssLocationProvider$SvStatusInfo@3affeb2)
2020-04-07 20:59:40.340 1844-1962/? I/GnssLocationProvider: WakeLock acquired by sendMessage(REPORT_SV_STATUS, 0, com.android.server.location.GnssLocationProvider$SvStatusInfo@135de03)
2020-04-07 20:59:40.341 1844-1866/? I/GnssLocationProvider: WakeLock released by handleMessage(REPORT_SV_STATUS, 0, com.android.server.location.GnssLocationProvider$SvStatusInfo@135de03)
2020-04-07 20:59:41.341 1844-1962/? I/GnssLocationProvider: WakeLock acquired by sendMessage(REPORT_SV_STATUS, 0, com.android.server.location.GnssLocationProvider$SvStatusInfo@6e6a180)
2020-04-07 20:59:41.341 1844-1866/? I/GnssLocationProvider: WakeLock released by handleMessage(REPORT_SV_STATUS, 0, com.android.server.location.GnssLocationProvider$SvStatusInfo@6e6a180)
2020-04-07 20:59:42.341 1844-1962/? I/GnssLocationProvider: WakeLock acquired by sendMessage(REPORT_SV_STATUS, 0, com.android.server.location.GnssLocationProvider$SvStatusInfo@e67f3b9)
2020-04-07 20:59:42.342 1844-1866/? I/GnssLocationProvider: WakeLock released by handleMessage(REPORT_SV_STATUS, 0, com.android.server.location.GnssLocationProvider$SvStatusInfo@e67f3b9)
2020-04-07 20:59:43.340 1844-1962/? I/GnssLocationProvider: WakeLock acquired by sendMessage(REPORT_SV_STATUS, 0, com.android.server.location.GnssLocationProvider$SvStatusInfo@89b53fe)
2020-04-07 20:59:43.341 1844-1866/? I/GnssLocationProvider: WakeLock released by handleMessage(REPORT_SV_STATUS, 0, com.android.server.location.GnssLocationProvider$SvStatusInfo@89b53fe)
2020-04-07 20:59:44.018 2458-2458/? I/MicroDetectionWorker: #startMicroDetector [speakerMode: 0]
2020-04-07 20:59:44.018 2458-2458/? I/AudioController: Using mInputStreamFactoryBuilder
2020-04-07 20:59:44.018 2458-2458/? I/AudioController: Created new AudioSource
2020-04-07 20:59:44.019 2458-2458/? I/MicroDetectionWorker: onReady
2020-04-07 20:59:44.029 2458-6873/? I/MicroRecognitionRunner: Starting detection.
2020-04-07 20:59:44.030 2458-6871/? I/MicrophoneInputStream: mic_starting  SR : 16000 CC : 16 SO : 6
2020-04-07 20:59:44.030 1617-1671/? E/AudioPolicyIntefaceImpl: getInputForAttr permission denied: recording not allowed for uid 10041 pid 2458
2020-04-07 20:59:44.031 1617-1671/? E/AudioFlinger: createRecord() checkRecordThread_l failed
2020-04-07 20:59:44.031 2458-6871/? E/IAudioFlinger: createRecord returned error -22
2020-04-07 20:59:44.031 2458-6871/? E/AudioRecord: AudioFlinger could not create record track, status: -22
2020-04-07 20:59:44.034 2458-6871/? E/AudioRecord-JNI: Error creating AudioRecord instance: initialization check failed with status -22.
2020-04-07 20:59:44.034 2458-6871/? E/android.media.AudioRecord: Error code -20 when initializing native AudioRecord object.
2020-04-07 20:59:44.035 2458-6871/? I/MicrophoneInputStream: mic_started  SR : 16000 CC : 16 SO : 6
2020-04-07 20:59:44.036 2458-2458/? I/MicroDetectionWorker: onReady
2020-04-07 20:59:44.040 2458-6871/? I/MicrophoneInputStream: mic_close  SR : 16000 CC : 16 SO : 6
2020-04-07 20:59:44.041 2458-6873/? I/MicroRecognitionRunner: Detection finished
2020-04-07 20:59:44.042 2458-6873/? W/ErrorReporter: reportError [type: 211, code: 524300]: Error reading from input stream
2020-04-07 20:59:44.043 2458-2988/? I/MicroRecognitionRunner: Stopping hotword detection.
2020-04-07 20:59:44.043 2458-6873/? W/ErrorProcessor: onFatalError, processing error from engine(4)
2020-04-07 20:59:44.043 2458-6873/? I/AudioController: internalShutdown
2020-04-07 20:59:44.044 2458-2458/? I/MicroDetector: Keeping mic open: false
2020-04-07 20:59:44.044 2458-2458/? I/MicroDetectionWorker: #onError(false)
2020-04-07 20:59:44.046 2458-6885/? I/DeviceStateChecker: DeviceStateChecker cancelled
2020-04-07 20:59:44.340 1844-1962/? I/GnssLocationProvider: WakeLock acquired by sendMessage(REPORT_SV_STATUS, 0, com.android.server.location.GnssLocationProvider$SvStatusInfo@22e575f)
2020-04-07 20:59:44.341 1844-1866/? I/GnssLocationProvider: WakeLock released by handleMessage(REPORT_SV_STATUS, 0, com.android.server.location.GnssLocationProvider$SvStatusInfo@22e575f)
2020-04-07 20:59:45.341 1844-1962/? I/GnssLocationProvider: WakeLock acquired by sendMessage(REPORT_SV_STATUS, 0, com.android.server.location.GnssLocationProvider$SvStatusInfo@ed455ac)
2020-04-07 20:59:45.345 1844-1866/? I/GnssLocationProvider: WakeLock released by handleMessage(REPORT_SV_STATUS, 0, com.android.server.location.GnssLocationProvider$SvStatusInfo@ed455ac)
2020-04-07 20:59:46.341 1844-1962/? I/GnssLocationProvider: WakeLock acquired by sendMessage(REPORT_SV_STATUS, 0, com.android.server.location.GnssLocationProvider$SvStatusInfo@18b1275)
2020-04-07 20:59:46.344 1844-1866/? I/GnssLocationProvider: WakeLock released by handleMessage(REPORT_SV_STATUS, 0, com.android.server.location.GnssLocationProvider$SvStatusInfo@18b1275)
2020-04-07 20:59:39.001 2458-6871/? I/chatty: uid=10041(com.google.android.googlequicksearchbox) UserFacing46 identical 3 lines
2020-04-07 20:59:44.036 2458-6871/? E/ActivityThread: Failed to find provider info for com.google.android.apps.gsa.testing.ui.audio.recorded
2020-04-07 20:59:46.766 1713-1757/? E/storaged: getDiskStats failed with result NOT_SUPPORTED and size 0
2020-04-07 20:59:47.341 1844-1962/? I/GnssLocationProvider: WakeLock acquired by sendMessage(REPORT_SV_STATUS, 0, com.android.server.location.GnssLocationProvider$SvStatusInfo@354b20a)
2020-04-07 20:59:47.343 1844-1866/? I/GnssLocationProvider: WakeLock released by handleMessage(REPORT_SV_STATUS, 0, com.android.server.location.GnssLocationProvider$SvStatusInfo@354b20a)
2020-04-07 20:59:48.114 1799-1799/? E/netmgr: Failed to open QEMU pipe 'qemud:network': Invalid argument
2020-04-07 20:59:48.115 1799-1799/? E/netmgr: WifiForwarder unable to open QEMU pipe: Invalid argument
2020-04-07 20:59:48.341 1844-1962/? I/GnssLocationProvider: WakeLock acquired by sendMessage(REPORT_SV_STATUS, 0, com.android.server.location.GnssLocationProvider$SvStatusInfo@70b0a7b)
2020-04-07 20:59:48.341 1844-1866/? I/GnssLocationProvider: WakeLock released by handleMessage(REPORT_SV_STATUS, 0, com.android.server.location.GnssLocationProvider$SvStatusInfo@70b0a7b)
2020-04-07 20:59:49.055 2458-2458/? I/MicroDetectionWorker: #startMicroDetector [speakerMode: 0]
2020-04-07 20:59:49.056 2458-2458/? I/AudioController: Using mInputStreamFactoryBuilder
2020-04-07 20:59:49.056 2458-2458/? I/AudioController: Created new AudioSource
2020-04-07 20:59:49.059 2458-2458/? I/MicroDetectionWorker: onReady
2020-04-07 20:59:49.072 2458-6885/? I/MicroRecognitionRunner: Starting detection.
2020-04-07 20:59:49.072 2458-6871/? I/MicrophoneInputStream: mic_starting  SR : 16000 CC : 16 SO : 6
2020-04-07 20:59:49.074 1617-1671/? E/AudioPolicyIntefaceImpl: getInputForAttr permission denied: recording not allowed for uid 10041 pid 2458
2020-04-07 20:59:49.074 1617-1671/? E/AudioFlinger: createRecord() checkRecordThread_l failed
2020-04-07 20:59:49.074 2458-6871/? E/IAudioFlinger: createRecord returned error -22
2020-04-07 20:59:49.074 2458-6871/? E/AudioRecord: AudioFlinger could not create record track, status: -22
2020-04-07 20:59:49.075 2458-6871/? E/AudioRecord-JNI: Error creating AudioRecord instance: initialization check failed with status -22.
2020-04-07 20:59:49.075 2458-6871/? E/android.media.AudioRecord: Error code -20 when initializing native AudioRecord object.
2020-04-07 20:59:49.075 2458-6871/? I/MicrophoneInputStream: mic_started  SR : 16000 CC : 16 SO : 6
2020-04-07 20:59:49.077 2458-6871/? E/ActivityThread: Failed to find provider info for com.google.android.apps.gsa.testing.ui.audio.recorded
2020-04-07 20:59:49.077 2458-2458/? I/MicroDetectionWorker: onReady
2020-04-07 20:59:49.079 2458-6871/? I/MicrophoneInputStream: mic_close  SR : 16000 CC : 16 SO : 6
2020-04-07 20:59:49.080 2458-6885/? I/MicroRecognitionRunner: Detection finished
2020-04-07 20:59:49.080 2458-6885/? W/ErrorReporter: reportError [type: 211, code: 524300]: Error reading from input stream
2020-04-07 20:59:49.081 2458-6885/? W/ErrorProcessor: onFatalError, processing error from engine(4)
2020-04-07 20:59:49.081 2458-6885/? I/AudioController: internalShutdown
2020-04-07 20:59:49.081 2458-2988/? I/MicroRecognitionRunner: Stopping hotword detection.
2020-04-07 20:59:49.082 2458-2458/? I/MicroDetector: Keeping mic open: false
2020-04-07 20:59:49.082 2458-2458/? I/MicroDetectionWorker: #onError(false)
2020-04-07 20:59:49.083 2458-6873/? I/DeviceStateChecker: DeviceStateChecker cancelled
2020-04-07 20:59:49.341 1844-1962/? I/GnssLocationProvider: WakeLock acquired by sendMessage(REPORT_SV_STATUS, 0, com.android.server.location.GnssLocationProvider$SvStatusInfo@3072098)
2020-04-07 20:59:49.341 1844-1866/? I/GnssLocationProvider: WakeLock released by handleMessage(REPORT_SV_STATUS, 0, com.android.server.location.GnssLocationProvider$SvStatusInfo@3072098)
2020-04-07 20:59:49.790 1844-1866/? E/memtrack: Couldn't load memtrack module
2020-04-07 20:59:49.790 1844-1866/? W/android.os.Debug: failed to get memory consumption info: -1
2020-04-07 20:59:50.340 1844-1962/? I/GnssLocationProvider: WakeLock acquired by sendMessage(REPORT_SV_STATUS, 0, com.android.server.location.GnssLocationProvider$SvStatusInfo@f201b2d)
2020-04-07 20:59:50.341 1844-1866/? I/GnssLocationProvider: WakeLock released by handleMessage(REPORT_SV_STATUS, 0, com.android.server.location.GnssLocationProvider$SvStatusInfo@f201b2d)
2020-04-07 20:59:50.771 1844-1871/? E/BatteryExternalStatsWorker: no controller energy info supplied for wifi
2020-04-07 20:59:51.340 1844-1962/? I/GnssLocationProvider: WakeLock acquired by sendMessage(REPORT_SV_STATUS, 0, com.android.server.location.GnssLocationProvider$SvStatusInfo@341d64f)
2020-04-07 20:59:51.341 1844-1866/? I/GnssLocationProvider: WakeLock released by handleMessage(REPORT_SV_STATUS, 0, com.android.server.location.GnssLocationProvider$SvStatusInfo@341d64f)
2020-04-07 20:59:52.345 1844-1962/? I/GnssLocationProvider: WakeLock acquired by sendMessage(REPORT_SV_STATUS, 0, com.android.server.location.GnssLocationProvider$SvStatusInfo@26e81dc)
2020-04-07 20:59:52.348 1844-1866/? I/GnssLocationProvider: WakeLock released by handleMessage(REPORT_SV_STATUS, 0, com.android.server.location.GnssLocationProvider$SvStatusInfo@26e81dc)
2020-04-07 20:59:53.340 1844-1962/? I/GnssLocationProvider: WakeLock acquired by sendMessage(REPORT_SV_STATUS, 0, com.android.server.location.GnssLocationProvider$SvStatusInfo@c682e5)
2020-04-07 20:59:53.341 1844-1866/? I/GnssLocationProvider: WakeLock released by handleMessage(REPORT_SV_STATUS, 0, com.android.server.location.GnssLocationProvider$SvStatusInfo@c682e5)
2020-04-07 20:59:53.377 1844-2814/? D/WificondControl: Scan result ready event
2020-04-07 20:59:54.088 2458-2458/? I/MicroDetectionWorker: #startMicroDetector [speakerMode: 0]
2020-04-07 20:59:54.088 2458-2458/? I/AudioController: Using mInputStreamFactoryBuilder
2020-04-07 20:59:54.088 2458-2458/? I/AudioController: Created new AudioSource
2020-04-07 20:59:54.089 2458-2458/? I/MicroDetectionWorker: onReady
2020-04-07 20:59:54.097 2458-6885/? I/MicroRecognitionRunner: Starting detection.
2020-04-07 20:59:54.097 2458-6871/? I/MicrophoneInputStream: mic_starting  SR : 16000 CC : 16 SO : 6
2020-04-07 20:59:54.098 1617-1671/? E/AudioPolicyIntefaceImpl: getInputForAttr permission denied: recording not allowed for uid 10041 pid 2458
2020-04-07 20:59:54.098 1617-1671/? E/AudioFlinger: createRecord() checkRecordThread_l failed
2020-04-07 20:59:54.098 2458-6871/? E/IAudioFlinger: createRecord returned error -22
2020-04-07 20:59:54.098 2458-6871/? E/AudioRecord: AudioFlinger could not create record track, status: -22
2020-04-07 20:59:54.099 2458-6871/? E/AudioRecord-JNI: Error creating AudioRecord instance: initialization check failed with status -22.
2020-04-07 20:59:54.099 2458-6871/? E/android.media.AudioRecord: Error code -20 when initializing native AudioRecord object.
2020-04-07 20:59:54.099 2458-6871/? I/MicrophoneInputStream: mic_started  SR : 16000 CC : 16 SO : 6
2020-04-07 20:59:54.100 2458-6871/? E/ActivityThread: Failed to find provider info for com.google.android.apps.gsa.testing.ui.audio.recorded
2020-04-07 20:59:54.101 2458-2458/? I/MicroDetectionWorker: onReady
2020-04-07 20:59:54.102 2458-6871/? I/MicrophoneInputStream: mic_close  SR : 16000 CC : 16 SO : 6
2020-04-07 20:59:54.105 2458-6885/? I/MicroRecognitionRunner: Detection finished
2020-04-07 20:59:54.105 2458-6885/? W/ErrorReporter: reportError [type: 211, code: 524300]: Error reading from input stream
2020-04-07 20:59:54.106 2458-2988/? I/MicroRecognitionRunner: Stopping hotword detection.
2020-04-07 20:59:54.106 2458-6885/? W/ErrorProcessor: onFatalError, processing error from engine(4)
2020-04-07 20:59:54.106 2458-6885/? I/AudioController: internalShutdown
2020-04-07 20:59:54.107 2458-2458/? I/MicroDetector: Keeping mic open: false
2020-04-07 20:59:54.107 2458-2458/? I/MicroDetectionWorker: #onError(false)
2020-04-07 20:59:54.107 2458-6873/? I/DeviceStateChecker: DeviceStateChecker cancelled
2020-04-07 20:59:54.341 1844-1962/? I/GnssLocationProvider: WakeLock acquired by sendMessage(REPORT_SV_STATUS, 0, com.android.server.location.GnssLocationProvider$SvStatusInfo@285b1ba)
2020-04-07 20:59:54.341 1844-1866/? I/GnssLocationProvider: WakeLock released by handleMessage(REPORT_SV_STATUS, 0, com.android.server.location.GnssLocationProvider$SvStatusInfo@285b1ba)
2020-04-07 20:59:55.341 1844-1962/? I/GnssLocationProvider: WakeLock acquired by sendMessage(REPORT_SV_STATUS, 0, com.android.server.location.GnssLocationProvider$SvStatusInfo@eef886b)
2020-04-07 20:59:55.341 1844-1866/? I/GnssLocationProvider: WakeLock released by handleMessage(REPORT_SV_STATUS, 0, com.android.server.location.GnssLocationProvider$SvStatusInfo@eef886b)
2020-04-07 20:59:56.341 1844-1962/? I/GnssLocationProvider: WakeLock acquired by sendMessage(REPORT_SV_STATUS, 0, com.android.server.location.GnssLocationProvider$SvStatusInfo@54fdfc8)
2020-04-07 20:59:56.341 1844-1866/? I/GnssLocationProvider: WakeLock released by handleMessage(REPORT_SV_STATUS, 0, com.android.server.location.GnssLocationProvider$SvStatusInfo@54fdfc8)
2020-04-07 20:59:57.345 1844-1962/? I/GnssLocationProvider: WakeLock acquired by sendMessage(REPORT_SV_STATUS, 0, com.android.server.location.GnssLocationProvider$SvStatusInfo@5e16861)
2020-04-07 20:59:57.345 1844-1866/? I/GnssLocationProvider: WakeLock released by handleMessage(REPORT_SV_STATUS, 0, com.android.server.location.GnssLocationProvider$SvStatusInfo@5e16861)
2020-04-07 20:59:58.342 1844-1962/? I/GnssLocationProvider: WakeLock acquired by sendMessage(REPORT_SV_STATUS, 0, com.android.server.location.GnssLocationProvider$SvStatusInfo@acd2f86)
2020-04-07 20:59:58.342 1844-1866/? I/GnssLocationProvider: WakeLock released by handleMessage(REPORT_SV_STATUS, 0, com.android.server.location.GnssLocationProvider$SvStatusInfo@acd2f86)
2020-04-07 20:59:59.115 2458-2458/? I/MicroDetectionWorker: #startMicroDetector [speakerMode: 0]
2020-04-07 20:59:59.115 2458-2458/? I/AudioController: Using mInputStreamFactoryBuilder
2020-04-07 20:59:59.115 2458-2458/? I/AudioController: Created new AudioSource
2020-04-07 20:59:59.116 2458-2458/? I/MicroDetectionWorker: onReady
2020-04-07 20:59:59.125 2458-6885/? I/MicroRecognitionRunner: Starting detection.
2020-04-07 20:59:59.126 2458-6871/? I/MicrophoneInputStream: mic_starting  SR : 16000 CC : 16 SO : 6
2020-04-07 20:59:59.126 1617-1671/? E/AudioPolicyIntefaceImpl: getInputForAttr permission denied: recording not allowed for uid 10041 pid 2458
2020-04-07 20:59:59.127 1617-1671/? E/AudioFlinger: createRecord() checkRecordThread_l failed
2020-04-07 20:59:59.127 2458-6871/? E/IAudioFlinger: createRecord returned error -22
2020-04-07 20:59:59.127 2458-6871/? E/AudioRecord: AudioFlinger could not create record track, status: -22
2020-04-07 20:59:59.128 2458-6871/? E/AudioRecord-JNI: Error creating AudioRecord instance: initialization check failed with status -22.
2020-04-07 20:59:59.128 2458-6871/? E/android.media.AudioRecord: Error code -20 when initializing native AudioRecord object.
2020-04-07 20:59:59.129 2458-6871/? I/MicrophoneInputStream: mic_started  SR : 16000 CC : 16 SO : 6
2020-04-07 20:59:59.130 2458-2458/? I/MicroDetectionWorker: onReady
2020-04-07 20:59:59.132 2458-6871/? I/MicrophoneInputStream: mic_close  SR : 16000 CC : 16 SO : 6
2020-04-07 20:59:59.134 2458-6885/? I/MicroRecognitionRunner: Detection finished
2020-04-07 20:59:59.134 2458-6885/? W/ErrorReporter: reportError [type: 211, code: 524300]: Error reading from input stream
2020-04-07 20:59:59.135 2458-6885/? W/ErrorProcessor: onFatalError, processing error from engine(4)
2020-04-07 20:59:59.135 2458-6885/? I/AudioController: internalShutdown
2020-04-07 20:59:59.135 2458-2988/? I/MicroRecognitionRunner: Stopping hotword detection.
2020-04-07 20:59:59.136 2458-2458/? I/MicroDetector: Keeping mic open: false
2020-04-07 20:59:59.136 2458-2458/? I/MicroDetectionWorker: #onError(false)
2020-04-07 20:59:59.136 2458-6873/? I/DeviceStateChecker: DeviceStateChecker cancelled
2020-04-07 20:59:59.342 1844-1962/? I/GnssLocationProvider: WakeLock acquired by sendMessage(REPORT_SV_STATUS, 0, com.android.server.location.GnssLocationProvider$SvStatusInfo@57c4047)
2020-04-07 20:59:59.342 1844-1866/? I/GnssLocationProvider: WakeLock released by handleMessage(REPORT_SV_STATUS, 0, com.android.server.location.GnssLocationProvider$SvStatusInfo@57c4047)
2020-04-07 21:00:00.022 1856-1859/? D/hwcomposer: hw_composer sent 6 syncs in 60s
2020-04-07 21:00:00.343 1844-1962/? I/GnssLocationProvider: WakeLock acquired by sendMessage(REPORT_SV_STATUS, 0, com.android.server.location.GnssLocationProvider$SvStatusInfo@d6b299d)
2020-04-07 21:00:00.344 1844-1866/? I/GnssLocationProvider: WakeLock released by handleMessage(REPORT_SV_STATUS, 0, com.android.server.location.GnssLocationProvider$SvStatusInfo@d6b299d)
2020-04-07 21:00:01.343 1844-1962/? I/GnssLocationProvider: WakeLock acquired by sendMessage(REPORT_SV_STATUS, 0, com.android.server.location.GnssLocationProvider$SvStatusInfo@9bcbe12)
2020-04-07 21:00:01.344 1844-1866/? I/GnssLocationProvider: WakeLock released by handleMessage(REPORT_SV_STATUS, 0, com.android.server.location.GnssLocationProvider$SvStatusInfo@9bcbe12)
2020-04-07 21:00:02.343 1844-1962/? I/GnssLocationProvider: WakeLock acquired by sendMessage(REPORT_SV_STATUS, 0, com.android.server.location.GnssLocationProvider$SvStatusInfo@b3299e3)
2020-04-07 21:00:02.345 1844-1866/? I/GnssLocationProvider: WakeLock released by handleMessage(REPORT_SV_STATUS, 0, com.android.server.location.GnssLocationProvider$SvStatusInfo@b3299e3)
2020-04-07 21:00:03.343 1844-1962/? I/GnssLocationProvider: WakeLock acquired by sendMessage(REPORT_SV_STATUS, 0, com.android.server.location.GnssLocationProvider$SvStatusInfo@800dfe0)
2020-04-07 21:00:03.345 1844-1866/? I/GnssLocationProvider: WakeLock released by handleMessage(REPORT_SV_STATUS, 0, com.android.server.location.GnssLocationProvider$SvStatusInfo@800dfe0)
2020-04-07 21:00:04.138 2458-2458/? I/MicroDetectionWorker: #startMicroDetector [speakerMode: 0]
2020-04-07 21:00:04.138 2458-2458/? I/AudioController: Using mInputStreamFactoryBuilder
2020-04-07 21:00:04.138 2458-2458/? I/AudioController: Created new AudioSource
2020-04-07 21:00:04.139 2458-2458/? I/MicroDetectionWorker: onReady
2020-04-07 21:00:04.150 2458-6873/? I/MicroRecognitionRunner: Starting detection.
2020-04-07 21:00:04.150 2458-6871/? I/MicrophoneInputStream: mic_starting  SR : 16000 CC : 16 SO : 6
2020-04-07 21:00:04.152 1617-1671/? E/AudioPolicyIntefaceImpl: getInputForAttr permission denied: recording not allowed for uid 10041 pid 2458
2020-04-07 21:00:04.152 1617-1671/? E/AudioFlinger: createRecord() checkRecordThread_l failed
2020-04-07 21:00:04.152 2458-6871/? E/IAudioFlinger: createRecord returned error -22
2020-04-07 21:00:04.152 2458-6871/? E/AudioRecord: AudioFlinger could not create record track, status: -22
2020-04-07 21:00:04.152 2458-6871/? E/AudioRecord-JNI: Error creating AudioRecord instance: initialization check failed with status -22.
2020-04-07 21:00:04.152 2458-6871/? E/android.media.AudioRecord: Error code -20 when initializing native AudioRecord object.
2020-04-07 21:00:04.152 2458-6871/? I/MicrophoneInputStream: mic_started  SR : 16000 CC : 16 SO : 6
2020-04-07 21:00:04.154 2458-2458/? I/MicroDetectionWorker: onReady
2020-04-07 21:00:04.158 2458-6871/? I/MicrophoneInputStream: mic_close  SR : 16000 CC : 16 SO : 6
2020-04-07 21:00:04.159 2458-6873/? I/MicroRecognitionRunner: Detection finished
2020-04-07 21:00:04.160 2458-6873/? W/ErrorReporter: reportError [type: 211, code: 524300]: Error reading from input stream
2020-04-07 21:00:04.161 2458-2988/? I/MicroRecognitionRunner: Stopping hotword detection.
2020-04-07 21:00:04.167 2458-6873/? W/ErrorProcessor: onFatalError, processing error from engine(4)
2020-04-07 21:00:04.167 2458-6873/? I/AudioController: internalShutdown
2020-04-07 21:00:04.170 2458-2458/? I/MicroDetector: Keeping mic open: false
2020-04-07 21:00:04.170 2458-2458/? I/MicroDetectionWorker: #onError(false)
2020-04-07 21:00:04.171 2458-6885/? I/DeviceStateChecker: DeviceStateChecker cancelled
2020-04-07 21:00:04.349 1844-1962/? I/GnssLocationProvider: WakeLock acquired by sendMessage(REPORT_SV_STATUS, 0, com.android.server.location.GnssLocationProvider$SvStatusInfo@3d5c299)
2020-04-07 21:00:04.349 1844-1866/? I/GnssLocationProvider: WakeLock released by handleMessage(REPORT_SV_STATUS, 0, com.android.server.location.GnssLocationProvider$SvStatusInfo@3d5c299)
2020-04-07 21:00:05.345 1844-1962/? I/GnssLocationProvider: WakeLock acquired by sendMessage(REPORT_SV_STATUS, 0, com.android.server.location.GnssLocationProvider$SvStatusInfo@ea4a95e)
2020-04-07 21:00:05.346 1844-1866/? I/GnssLocationProvider: WakeLock released by handleMessage(REPORT_SV_STATUS, 0, com.android.server.location.GnssLocationProvider$SvStatusInfo@ea4a95e)
2020-04-07 21:00:06.346 1844-1962/? I/GnssLocationProvider: WakeLock acquired by sendMessage(REPORT_SV_STATUS, 0, com.android.server.location.GnssLocationProvider$SvStatusInfo@46af13f)
2020-04-07 21:00:06.347 1844-1866/? I/GnssLocationProvider: WakeLock released by handleMessage(REPORT_SV_STATUS, 0, com.android.server.location.GnssLocationProvider$SvStatusInfo@46af13f)
2020-04-07 21:00:07.344 1844-1962/? I/GnssLocationProvider: WakeLock acquired by sendMessage(REPORT_SV_STATUS, 0, com.android.server.location.GnssLocationProvider$SvStatusInfo@cc41a0c)
2020-04-07 21:00:07.344 1844-1866/? I/GnssLocationProvider: WakeLock released by handleMessage(REPORT_SV_STATUS, 0, com.android.server.location.GnssLocationProvider$SvStatusInfo@cc41a0c)
2020-04-07 21:00:08.344 1844-1962/? I/GnssLocationProvider: WakeLock acquired by sendMessage(REPORT_SV_STATUS, 0, com.android.server.location.GnssLocationProvider$SvStatusInfo@b6ef55)
2020-04-07 21:00:08.344 1844-1866/? I/GnssLocationProvider: WakeLock released by handleMessage(REPORT_SV_STATUS, 0, com.android.server.location.GnssLocationProvider$SvStatusInfo@b6ef55)
2020-04-07 21:00:09.179 2458-2458/? I/MicroDetectionWorker: #startMicroDetector [speakerMode: 0]
2020-04-07 21:00:09.180 2458-2458/? I/AudioController: Using mInputStreamFactoryBuilder
2020-04-07 21:00:09.180 2458-2458/? I/AudioController: Created new AudioSource
2020-04-07 21:00:09.181 2458-2458/? I/MicroDetectionWorker: onReady
2020-04-07 21:00:09.194 2458-6873/? I/MicroRecognitionRunner: Starting detection.
2020-04-07 21:00:09.196 2458-6871/? I/MicrophoneInputStream: mic_starting  SR : 16000 CC : 16 SO : 6
2020-04-07 21:00:09.197 1617-1671/? E/AudioPolicyIntefaceImpl: getInputForAttr permission denied: recording not allowed for uid 10041 pid 2458
2020-04-07 21:00:09.197 1617-1671/? E/AudioFlinger: createRecord() checkRecordThread_l failed
2020-04-07 21:00:09.197 2458-6871/? E/IAudioFlinger: createRecord returned error -22
2020-04-07 21:00:09.197 2458-6871/? E/AudioRecord: AudioFlinger could not create record track, status: -22
2020-04-07 21:00:09.197 2458-6871/? E/AudioRecord-JNI: Error creating AudioRecord instance: initialization check failed with status -22.
2020-04-07 21:00:09.198 2458-6871/? E/android.media.AudioRecord: Error code -20 when initializing native AudioRecord object.
2020-04-07 21:00:09.198 2458-6871/? I/MicrophoneInputStream: mic_started  SR : 16000 CC : 16 SO : 6
2020-04-07 21:00:09.199 2458-2458/? I/MicroDetectionWorker: onReady
2020-04-07 21:00:09.202 2458-6871/? I/MicrophoneInputStream: mic_close  SR : 16000 CC : 16 SO : 6
2020-04-07 21:00:09.203 2458-6873/? I/MicroRecognitionRunner: Detection finished
