2020-04-07 20:46:41.259 1844-1866/? I/GnssLocationProvider: WakeLock released by handleMessage(REPORT_SV_STATUS, 0, com.android.server.location.GnssLocationProvider$SvStatusInfo@d16aebb)
2020-04-07 20:46:42.259 1844-1962/? I/GnssLocationProvider: WakeLock acquired by sendMessage(REPORT_SV_STATUS, 0, com.android.server.location.GnssLocationProvider$SvStatusInfo@b878fd8)
2020-04-07 20:46:42.259 1844-1866/? I/GnssLocationProvider: WakeLock released by handleMessage(REPORT_SV_STATUS, 0, com.android.server.location.GnssLocationProvider$SvStatusInfo@b878fd8)
2020-04-07 20:46:43.259 1844-1962/? I/GnssLocationProvider: WakeLock acquired by sendMessage(REPORT_SV_STATUS, 0, com.android.server.location.GnssLocationProvider$SvStatusInfo@f9c3f31)
2020-04-07 20:46:43.259 1844-1866/? I/GnssLocationProvider: WakeLock released by handleMessage(REPORT_SV_STATUS, 0, com.android.server.location.GnssLocationProvider$SvStatusInfo@f9c3f31)
2020-04-07 20:46:44.259 1844-1962/? I/GnssLocationProvider: WakeLock acquired by sendMessage(REPORT_SV_STATUS, 0, com.android.server.location.GnssLocationProvider$SvStatusInfo@1ae0616)
2020-04-07 20:46:44.259 1844-1866/? I/GnssLocationProvider: WakeLock released by handleMessage(REPORT_SV_STATUS, 0, com.android.server.location.GnssLocationProvider$SvStatusInfo@1ae0616)
2020-04-07 20:46:45.259 1844-1962/? I/GnssLocationProvider: WakeLock acquired by sendMessage(REPORT_SV_STATUS, 0, com.android.server.location.GnssLocationProvider$SvStatusInfo@7f77b97)
2020-04-07 20:46:45.259 1844-1866/? I/GnssLocationProvider: WakeLock released by handleMessage(REPORT_SV_STATUS, 0, com.android.server.location.GnssLocationProvider$SvStatusInfo@7f77b97)
2020-04-07 20:46:46.260 1844-1962/? I/GnssLocationProvider: WakeLock acquired by sendMessage(REPORT_SV_STATUS, 0, com.android.server.location.GnssLocationProvider$SvStatusInfo@9d1d184)
2020-04-07 20:46:46.260 1844-1866/? I/GnssLocationProvider: WakeLock released by handleMessage(REPORT_SV_STATUS, 0, com.android.server.location.GnssLocationProvider$SvStatusInfo@9d1d184)
    
    --------- beginning of system
2020-04-07 20:46:46.745 1713-1757/? E/storaged: getDiskStats failed with result NOT_SUPPORTED and size 0
2020-04-07 20:46:47.260 1844-1962/? I/GnssLocationProvider: WakeLock acquired by sendMessage(REPORT_SV_STATUS, 0, com.android.server.location.GnssLocationProvider$SvStatusInfo@c449d6d)
2020-04-07 20:46:47.260 1844-1866/? I/GnssLocationProvider: WakeLock released by handleMessage(REPORT_SV_STATUS, 0, com.android.server.location.GnssLocationProvider$SvStatusInfo@c449d6d)
2020-04-07 20:46:47.746 1799-1799/? E/netmgr: Failed to open QEMU pipe 'qemud:network': Invalid argument
2020-04-07 20:46:47.746 1799-1799/? E/netmgr: WifiForwarder unable to open QEMU pipe: Invalid argument
2020-04-07 20:46:48.260 1844-1962/? I/GnssLocationProvider: WakeLock acquired by sendMessage(REPORT_SV_STATUS, 0, com.android.server.location.GnssLocationProvider$SvStatusInfo@7c6da2)
2020-04-07 20:46:48.260 1844-1866/? I/GnssLocationProvider: WakeLock released by handleMessage(REPORT_SV_STATUS, 0, com.android.server.location.GnssLocationProvider$SvStatusInfo@7c6da2)
2020-04-07 20:46:49.259 1844-1962/? I/GnssLocationProvider: WakeLock acquired by sendMessage(REPORT_SV_STATUS, 0, com.android.server.location.GnssLocationProvider$SvStatusInfo@bae3a33)
2020-04-07 20:46:49.260 1844-1866/? I/GnssLocationProvider: WakeLock released by handleMessage(REPORT_SV_STATUS, 0, com.android.server.location.GnssLocationProvider$SvStatusInfo@bae3a33)
2020-04-07 20:46:50.260 1844-1962/? I/GnssLocationProvider: WakeLock acquired by sendMessage(REPORT_SV_STATUS, 0, com.android.server.location.GnssLocationProvider$SvStatusInfo@55c81f0)
2020-04-07 20:46:50.260 1844-1866/? I/GnssLocationProvider: WakeLock released by handleMessage(REPORT_SV_STATUS, 0, com.android.server.location.GnssLocationProvider$SvStatusInfo@55c81f0)
2020-04-07 20:46:51.260 1844-1962/? I/GnssLocationProvider: WakeLock acquired by sendMessage(REPORT_SV_STATUS, 0, com.android.server.location.GnssLocationProvider$SvStatusInfo@79aa369)
2020-04-07 20:46:51.261 1844-1866/? I/GnssLocationProvider: WakeLock released by handleMessage(REPORT_SV_STATUS, 0, com.android.server.location.GnssLocationProvider$SvStatusInfo@79aa369)
2020-04-07 20:46:52.260 1844-1962/? I/GnssLocationProvider: WakeLock acquired by sendMessage(REPORT_SV_STATUS, 0, com.android.server.location.GnssLocationProvider$SvStatusInfo@6d7c1ee)
2020-04-07 20:46:52.260 1844-1866/? I/GnssLocationProvider: WakeLock released by handleMessage(REPORT_SV_STATUS, 0, com.android.server.location.GnssLocationProvider$SvStatusInfo@6d7c1ee)
2020-04-07 20:46:53.260 1844-1962/? I/GnssLocationProvider: WakeLock acquired by sendMessage(REPORT_SV_STATUS, 0, com.android.server.location.GnssLocationProvider$SvStatusInfo@308468f)
2020-04-07 20:46:53.262 1844-1866/? I/GnssLocationProvider: WakeLock released by handleMessage(REPORT_SV_STATUS, 0, com.android.server.location.GnssLocationProvider$SvStatusInfo@308468f)
2020-04-07 20:46:54.259 1844-1962/? I/GnssLocationProvider: WakeLock acquired by sendMessage(REPORT_SV_STATUS, 0, com.android.server.location.GnssLocationProvider$SvStatusInfo@19fcd1c)
2020-04-07 20:46:54.261 1844-1866/? I/GnssLocationProvider: WakeLock released by handleMessage(REPORT_SV_STATUS, 0, com.android.server.location.GnssLocationProvider$SvStatusInfo@19fcd1c)
2020-04-07 20:46:55.260 1844-1962/? I/GnssLocationProvider: WakeLock acquired by sendMessage(REPORT_SV_STATUS, 0, com.android.server.location.GnssLocationProvider$SvStatusInfo@1310d25)
2020-04-07 20:46:55.261 1844-1866/? I/GnssLocationProvider: WakeLock released by handleMessage(REPORT_SV_STATUS, 0, com.android.server.location.GnssLocationProvider$SvStatusInfo@1310d25)
2020-04-07 20:46:56.260 1844-1962/? I/GnssLocationProvider: WakeLock acquired by sendMessage(REPORT_SV_STATUS, 0, com.android.server.location.GnssLocationProvider$SvStatusInfo@3820efa)
2020-04-07 20:46:56.262 1844-1866/? I/GnssLocationProvider: WakeLock released by handleMessage(REPORT_SV_STATUS, 0, com.android.server.location.GnssLocationProvider$SvStatusInfo@3820efa)
2020-04-07 20:46:57.260 1844-1962/? I/GnssLocationProvider: WakeLock acquired by sendMessage(REPORT_SV_STATUS, 0, com.android.server.location.GnssLocationProvider$SvStatusInfo@e4cbcab)
2020-04-07 20:46:57.262 1844-1866/? I/GnssLocationProvider: WakeLock released by handleMessage(REPORT_SV_STATUS, 0, com.android.server.location.GnssLocationProvider$SvStatusInfo@e4cbcab)
2020-04-07 20:46:58.261 1844-1962/? I/GnssLocationProvider: WakeLock acquired by sendMessage(REPORT_SV_STATUS, 0, com.android.server.location.GnssLocationProvider$SvStatusInfo@f6a9f08)
2020-04-07 20:46:58.262 1844-1866/? I/GnssLocationProvider: WakeLock released by handleMessage(REPORT_SV_STATUS, 0, com.android.server.location.GnssLocationProvider$SvStatusInfo@f6a9f08)
2020-04-07 20:46:59.261 1844-1962/? I/GnssLocationProvider: WakeLock acquired by sendMessage(REPORT_SV_STATUS, 0, com.android.server.location.GnssLocationProvider$SvStatusInfo@50a56a1)
2020-04-07 20:46:59.262 1844-1866/? I/GnssLocationProvider: WakeLock released by handleMessage(REPORT_SV_STATUS, 0, com.android.server.location.GnssLocationProvider$SvStatusInfo@50a56a1)
2020-04-07 20:47:00.017 1856-1859/? D/hwcomposer: hw_composer sent 6 syncs in 60s
2020-04-07 20:47:00.261 1844-1962/? I/GnssLocationProvider: WakeLock acquired by sendMessage(REPORT_SV_STATUS, 0, com.android.server.location.GnssLocationProvider$SvStatusInfo@1187887)
2020-04-07 20:47:00.261 1844-1866/? I/GnssLocationProvider: WakeLock released by handleMessage(REPORT_SV_STATUS, 0, com.android.server.location.GnssLocationProvider$SvStatusInfo@1187887)
2020-04-07 20:47:01.261 1844-1962/? I/GnssLocationProvider: WakeLock acquired by sendMessage(REPORT_SV_STATUS, 0, com.android.server.location.GnssLocationProvider$SvStatusInfo@b8ea3b4)
2020-04-07 20:47:01.262 1844-1866/? I/GnssLocationProvider: WakeLock released by handleMessage(REPORT_SV_STATUS, 0, com.android.server.location.GnssLocationProvider$SvStatusInfo@b8ea3b4)
2020-04-07 20:47:02.261 1844-1962/? I/GnssLocationProvider: WakeLock acquired by sendMessage(REPORT_SV_STATUS, 0, com.android.server.location.GnssLocationProvider$SvStatusInfo@2d4bbdd)
2020-04-07 20:47:02.262 1844-1866/? I/GnssLocationProvider: WakeLock released by handleMessage(REPORT_SV_STATUS, 0, com.android.server.location.GnssLocationProvider$SvStatusInfo@2d4bbdd)
2020-04-07 20:47:03.261 1844-1962/? I/GnssLocationProvider: WakeLock acquired by sendMessage(REPORT_SV_STATUS, 0, com.android.server.location.GnssLocationProvider$SvStatusInfo@fbf8352)
2020-04-07 20:47:03.261 1844-1866/? I/GnssLocationProvider: WakeLock released by handleMessage(REPORT_SV_STATUS, 0, com.android.server.location.GnssLocationProvider$SvStatusInfo@fbf8352)
2020-04-07 20:47:04.261 1844-1962/? I/GnssLocationProvider: WakeLock acquired by sendMessage(REPORT_SV_STATUS, 0, com.android.server.location.GnssLocationProvider$SvStatusInfo@1fa1623)
2020-04-07 20:47:04.262 1844-1866/? I/GnssLocationProvider: WakeLock released by handleMessage(REPORT_SV_STATUS, 0, com.android.server.location.GnssLocationProvider$SvStatusInfo@1fa1623)
2020-04-07 20:47:05.261 1844-1962/? I/GnssLocationProvider: WakeLock acquired by sendMessage(REPORT_SV_STATUS, 0, com.android.server.location.GnssLocationProvider$SvStatusInfo@42e829e)
2020-04-07 20:47:05.262 1844-1866/? I/GnssLocationProvider: WakeLock released by handleMessage(REPORT_SV_STATUS, 0, com.android.server.location.GnssLocationProvider$SvStatusInfo@42e829e)
2020-04-07 20:47:06.262 1844-1962/? I/GnssLocationProvider: WakeLock acquired by sendMessage(REPORT_SV_STATUS, 0, com.android.server.location.GnssLocationProvider$SvStatusInfo@7cdf17f)
2020-04-07 20:47:06.263 1844-1866/? I/GnssLocationProvider: WakeLock released by handleMessage(REPORT_SV_STATUS, 0, com.android.server.location.GnssLocationProvider$SvStatusInfo@7cdf17f)
2020-04-07 20:47:07.261 1844-1962/? I/GnssLocationProvider: WakeLock acquired by sendMessage(REPORT_SV_STATUS, 0, com.android.server.location.GnssLocationProvider$SvStatusInfo@97eb54c)
2020-04-07 20:47:07.263 1844-1866/? I/GnssLocationProvider: WakeLock released by handleMessage(REPORT_SV_STATUS, 0, com.android.server.location.GnssLocationProvider$SvStatusInfo@97eb54c)
2020-04-07 20:47:08.096 1844-2144/? D/WificondControl: Scan result ready event
2020-04-07 20:47:08.262 1844-1962/? I/GnssLocationProvider: WakeLock acquired by sendMessage(REPORT_SV_STATUS, 0, com.android.server.location.GnssLocationProvider$SvStatusInfo@af88995)
2020-04-07 20:47:08.265 1844-1866/? I/GnssLocationProvider: WakeLock released by handleMessage(REPORT_SV_STATUS, 0, com.android.server.location.GnssLocationProvider$SvStatusInfo@af88995)
2020-04-07 20:47:09.261 1844-1962/? I/GnssLocationProvider: WakeLock acquired by sendMessage(REPORT_SV_STATUS, 0, com.android.server.location.GnssLocationProvider$SvStatusInfo@3fc2aaa)
2020-04-07 20:47:09.263 1844-1866/? I/GnssLocationProvider: WakeLock released by handleMessage(REPORT_SV_STATUS, 0, com.android.server.location.GnssLocationProvider$SvStatusInfo@3fc2aaa)
2020-04-07 20:47:10.263 1844-1962/? I/GnssLocationProvider: WakeLock acquired by sendMessage(REPORT_SV_STATUS, 0, com.android.server.location.GnssLocationProvider$SvStatusInfo@da269b)
2020-04-07 20:47:10.263 1844-1866/? I/GnssLocationProvider: WakeLock released by handleMessage(REPORT_SV_STATUS, 0, com.android.server.location.GnssLocationProvider$SvStatusInfo@da269b)
2020-04-07 20:47:11.262 1844-1962/? I/GnssLocationProvider: WakeLock acquired by sendMessage(REPORT_SV_STATUS, 0, com.android.server.location.GnssLocationProvider$SvStatusInfo@b87da38)
2020-04-07 20:47:11.263 1844-1866/? I/GnssLocationProvider: WakeLock released by handleMessage(REPORT_SV_STATUS, 0, com.android.server.location.GnssLocationProvider$SvStatusInfo@b87da38)
2020-04-07 20:47:12.262 1844-1962/? I/GnssLocationProvider: WakeLock acquired by sendMessage(REPORT_SV_STATUS, 0, com.android.server.location.GnssLocationProvider$SvStatusInfo@ca52a11)
2020-04-07 20:47:12.263 1844-1866/? I/GnssLocationProvider: WakeLock released by handleMessage(REPORT_SV_STATUS, 0, com.android.server.location.GnssLocationProvider$SvStatusInfo@ca52a11)
2020-04-07 20:47:13.262 1844-1962/? I/GnssLocationProvider: WakeLock acquired by sendMessage(REPORT_SV_STATUS, 0, com.android.server.location.GnssLocationProvider$SvStatusInfo@f4a4776)
2020-04-07 20:47:13.263 1844-1866/? I/GnssLocationProvider: WakeLock released by handleMessage(REPORT_SV_STATUS, 0, com.android.server.location.GnssLocationProvider$SvStatusInfo@f4a4776)
2020-04-07 20:47:14.263 1844-1962/? I/GnssLocationProvider: WakeLock acquired by sendMessage(REPORT_SV_STATUS, 0, com.android.server.location.GnssLocationProvider$SvStatusInfo@faa9177)
2020-04-07 20:47:14.263 1844-1866/? I/GnssLocationProvider: WakeLock released by handleMessage(REPORT_SV_STATUS, 0, com.android.server.location.GnssLocationProvider$SvStatusInfo@faa9177)
2020-04-07 20:47:15.263 1844-1962/? I/GnssLocationProvider: WakeLock acquired by sendMessage(REPORT_SV_STATUS, 0, com.android.server.location.GnssLocationProvider$SvStatusInfo@cfc61e4)
2020-04-07 20:47:15.263 1844-1866/? I/GnssLocationProvider: WakeLock released by handleMessage(REPORT_SV_STATUS, 0, com.android.server.location.GnssLocationProvider$SvStatusInfo@cfc61e4)
2020-04-07 20:47:16.263 1844-1962/? I/GnssLocationProvider: WakeLock acquired by sendMessage(REPORT_SV_STATUS, 0, com.android.server.location.GnssLocationProvider$SvStatusInfo@7a1564d)
2020-04-07 20:47:16.263 1844-1866/? I/GnssLocationProvider: WakeLock released by handleMessage(REPORT_SV_STATUS, 0, com.android.server.location.GnssLocationProvider$SvStatusInfo@7a1564d)
2020-04-07 20:47:17.263 1844-1962/? I/GnssLocationProvider: WakeLock acquired by sendMessage(REPORT_SV_STATUS, 0, com.android.server.location.GnssLocationProvider$SvStatusInfo@48b6502)
2020-04-07 20:47:17.263 1844-1866/? I/GnssLocationProvider: WakeLock released by handleMessage(REPORT_SV_STATUS, 0, com.android.server.location.GnssLocationProvider$SvStatusInfo@48b6502)
2020-04-07 20:47:18.263 1844-1962/? I/GnssLocationProvider: WakeLock acquired by sendMessage(REPORT_SV_STATUS, 0, com.android.server.location.GnssLocationProvider$SvStatusInfo@9acce13)
2020-04-07 20:47:18.263 1844-1866/? I/GnssLocationProvider: WakeLock released by handleMessage(REPORT_SV_STATUS, 0, com.android.server.location.GnssLocationProvider$SvStatusInfo@9acce13)
2020-04-07 20:47:19.263 1844-1962/? I/GnssLocationProvider: WakeLock acquired by sendMessage(REPORT_SV_STATUS, 0, com.android.server.location.GnssLocationProvider$SvStatusInfo@b0fb850)
2020-04-07 20:47:19.264 1844-1866/? I/GnssLocationProvider: WakeLock released by handleMessage(REPORT_SV_STATUS, 0, com.android.server.location.GnssLocationProvider$SvStatusInfo@b0fb850)
2020-04-07 20:47:20.263 1844-1962/? I/GnssLocationProvider: WakeLock acquired by sendMessage(REPORT_SV_STATUS, 0, com.android.server.location.GnssLocationProvider$SvStatusInfo@dba0a49)
2020-04-07 20:47:20.263 1844-1866/? I/GnssLocationProvider: WakeLock released by handleMessage(REPORT_SV_STATUS, 0, com.android.server.location.GnssLocationProvider$SvStatusInfo@dba0a49)
2020-04-07 20:47:21.263 1844-1962/? I/GnssLocationProvider: WakeLock acquired by sendMessage(REPORT_SV_STATUS, 0, com.android.server.location.GnssLocationProvider$SvStatusInfo@4cecf4e)
2020-04-07 20:47:21.263 1844-1866/? I/GnssLocationProvider: WakeLock released by handleMessage(REPORT_SV_STATUS, 0, com.android.server.location.GnssLocationProvider$SvStatusInfo@4cecf4e)
2020-04-07 20:47:22.263 1844-1962/? I/GnssLocationProvider: WakeLock acquired by sendMessage(REPORT_SV_STATUS, 0, com.android.server.location.GnssLocationProvider$SvStatusInfo@38c386f)
2020-04-07 20:47:22.263 1844-1866/? I/GnssLocationProvider: WakeLock released by handleMessage(REPORT_SV_STATUS, 0, com.android.server.location.GnssLocationProvider$SvStatusInfo@38c386f)
2020-04-07 20:47:23.263 1844-1962/? I/GnssLocationProvider: WakeLock acquired by sendMessage(REPORT_SV_STATUS, 0, com.android.server.location.GnssLocationProvider$SvStatusInfo@c0097c)
2020-04-07 20:47:23.263 1844-1866/? I/GnssLocationProvider: WakeLock released by handleMessage(REPORT_SV_STATUS, 0, com.android.server.location.GnssLocationProvider$SvStatusInfo@c0097c)
2020-04-07 20:47:24.263 1844-1962/? I/GnssLocationProvider: WakeLock acquired by sendMessage(REPORT_SV_STATUS, 0, com.android.server.location.GnssLocationProvider$SvStatusInfo@6900205)
2020-04-07 20:47:24.264 1844-1866/? I/GnssLocationProvider: WakeLock released by handleMessage(REPORT_SV_STATUS, 0, com.android.server.location.GnssLocationProvider$SvStatusInfo@6900205)
2020-04-07 20:47:25.263 1844-1962/? I/GnssLocationProvider: WakeLock acquired by sendMessage(REPORT_SV_STATUS, 0, com.android.server.location.GnssLocationProvider$SvStatusInfo@cc925a)
2020-04-07 20:47:25.263 1844-1866/? I/GnssLocationProvider: WakeLock released by handleMessage(REPORT_SV_STATUS, 0, com.android.server.location.GnssLocationProvider$SvStatusInfo@cc925a)
2020-04-07 20:47:26.264 1844-1962/? I/GnssLocationProvider: WakeLock acquired by sendMessage(REPORT_SV_STATUS, 0, com.android.server.location.GnssLocationProvider$SvStatusInfo@74dec8b)
2020-04-07 20:47:26.310 1844-1866/? I/GnssLocationProvider: WakeLock released by handleMessage(REPORT_SV_STATUS, 0, com.android.server.location.GnssLocationProvider$SvStatusInfo@74dec8b)
2020-04-07 20:47:27.263 1844-1962/? I/GnssLocationProvider: WakeLock acquired by sendMessage(REPORT_SV_STATUS, 0, com.android.server.location.GnssLocationProvider$SvStatusInfo@8c24168)
2020-04-07 20:47:27.263 1844-1866/? I/GnssLocationProvider: WakeLock released by handleMessage(REPORT_SV_STATUS, 0, com.android.server.location.GnssLocationProvider$SvStatusInfo@8c24168)
2020-04-07 20:47:28.264 1844-1962/? I/GnssLocationProvider: WakeLock acquired by sendMessage(REPORT_SV_STATUS, 0, com.android.server.location.GnssLocationProvider$SvStatusInfo@913b981)
2020-04-07 20:47:28.265 1844-1866/? I/GnssLocationProvider: WakeLock released by handleMessage(REPORT_SV_STATUS, 0, com.android.server.location.GnssLocationProvider$SvStatusInfo@913b981)
2020-04-07 20:47:29.263 1844-1962/? I/GnssLocationProvider: WakeLock acquired by sendMessage(REPORT_SV_STATUS, 0, com.android.server.location.GnssLocationProvider$SvStatusInfo@ab17a26)
2020-04-07 20:47:29.263 1844-1866/? I/GnssLocationProvider: WakeLock released by handleMessage(REPORT_SV_STATUS, 0, com.android.server.location.GnssLocationProvider$SvStatusInfo@ab17a26)
2020-04-07 20:47:30.263 1844-1962/? I/GnssLocationProvider: WakeLock acquired by sendMessage(REPORT_SV_STATUS, 0, com.android.server.location.GnssLocationProvider$SvStatusInfo@2cc667)
2020-04-07 20:47:30.263 1844-1866/? I/GnssLocationProvider: WakeLock released by handleMessage(REPORT_SV_STATUS, 0, com.android.server.location.GnssLocationProvider$SvStatusInfo@2cc667)
2020-04-07 20:47:31.263 1844-1962/? I/GnssLocationProvider: WakeLock acquired by sendMessage(REPORT_SV_STATUS, 0, com.android.server.location.GnssLocationProvider$SvStatusInfo@22e0c14)
2020-04-07 20:47:31.263 1844-1866/? I/GnssLocationProvider: WakeLock released by handleMessage(REPORT_SV_STATUS, 0, com.android.server.location.GnssLocationProvider$SvStatusInfo@22e0c14)
2020-04-07 20:47:32.263 1844-1962/? I/GnssLocationProvider: WakeLock acquired by sendMessage(REPORT_SV_STATUS, 0, com.android.server.location.GnssLocationProvider$SvStatusInfo@c16cbd)
2020-04-07 20:47:32.264 1844-1866/? I/GnssLocationProvider: WakeLock released by handleMessage(REPORT_SV_STATUS, 0, com.android.server.location.GnssLocationProvider$SvStatusInfo@c16cbd)
2020-04-07 20:47:33.263 1844-1962/? I/GnssLocationProvider: WakeLock acquired by sendMessage(REPORT_SV_STATUS, 0, com.android.server.location.GnssLocationProvider$SvStatusInfo@8ab12b2)
2020-04-07 20:47:33.264 1844-1866/? I/GnssLocationProvider: WakeLock released by handleMessage(REPORT_SV_STATUS, 0, com.android.server.location.GnssLocationProvider$SvStatusInfo@8ab12b2)
2020-04-07 20:47:34.264 1844-1962/? I/GnssLocationProvider: WakeLock acquired by sendMessage(REPORT_SV_STATUS, 0, com.android.server.location.GnssLocationProvider$SvStatusInfo@8356203)
2020-04-07 20:47:34.264 1844-1866/? I/GnssLocationProvider: WakeLock released by handleMessage(REPORT_SV_STATUS, 0, com.android.server.location.GnssLocationProvider$SvStatusInfo@8356203)
2020-04-07 20:47:35.264 1844-1962/? I/GnssLocationProvider: WakeLock acquired by sendMessage(REPORT_SV_STATUS, 0, com.android.server.location.GnssLocationProvider$SvStatusInfo@3e9d580)
2020-04-07 20:47:35.264 1844-1866/? I/GnssLocationProvider: WakeLock released by handleMessage(REPORT_SV_STATUS, 0, com.android.server.location.GnssLocationProvider$SvStatusInfo@3e9d580)
2020-04-07 20:47:36.264 1844-1962/? I/GnssLocationProvider: WakeLock acquired by sendMessage(REPORT_SV_STATUS, 0, com.android.server.location.GnssLocationProvider$SvStatusInfo@a9d17b9)
2020-04-07 20:47:36.264 1844-1866/? I/GnssLocationProvider: WakeLock released by handleMessage(REPORT_SV_STATUS, 0, com.android.server.location.GnssLocationProvider$SvStatusInfo@a9d17b9)
2020-04-07 20:47:37.264 1844-1962/? I/GnssLocationProvider: WakeLock acquired by sendMessage(REPORT_SV_STATUS, 0, com.android.server.location.GnssLocationProvider$SvStatusInfo@433a7fe)
2020-04-07 20:47:37.265 1844-1866/? I/GnssLocationProvider: WakeLock released by handleMessage(REPORT_SV_STATUS, 0, com.android.server.location.GnssLocationProvider$SvStatusInfo@433a7fe)
2020-04-07 20:47:38.264 1844-1962/? I/GnssLocationProvider: WakeLock acquired by sendMessage(REPORT_SV_STATUS, 0, com.android.server.location.GnssLocationProvider$SvStatusInfo@3a21b5f)
2020-04-07 20:47:38.265 1844-1866/? I/GnssLocationProvider: WakeLock released by handleMessage(REPORT_SV_STATUS, 0, com.android.server.location.GnssLocationProvider$SvStatusInfo@3a21b5f)
2020-04-07 20:47:39.264 1844-1962/? I/GnssLocationProvider: WakeLock acquired by sendMessage(REPORT_SV_STATUS, 0, com.android.server.location.GnssLocationProvider$SvStatusInfo@ad6c9ac)
2020-04-07 20:47:39.265 1844-1866/? I/GnssLocationProvider: WakeLock released by handleMessage(REPORT_SV_STATUS, 0, com.android.server.location.GnssLocationProvider$SvStatusInfo@ad6c9ac)
2020-04-07 20:47:40.265 1844-1962/? I/GnssLocationProvider: WakeLock acquired by sendMessage(REPORT_SV_STATUS, 0, com.android.server.location.GnssLocationProvider$SvStatusInfo@5ee7675)
2020-04-07 20:47:40.265 1844-1866/? I/GnssLocationProvider: WakeLock released by handleMessage(REPORT_SV_STATUS, 0, com.android.server.location.GnssLocationProvider$SvStatusInfo@5ee7675)
2020-04-07 20:47:41.265 1844-1962/? I/GnssLocationProvider: WakeLock acquired by sendMessage(REPORT_SV_STATUS, 0, com.android.server.location.GnssLocationProvider$SvStatusInfo@21e460a)
2020-04-07 20:47:41.265 1844-1866/? I/GnssLocationProvider: WakeLock released by handleMessage(REPORT_SV_STATUS, 0, com.android.server.location.GnssLocationProvider$SvStatusInfo@21e460a)
2020-04-07 20:47:42.264 1844-1962/? I/GnssLocationProvider: WakeLock acquired by sendMessage(REPORT_SV_STATUS, 0, com.android.server.location.GnssLocationProvider$SvStatusInfo@5f70e7b)
2020-04-07 20:47:42.265 1844-1866/? I/GnssLocationProvider: WakeLock released by handleMessage(REPORT_SV_STATUS, 0, com.android.server.location.GnssLocationProvider$SvStatusInfo@5f70e7b)
2020-04-07 20:47:43.265 1844-1962/? I/GnssLocationProvider: WakeLock acquired by sendMessage(REPORT_SV_STATUS, 0, com.android.server.location.GnssLocationProvider$SvStatusInfo@ebcd498)
2020-04-07 20:47:43.266 1844-1866/? I/GnssLocationProvider: WakeLock released by handleMessage(REPORT_SV_STATUS, 0, com.android.server.location.GnssLocationProvider$SvStatusInfo@ebcd498)
2020-04-07 20:47:43.568 1844-1871/? E/BatteryExternalStatsWorker: no controller energy info supplied for wifi
2020-04-07 20:47:44.264 1844-1962/? I/GnssLocationProvider: WakeLock acquired by sendMessage(REPORT_SV_STATUS, 0, com.android.server.location.GnssLocationProvider$SvStatusInfo@4bd04f1)
2020-04-07 20:47:44.265 1844-1866/? I/GnssLocationProvider: WakeLock released by handleMessage(REPORT_SV_STATUS, 0, com.android.server.location.GnssLocationProvider$SvStatusInfo@4bd04f1)
2020-04-07 20:47:45.265 1844-1962/? I/GnssLocationProvider: WakeLock acquired by sendMessage(REPORT_SV_STATUS, 0, com.android.server.location.GnssLocationProvider$SvStatusInfo@f62b8d6)
2020-04-07 20:47:45.265 1844-1866/? I/GnssLocationProvider: WakeLock released by handleMessage(REPORT_SV_STATUS, 0, com.android.server.location.GnssLocationProvider$SvStatusInfo@f62b8d6)
2020-04-07 20:47:46.115 6795-6795/com.example.myapplication D/button: print test 2
2020-04-07 20:47:46.115 6795-6795/com.example.myapplication D/button: connect button pressed
2020-04-07 20:47:46.123 1594-3798/? W/audio_hw_generic: Not supplying enough data to HAL, expected position 6509717 , only wrote 6509520
2020-04-07 20:47:46.169 6795-6865/com.example.myapplication D/connect:  LINE: SUBMITNAME
2020-04-07 20:47:46.174 6795-6865/com.example.myapplication D/connect:  LINE: NAMEACCEPTED
2020-04-07 20:47:46.264 1844-1962/? I/GnssLocationProvider: WakeLock acquired by sendMessage(REPORT_SV_STATUS, 0, com.android.server.location.GnssLocationProvider$SvStatusInfo@cde1757)
2020-04-07 20:47:46.265 1844-1866/? I/GnssLocationProvider: WakeLock released by handleMessage(REPORT_SV_STATUS, 0, com.android.server.location.GnssLocationProvider$SvStatusInfo@cde1757)
2020-04-07 20:47:46.747 1713-1757/? E/storaged: getDiskStats failed with result NOT_SUPPORTED and size 0
2020-04-07 20:47:47.267 1844-1962/? I/GnssLocationProvider: WakeLock acquired by sendMessage(REPORT_SV_STATUS, 0, com.android.server.location.GnssLocationProvider$SvStatusInfo@9f6a244)
2020-04-07 20:47:47.267 1844-1866/? I/GnssLocationProvider: WakeLock released by handleMessage(REPORT_SV_STATUS, 0, com.android.server.location.GnssLocationProvider$SvStatusInfo@9f6a244)
2020-04-07 20:47:47.748 1799-1799/? E/netmgr: Failed to open QEMU pipe 'qemud:network': Invalid argument
2020-04-07 20:47:47.748 1799-1799/? E/netmgr: WifiForwarder unable to open QEMU pipe: Invalid argument
2020-04-07 20:47:48.264 1844-1962/? I/GnssLocationProvider: WakeLock acquired by sendMessage(REPORT_SV_STATUS, 0, com.android.server.location.GnssLocationProvider$SvStatusInfo@80bff2d)
2020-04-07 20:47:48.264 1844-1866/? I/GnssLocationProvider: WakeLock released by handleMessage(REPORT_SV_STATUS, 0, com.android.server.location.GnssLocationProvider$SvStatusInfo@80bff2d)
2020-04-07 20:47:49.265 1844-1962/? I/GnssLocationProvider: WakeLock acquired by sendMessage(REPORT_SV_STATUS, 0, com.android.server.location.GnssLocationProvider$SvStatusInfo@ea98c62)
2020-04-07 20:47:49.265 1844-1866/? I/GnssLocationProvider: WakeLock released by handleMessage(REPORT_SV_STATUS, 0, com.android.server.location.GnssLocationProvider$SvStatusInfo@ea98c62)
2020-04-07 20:47:49.267 6795-6865/com.example.myapplication D/ec: eeee
    
    --------- beginning of crash
2020-04-07 20:47:49.271 6795-6865/com.example.myapplication E/AndroidRuntime: FATAL EXCEPTION: AsyncTask #6
    Process: com.example.myapplication, PID: 6795
    java.lang.RuntimeException: An error occurred while executing doInBackground()
        at android.os.AsyncTask$3.done(AsyncTask.java:354)
        at java.util.concurrent.FutureTask.finishCompletion(FutureTask.java:383)
        at java.util.concurrent.FutureTask.setException(FutureTask.java:252)
        at java.util.concurrent.FutureTask.run(FutureTask.java:271)
        at android.os.AsyncTask$SerialExecutor$1.run(AsyncTask.java:245)
        at java.util.concurrent.ThreadPoolExecutor.runWorker(ThreadPoolExecutor.java:1167)
        at java.util.concurrent.ThreadPoolExecutor$Worker.run(ThreadPoolExecutor.java:641)
        at java.lang.Thread.run(Thread.java:764)
     Caused by: com.google.gson.JsonSyntaxException: com.google.gson.stream.MalformedJsonException: Expected value at line 1 column 1 path $
        at com.google.gson.Gson.fromJson(Gson.java:947)
        at com.google.gson.Gson.fromJson(Gson.java:897)
        at com.google.gson.Gson.fromJson(Gson.java:846)
        at com.google.gson.Gson.fromJson(Gson.java:817)
        at com.example.myapplication.JPAKEPlusEC.JPAKEPlusEC.jpakePlusEC(JPAKEPlusEC.java:97)
        at com.example.myapplication.JPAKEPlusEC.JPAKEPlusEC.doInBackground(JPAKEPlusEC.java:86)
        at com.example.myapplication.JPAKEPlusEC.JPAKEPlusEC.doInBackground(JPAKEPlusEC.java:28)
        at android.os.AsyncTask$2.call(AsyncTask.java:333)
        at java.util.concurrent.FutureTask.run(FutureTask.java:266)
        at android.os.AsyncTask$SerialExecutor$1.run(AsyncTask.java:245) 
        at java.util.concurrent.ThreadPoolExecutor.runWorker(ThreadPoolExecutor.java:1167) 
        at java.util.concurrent.ThreadPoolExecutor$Worker.run(ThreadPoolExecutor.java:641) 
        at java.lang.Thread.run(Thread.java:764) 
     Caused by: com.google.gson.stream.MalformedJsonException: Expected value at line 1 column 1 path $
        at com.google.gson.stream.JsonReader.syntaxError(JsonReader.java:1564)
        at com.google.gson.stream.JsonReader.doPeek(JsonReader.java:591)
        at com.google.gson.stream.JsonReader.peek(JsonReader.java:426)
        at com.google.gson.Gson.fromJson(Gson.java:928)
        at com.google.gson.Gson.fromJson(Gson.java:897) 
        at com.google.gson.Gson.fromJson(Gson.java:846) 
        at com.google.gson.Gson.fromJson(Gson.java:817) 
        at com.example.myapplication.JPAKEPlusEC.JPAKEPlusEC.jpakePlusEC(JPAKEPlusEC.java:97) 
        at com.example.myapplication.JPAKEPlusEC.JPAKEPlusEC.doInBackground(JPAKEPlusEC.java:86) 
        at com.example.myapplication.JPAKEPlusEC.JPAKEPlusEC.doInBackground(JPAKEPlusEC.java:28) 
        at android.os.AsyncTask$2.call(AsyncTask.java:333) 
        at java.util.concurrent.FutureTask.run(FutureTask.java:266) 
        at android.os.AsyncTask$SerialExecutor$1.run(AsyncTask.java:245) 
        at java.util.concurrent.ThreadPoolExecutor.runWorker(ThreadPoolExecutor.java:1167) 
        at java.util.concurrent.ThreadPoolExecutor$Worker.run(ThreadPoolExecutor.java:641) 
        at java.lang.Thread.run(Thread.java:764) 
2020-04-07 20:47:49.275 1844-2144/? W/ActivityManager:   Force finishing activity com.example.myapplication/.MainActivity
2020-04-07 20:47:49.294 6795-6804/com.example.myapplication W/System: A resource failed to call close. 
2020-04-07 20:47:49.296 6795-6804/com.example.myapplication W/System: A resource failed to call close. 
2020-04-07 20:47:49.305 1844-1866/? E/memtrack: Couldn't load memtrack module
2020-04-07 20:47:49.305 1844-1866/? W/android.os.Debug: failed to get memory consumption info: -1
2020-04-07 20:47:49.308 1844-1867/? W/BroadcastQueue: Background execution not allowed: receiving Intent { act=android.intent.action.DROPBOX_ENTRY_ADDED flg=0x10 (has extras) } to com.google.android.gms/.stats.service.DropBoxEntryAddedReceiver
2020-04-07 20:47:49.309 1844-1867/? W/BroadcastQueue: Background execution not allowed: receiving Intent { act=android.intent.action.DROPBOX_ENTRY_ADDED flg=0x10 (has extras) } to com.google.android.gms/.chimera.GmsIntentOperationService$PersistentTrustedReceiver
2020-04-07 20:47:49.315 1604-1604/? D/gralloc_ranchu: gralloc_alloc: Creating ashmem region of size 9592832
2020-04-07 20:47:49.335 1604-1645/? D/gralloc_ranchu: gralloc_alloc: Creating ashmem region of size 9592832
2020-04-07 20:47:49.346 1604-2641/? D/gralloc_ranchu: gralloc_alloc: Creating ashmem region of size 9592832
2020-04-07 20:47:49.348 1594-1673/? W/audio_hw_generic: Not supplying enough data to HAL, expected position 6817440 , only wrote 6664320
2020-04-07 20:47:49.363 6795-6865/com.example.myapplication I/Process: Sending signal. PID: 6795 SIG: 9
2020-04-07 20:47:49.377 2458-2790/? D/EGL_emulation: eglMakeCurrent: 0xeb43dc00: ver 3 0 (tinfo 0xeb403710)
2020-04-07 20:47:49.389 1700-1700/? D/SurfaceFlinger: duplicate layer name: changing com.google.android.apps.nexuslauncher/com.google.android.apps.nexuslauncher.NexusLauncherActivity to com.google.android.apps.nexuslauncher/com.google.android.apps.nexuslauncher.NexusLauncherActivity#1
2020-04-07 20:47:49.398 1604-2641/? D/gralloc_ranchu: gralloc_alloc: Creating ashmem region of size 9592832
2020-04-07 20:47:49.412 1604-1645/? D/gralloc_ranchu: gralloc_alloc: Creating ashmem region of size 9592832
2020-04-07 20:47:49.417 2458-2458/? W/SessionLifecycleManager: Handover failed. Creating new session controller.
2020-04-07 20:47:49.424 2458-2458/? W/ThreadPoolDumper: Queue length for executor Lightweight is now 11. Perhaps some tasks are too long, or the pool is too small.
2020-04-07 20:47:49.431 1604-2641/? D/gralloc_ranchu: gralloc_alloc: Creating ashmem region of size 9592832
2020-04-07 20:47:49.445 1844-1930/? W/InputDispatcher: channel '7e0b383 com.example.myapplication/com.example.myapplication.MainActivity (server)' ~ Consumer closed input channel or an error occurred.  events=0x9
2020-04-07 20:47:49.445 1844-1930/? E/InputDispatcher: channel '7e0b383 com.example.myapplication/com.example.myapplication.MainActivity (server)' ~ Channel is unrecoverably broken and will be disposed!
2020-04-07 20:47:49.447 1844-2505/? I/WindowManager: WIN DEATH: Window{7e0b383 u0 com.example.myapplication/com.example.myapplication.MainActivity}
2020-04-07 20:47:49.447 1844-2505/? W/InputDispatcher: Attempted to unregister already unregistered input channel '7e0b383 com.example.myapplication/com.example.myapplication.MainActivity (server)'
2020-04-07 20:47:49.456 1844-2496/? I/ActivityManager: Process com.example.myapplication (pid 6795) has died: vis  +99TOP 
2020-04-07 20:47:49.457 1844-1870/? W/libprocessgroup: kill(-6795, 9) failed: No such process
2020-04-07 20:47:49.465 1700-1729/? W/SurfaceFlinger: Attempting to set client state on removed layer: com.example.myapplication/com.example.myapplication.MainActivity#0
2020-04-07 20:47:49.465 1700-1729/? W/SurfaceFlinger: Attempting to destroy on removed layer: com.example.myapplication/com.example.myapplication.MainActivity#0
2020-04-07 20:47:49.472 1844-1879/? W/ActivityManager: setHasOverlayUi called on unknown pid: 6795
2020-04-07 20:47:49.480 2520-2634/? D/EGL_emulation: eglMakeCurrent: 0xeb446840: ver 3 0 (tinfo 0xeb403900)
2020-04-07 20:47:49.496 1701-1701/? I/Zygote: Process 6795 exited due to signal (9)
2020-04-07 20:47:49.505 1844-1870/? W/libprocessgroup: kill(-6795, 9) failed: No such process
2020-04-07 20:47:49.505 1844-1870/? I/libprocessgroup: Successfully killed process cgroup uid 10086 pid 6795 in 48ms
2020-04-07 20:47:49.515 1970-1970/? I/GoogleInputMethod: onFinishInput() : Dummy InputConnection bound
2020-04-07 20:47:49.515 1970-1970/? I/GoogleInputMethod: onStartInput() : Dummy InputConnection bound
2020-04-07 20:47:49.524 1987-2232/? D/EGL_emulation: eglMakeCurrent: 0xeb43b240: ver 3 0 (tinfo 0xeb4034c0)
2020-04-07 20:47:49.571 1844-4307/? D/HostConnection: HostConnection::get() New Host Connection established 0xd439a530, tid 4307
2020-04-07 20:47:49.587 1844-4307/? D/HostConnection: HostComposition ext ANDROID_EMU_CHECKSUM_HELPER_v1 ANDROID_EMU_native_sync_v2 ANDROID_EMU_native_sync_v3 ANDROID_EMU_native_sync_v4 ANDROID_EMU_dma_v1 ANDROID_EMU_YUV420_888_to_NV21 ANDROID_EMU_YUV_Cache ANDROID_EMU_async_unmap_buffer GL_OES_EGL_image_external_essl3 GL_OES_vertex_array_object GL_KHR_texture_compression_astc_ldr ANDROID_EMU_gles_max_version_3_0 
2020-04-07 20:47:49.588 1844-4307/? I/ConfigStore: android::hardware::configstore::V1_0::ISurfaceFlingerConfigs::hasWideColorDisplay retrieved: 0
2020-04-07 20:47:49.588 1844-4307/? I/ConfigStore: android::hardware::configstore::V1_0::ISurfaceFlingerConfigs::hasHDRDisplay retrieved: 0
2020-04-07 20:47:49.589 1844-4307/? I/OpenGLRenderer: Initialized EGL, version 1.4
2020-04-07 20:47:49.589 1844-4307/? D/OpenGLRenderer: Swap behavior 1
2020-04-07 20:47:49.589 1844-4307/? W/OpenGLRenderer: Failed to choose config with EGL_SWAP_BEHAVIOR_PRESERVED, retrying without...
2020-04-07 20:47:49.589 1844-4307/? D/OpenGLRenderer: Swap behavior 0
2020-04-07 20:47:49.623 1844-4307/? D/eglCodecCommon: setVertexArrayObject: set vao to 0 (0) 0 0
2020-04-07 20:47:49.623 1844-4307/? D/EGL_emulation: eglCreateContext: 0xcdbdc020: maj 3 min 0 rcv 3
2020-04-07 20:47:49.643 1844-4307/? D/EGL_emulation: eglMakeCurrent: 0xcdbdc020: ver 3 0 (tinfo 0xc5ac11a0)
2020-04-07 20:47:49.665 1604-2641/? D/gralloc_ranchu: gralloc_alloc: Creating ashmem region of size 2400256
2020-04-07 20:47:49.695 2458-2458/? I/MicroDetectionWorker: #startMicroDetector [speakerMode: 0]
2020-04-07 20:47:49.696 2458-2458/? I/AudioController: Using mInputStreamFactoryBuilder
2020-04-07 20:47:49.696 2458-2458/? I/AudioController: Created new AudioSource
2020-04-07 20:47:49.697 2458-2458/? I/MicroDetectionWorker: onReady
2020-04-07 20:47:49.722 2458-6886/? W/LocationOracle: No location history returned by ContextManager
2020-04-07 20:47:49.757 2458-6885/? I/MicroRecognitionRunner: Starting detection.
2020-04-07 20:47:49.762 2458-6879/? I/MicrophoneInputStream: mic_starting  SR : 16000 CC : 16 SO : 6
2020-04-07 20:47:49.768 1617-1671/? E/AudioPolicyIntefaceImpl: getInputForAttr permission denied: recording not allowed for uid 10041 pid 2458
2020-04-07 20:47:49.768 1617-1671/? E/AudioFlinger: createRecord() checkRecordThread_l failed
2020-04-07 20:47:49.768 1844-2144/? I/GnssLocationProvider: WakeLock acquired by sendMessage(SET_REQUEST, 0, com.android.server.location.GnssLocationProvider$GpsRequest@20e0cca)
2020-04-07 20:47:49.769 2458-6879/? E/IAudioFlinger: createRecord returned error -22
2020-04-07 20:47:49.769 2458-6879/? E/AudioRecord: AudioFlinger could not create record track, status: -22
2020-04-07 20:47:49.770 1844-1866/? I/GnssLocationProvider: WakeLock released by handleMessage(SET_REQUEST, 0, com.android.server.location.GnssLocationProvider$GpsRequest@20e0cca)
2020-04-07 20:47:49.771 1844-1962/? I/GnssLocationProvider: WakeLock acquired by sendMessage(REPORT_SV_STATUS, 0, com.android.server.location.GnssLocationProvider$SvStatusInfo@61d2e3b)
2020-04-07 20:47:49.772 1987-2232/? D/EGL_emulation: eglMakeCurrent: 0xeb43b240: ver 3 0 (tinfo 0xeb4034c0)
2020-04-07 20:47:49.773 1844-1962/? I/GnssLocationProvider: WakeLock acquired by sendMessage(REPORT_LOCATION, 1, Location[gps 37.421998,-122.084000 hAcc=20 et=?!? alt=5.0 vel=0.0 bear=0.0 vAcc=??? sAcc=??? bAcc=???])
2020-04-07 20:47:49.775 1844-1866/? I/GnssLocationProvider: WakeLock released by handleMessage(REPORT_SV_STATUS, 0, com.android.server.location.GnssLocationProvider$SvStatusInfo@61d2e3b)
2020-04-07 20:47:49.778 2458-6879/? E/AudioRecord-JNI: Error creating AudioRecord instance: initialization check failed with status -22.
2020-04-07 20:47:49.779 1987-2232/? D/EGL_emulation: eglMakeCurrent: 0xeb43b240: ver 3 0 (tinfo 0xeb4034c0)
2020-04-07 20:47:49.780 2458-6879/? E/android.media.AudioRecord: Error code -20 when initializing native AudioRecord object.
2020-04-07 20:47:49.780 2458-6879/? I/MicrophoneInputStream: mic_started  SR : 16000 CC : 16 SO : 6
2020-04-07 20:47:49.780 2458-6879/? E/ActivityThread: Failed to find provider info for com.google.android.apps.gsa.testing.ui.audio.recorded
2020-04-07 20:47:49.780 2458-2458/? I/MicroDetectionWorker: onReady
2020-04-07 20:47:49.781 2458-6885/? W/SpeechLevelGenerator: Really low audio levels detected. The audio input may have issues.
2020-04-07 20:47:49.783 1844-1962/? I/GnssLocationProvider: WakeLock acquired by sendMessage(REPORT_SV_STATUS, 0, com.android.server.location.GnssLocationProvider$SvStatusInfo@b24d958)
2020-04-07 20:47:49.784 1844-1866/? I/GnssLocationProvider: WakeLock released by handleMessage(REPORT_LOCATION, 1, Location[gps 37.421998,-122.084000 hAcc=20 et=+3h27m13s900ms alt=5.0 vel=0.0 bear=0.0 vAcc=??? sAcc=??? bAcc=??? {Bundle[{satellites=0, maxCn0=0, meanCn0=0}]}])
2020-04-07 20:47:49.788 2458-6879/? I/MicrophoneInputStream: mic_close  SR : 16000 CC : 16 SO : 6
2020-04-07 20:47:49.788 1987-2232/? D/EGL_emulation: eglMakeCurrent: 0xeb43b240: ver 3 0 (tinfo 0xeb4034c0)
2020-04-07 20:47:49.793 1987-2232/? D/EGL_emulation: eglMakeCurrent: 0xeb43b240: ver 3 0 (tinfo 0xeb4034c0)
2020-04-07 20:47:49.796 1844-1866/? I/GnssLocationProvider: WakeLock released by handleMessage(REPORT_SV_STATUS, 0, com.android.server.location.GnssLocationProvider$SvStatusInfo@b24d958)
2020-04-07 20:47:49.809 2458-6885/? I/MicroRecognitionRunner: Detection finished
2020-04-07 20:47:49.809 2458-6885/? W/ErrorReporter: reportError [type: 211, code: 524300]: Error reading from input stream
2020-04-07 20:47:49.812 2269-3205/? I/Places: Converted 0 out of 1 WiFi scans
2020-04-07 20:47:49.819 2269-6579/? I/Places: ?: Couldn't find platform key file.
2020-04-07 20:47:49.822 2269-5507/? I/Places: ?: Couldn't find platform key file.
2020-04-07 20:47:49.824 2269-6708/? I/Places: ?: Couldn't find platform key file.
2020-04-07 20:47:49.825 2458-6885/? W/ErrorProcessor: onFatalError, processing error from engine(4)
    com.google.android.apps.gsa.shared.speech.b.g: Error reading from input stream
        at com.google.android.apps.gsa.staticplugins.microdetection.d.k.a(SourceFile:91)
        at com.google.android.apps.gsa.staticplugins.microdetection.d.l.run(Unknown Source:14)
        at com.google.android.libraries.gsa.runner.a.a.b(SourceFile:32)
        at com.google.android.libraries.gsa.runner.a.c.call(Unknown Source:4)
        at java.util.concurrent.FutureTask.run(FutureTask.java:266)
        at java.util.concurrent.Executors$RunnableAdapter.call(Executors.java:458)
        at java.util.concurrent.FutureTask.run(FutureTask.java:266)
        at com.google.android.apps.gsa.shared.util.concurrent.b.g.run(Unknown Source:4)
        at com.google.android.apps.gsa.shared.util.concurrent.b.aw.run(SourceFile:4)
        at com.google.android.apps.gsa.shared.util.concurrent.b.aw.run(SourceFile:4)
        at java.util.concurrent.ThreadPoolExecutor.runWorker(ThreadPoolExecutor.java:1167)
        at java.util.concurrent.ThreadPoolExecutor$Worker.run(ThreadPoolExecutor.java:641)
        at java.lang.Thread.run(Thread.java:764)
        at com.google.android.apps.gsa.shared.util.concurrent.b.i.run(SourceFile:6)
     Caused by: com.google.android.apps.gsa.shared.exception.GsaIOException: Error code: 393238 | Buffer overflow, no available space.
        at com.google.android.apps.gsa.speech.audio.Tee.j(SourceFile:103)
        at com.google.android.apps.gsa.speech.audio.au.read(SourceFile:2)
        at java.io.InputStream.read(InputStream.java:101)
        at com.google.android.apps.gsa.speech.audio.ao.run(SourceFile:17)
        at com.google.android.apps.gsa.speech.audio.an.run(SourceFile:2)
        at java.util.concurrent.Executors$RunnableAdapter.call(Executors.java:458)
        at java.util.concurrent.FutureTask.run(FutureTask.java:266) 
        at java.util.concurrent.Executors$RunnableAdapter.call(Executors.java:458) 
        at java.util.concurrent.FutureTask.run(FutureTask.java:266) 
        at com.google.android.apps.gsa.shared.util.concurrent.b.g.run(Unknown Source:4) 
        at com.google.android.apps.gsa.shared.util.concurrent.b.aw.run(SourceFile:4) 
        at com.google.android.apps.gsa.shared.util.concurrent.b.aw.run(SourceFile:4) 
        at java.util.concurrent.ThreadPoolExecutor.runWorker(ThreadPoolExecutor.java:1167) 
        at java.util.concurrent.ThreadPoolExecutor$Worker.run(ThreadPoolExecutor.java:641) 
        at java.lang.Thread.run(Thread.java:764) 
        at com.google.android.apps.gsa.shared.util.concurrent.b.i.run(SourceFile:6) 
2020-04-07 20:47:49.825 2458-6885/? I/AudioController: internalShutdown
2020-04-07 20:47:49.825 2458-2988/? I/MicroRecognitionRunner: Stopping hotword detection.
2020-04-07 20:47:49.826 2458-2458/? I/MicroDetector: Keeping mic open: false
2020-04-07 20:47:49.826 2458-2458/? I/MicroDetectionWorker: #onError(false)
2020-04-07 20:47:49.827 2458-6877/? I/DeviceStateChecker: DeviceStateChecker cancelled
2020-04-07 20:47:49.844 2269-6577/? W/ctxmgr: [AclManager] No 3 for (accnt=account#-517948760#, com.google.android.gms(10013):UserVelocityProducer, vrsn=200616031, 0, 3pPkg = null ,  3pMdlId = null ,  pid = 2269). Was: 3 for 1, account#-517948760# [CONTEXT service_id=47 ]
2020-04-07 20:47:49.852 2269-6889/? I/PlaceInferenceEngine: No beacon scan available - ignoring candidates.
2020-04-07 20:47:49.853 2269-6708/? I/Places: ?: Couldn't find platform key file.
2020-04-07 20:47:49.862 2269-6889/? I/PlaceInferenceEngine: No beacon scan available - ignoring candidates.
2020-04-07 20:47:49.862 2269-6708/? I/Places: ?: Couldn't find platform key file.
2020-04-07 20:47:49.879 2269-6889/? I/Places: ?: Couldn't find platform key file.
2020-04-07 20:47:49.961 2269-6577/? I/Places: ?: Couldn't find platform key file.
2020-04-07 20:47:49.962 2269-6577/? I/Places: ?: Couldn't find platform key file.
2020-04-07 20:47:49.980 2269-3205/? I/Places: ?: PlacesBleScanner start() with priority 2
2020-04-07 20:47:49.984 2269-3205/? I/PlaceInferenceEngine: [anon] Changed inference mode: 1
2020-04-07 20:47:49.985 2269-3205/? I/PlaceInferenceEngine: [account#-29786098] Changed inference mode: 1
2020-04-07 20:47:49.985 2269-2269/? E/BeaconBle: Missing BluetoothAdapter
2020-04-07 20:47:49.985 2269-2269/? I/BeaconBle: BLE 'KK+' software access layer enabled
2020-04-07 20:47:49.995 2269-3205/? I/Places: Converted 0 out of 1 WiFi scans
2020-04-07 20:47:50.001 2269-6577/? I/Places: ?: Couldn't find platform key file.
2020-04-07 20:47:50.002 2269-6889/? I/Places: ?: Couldn't find platform key file.
2020-04-07 20:47:50.003 2269-6890/? I/Places: ?: Couldn't find platform key file.
2020-04-07 20:47:50.017 2269-2269/? I/BeaconBle: Client requested scan, settings=BleSettings [scanMode=ZERO_POWER, callbackType=ALL_MATCHES, reportDelayMillis=0, 1 filters, 0 clients, callingClientName=Places]
2020-04-07 20:47:50.017 2269-2269/? I/BeaconBle: Scan : No clients left, canceling alarm.
2020-04-07 20:47:50.018 2269-2269/? E/BeaconBle: Scan couldn't start for Places
2020-04-07 20:47:50.018 2269-2269/? W/Places: BLE failure while scanning - code 5
2020-04-07 20:47:50.020 2269-3205/? I/Places: ?: PlacesBleScanner stop()
2020-04-07 20:47:50.020 2269-2269/? I/BeaconBle: Scan : No clients left, canceling alarm.
2020-04-07 20:47:50.021 2269-2269/? I/BeaconBle: Scan canceled successfully.
2020-04-07 20:47:50.028 2269-3205/? I/PlaceInferenceEngine: [anon] Changed inference mode: 1
2020-04-07 20:47:50.028 2269-3205/? I/PlaceInferenceEngine: [account#-29786098] Changed inference mode: 1
2020-04-07 20:47:50.033 2269-6577/? I/Places: ?: Couldn't find platform key file.
2020-04-07 20:47:50.033 2269-6889/? I/PlaceInferenceEngine: No beacon scan available - ignoring candidates.
2020-04-07 20:47:50.047 2269-6889/? I/PlaceInferenceEngine: No beacon scan available - ignoring candidates.
2020-04-07 20:47:50.052 2269-5507/? I/Places: ?: Couldn't find platform key file.
2020-04-07 20:47:50.055 2269-5507/? I/Places: ?: Couldn't find platform key file.
2020-04-07 20:47:50.267 1844-1962/? I/GnssLocationProvider: WakeLock acquired by sendMessage(REPORT_SV_STATUS, 0, com.android.server.location.GnssLocationProvider$SvStatusInfo@c345007)
2020-04-07 20:47:50.268 1844-1866/? I/GnssLocationProvider: WakeLock released by handleMessage(REPORT_SV_STATUS, 0, com.android.server.location.GnssLocationProvider$SvStatusInfo@c345007)
2020-04-07 20:47:51.265 1844-1962/? I/GnssLocationProvider: WakeLock acquired by sendMessage(REPORT_SV_STATUS, 0, com.android.server.location.GnssLocationProvider$SvStatusInfo@fe31f5d)
2020-04-07 20:47:51.265 1844-1866/? I/GnssLocationProvider: WakeLock released by handleMessage(REPORT_SV_STATUS, 0, com.android.server.location.GnssLocationProvider$SvStatusInfo@fe31f5d)
2020-04-07 20:47:52.264 1844-1962/? I/GnssLocationProvider: WakeLock acquired by sendMessage(REPORT_SV_STATUS, 0, com.android.server.location.GnssLocationProvider$SvStatusInfo@630e0d2)
2020-04-07 20:47:52.265 1844-1866/? I/GnssLocationProvider: WakeLock released by handleMessage(REPORT_SV_STATUS, 0, com.android.server.location.GnssLocationProvider$SvStatusInfo@630e0d2)
2020-04-07 20:47:52.532 1844-1968/? E/TaskPersister: File error accessing recents directory (directory doesn't exist?).
2020-04-07 20:47:53.265 1844-1962/? I/GnssLocationProvider: WakeLock acquired by sendMessage(REPORT_SV_STATUS, 0, com.android.server.location.GnssLocationProvider$SvStatusInfo@bbbe5a3)
2020-04-07 20:47:53.265 1844-1866/? I/GnssLocationProvider: WakeLock released by handleMessage(REPORT_SV_STATUS, 0, com.android.server.location.GnssLocationProvider$SvStatusInfo@bbbe5a3)
2020-04-07 20:47:54.265 1844-1962/? I/GnssLocationProvider: WakeLock acquired by sendMessage(REPORT_SV_STATUS, 0, com.android.server.location.GnssLocationProvider$SvStatusInfo@e0aa0a0)
2020-04-07 20:47:54.266 1844-1866/? I/GnssLocationProvider: WakeLock released by handleMessage(REPORT_SV_STATUS, 0, com.android.server.location.GnssLocationProvider$SvStatusInfo@e0aa0a0)
2020-04-07 20:47:54.699 2458-6885/? I/EventLogSendingHelper: Sending log events.
2020-04-07 20:47:54.831 2458-2458/? I/MicroDetectionWorker: #startMicroDetector [speakerMode: 0]
2020-04-07 20:47:54.832 2458-2458/? I/AudioController: Using mInputStreamFactoryBuilder
2020-04-07 20:47:54.832 2458-2458/? I/AudioController: Created new AudioSource
2020-04-07 20:47:54.836 2458-2458/? I/MicroDetectionWorker: onReady
2020-04-07 20:47:54.849 2458-6885/? I/MicroRecognitionRunner: Starting detection.
2020-04-07 20:47:54.850 2458-6879/? I/MicrophoneInputStream: mic_starting  SR : 16000 CC : 16 SO : 6
2020-04-07 20:47:54.852 1617-1671/? E/AudioPolicyIntefaceImpl: getInputForAttr permission denied: recording not allowed for uid 10041 pid 2458
2020-04-07 20:47:54.852 1617-1671/? E/AudioFlinger: createRecord() checkRecordThread_l failed
2020-04-07 20:47:54.852 2458-6879/? E/IAudioFlinger: createRecord returned error -22
