2020-04-07 20:50:38.284 1844-1962/? I/GnssLocationProvider: WakeLock acquired by sendMessage(REPORT_SV_STATUS, 0, com.android.server.location.GnssLocationProvider$SvStatusInfo@e432641)
2020-04-07 20:50:38.285 1844-1866/? I/GnssLocationProvider: WakeLock released by handleMessage(REPORT_SV_STATUS, 0, com.android.server.location.GnssLocationProvider$SvStatusInfo@e432641)
2020-04-07 20:50:39.283 1844-1962/? I/GnssLocationProvider: WakeLock acquired by sendMessage(REPORT_SV_STATUS, 0, com.android.server.location.GnssLocationProvider$SvStatusInfo@f8547e6)
2020-04-07 20:50:39.284 1844-1866/? I/GnssLocationProvider: WakeLock released by handleMessage(REPORT_SV_STATUS, 0, com.android.server.location.GnssLocationProvider$SvStatusInfo@f8547e6)
2020-04-07 20:50:40.283 1844-1962/? I/GnssLocationProvider: WakeLock acquired by sendMessage(REPORT_SV_STATUS, 0, com.android.server.location.GnssLocationProvider$SvStatusInfo@98be127)
2020-04-07 20:50:40.284 1844-1866/? I/GnssLocationProvider: WakeLock released by handleMessage(REPORT_SV_STATUS, 0, com.android.server.location.GnssLocationProvider$SvStatusInfo@98be127)
2020-04-07 20:50:41.283 1844-1962/? I/GnssLocationProvider: WakeLock acquired by sendMessage(REPORT_SV_STATUS, 0, com.android.server.location.GnssLocationProvider$SvStatusInfo@a52efd4)
2020-04-07 20:50:41.284 1844-1866/? I/GnssLocationProvider: WakeLock released by handleMessage(REPORT_SV_STATUS, 0, com.android.server.location.GnssLocationProvider$SvStatusInfo@a52efd4)
2020-04-07 20:50:42.284 1844-1962/? I/GnssLocationProvider: WakeLock acquired by sendMessage(REPORT_SV_STATUS, 0, com.android.server.location.GnssLocationProvider$SvStatusInfo@c5ae57d)
2020-04-07 20:50:42.284 1844-1866/? I/GnssLocationProvider: WakeLock released by handleMessage(REPORT_SV_STATUS, 0, com.android.server.location.GnssLocationProvider$SvStatusInfo@c5ae57d)
2020-04-07 20:50:43.284 1844-1962/? I/GnssLocationProvider: WakeLock acquired by sendMessage(REPORT_SV_STATUS, 0, com.android.server.location.GnssLocationProvider$SvStatusInfo@4dfc72)
2020-04-07 20:50:43.284 1844-1866/? I/GnssLocationProvider: WakeLock released by handleMessage(REPORT_SV_STATUS, 0, com.android.server.location.GnssLocationProvider$SvStatusInfo@4dfc72)
2020-04-07 20:50:44.284 1844-1962/? I/GnssLocationProvider: WakeLock acquired by sendMessage(REPORT_SV_STATUS, 0, com.android.server.location.GnssLocationProvider$SvStatusInfo@64b68c3)
2020-04-07 20:50:44.286 1844-1866/? I/GnssLocationProvider: WakeLock released by handleMessage(REPORT_SV_STATUS, 0, com.android.server.location.GnssLocationProvider$SvStatusInfo@64b68c3)
2020-04-07 20:50:45.284 1844-1962/? I/GnssLocationProvider: WakeLock acquired by sendMessage(REPORT_SV_STATUS, 0, com.android.server.location.GnssLocationProvider$SvStatusInfo@1d93540)
2020-04-07 20:50:45.286 1844-1866/? I/GnssLocationProvider: WakeLock released by handleMessage(REPORT_SV_STATUS, 0, com.android.server.location.GnssLocationProvider$SvStatusInfo@1d93540)
2020-04-07 20:50:46.283 1844-1962/? I/GnssLocationProvider: WakeLock acquired by sendMessage(REPORT_SV_STATUS, 0, com.android.server.location.GnssLocationProvider$SvStatusInfo@7355c79)
2020-04-07 20:50:46.284 1844-1866/? I/GnssLocationProvider: WakeLock released by handleMessage(REPORT_SV_STATUS, 0, com.android.server.location.GnssLocationProvider$SvStatusInfo@7355c79)
2020-04-07 20:50:46.406 2458-2458/? I/BgTaskExecutorImpl: Starting EXCLUSIVE background task smartspace_update.
2020-04-07 20:50:46.413 1844-1866/? E/memtrack: Couldn't load memtrack module
2020-04-07 20:50:46.413 1844-1866/? W/android.os.Debug: failed to get memory consumption info: -1
2020-04-07 20:50:46.467 2458-6877/? W/VelvetNetworkClient: Cannot connect to server without account
2020-04-07 20:50:35.901 1844-1871/? I/chatty: uid=1000(system) batterystats-wo identical 1 line
2020-04-07 20:50:40.259 1844-1871/? E/BatteryExternalStatsWorker: no controller energy info supplied for wifi
2020-04-07 20:50:46.753 1713-1757/? E/storaged: getDiskStats failed with result NOT_SUPPORTED and size 0
2020-04-07 20:50:47.284 1844-1962/? I/GnssLocationProvider: WakeLock acquired by sendMessage(REPORT_SV_STATUS, 0, com.android.server.location.GnssLocationProvider$SvStatusInfo@401db2b)
2020-04-07 20:50:47.284 1844-1866/? I/GnssLocationProvider: WakeLock released by handleMessage(REPORT_SV_STATUS, 0, com.android.server.location.GnssLocationProvider$SvStatusInfo@401db2b)
2020-04-07 20:50:47.768 1799-1799/? E/netmgr: Failed to open QEMU pipe 'qemud:network': Invalid argument
2020-04-07 20:50:47.768 1799-1799/? E/netmgr: WifiForwarder unable to open QEMU pipe: Invalid argument
2020-04-07 20:50:48.284 1844-1962/? I/GnssLocationProvider: WakeLock acquired by sendMessage(REPORT_SV_STATUS, 0, com.android.server.location.GnssLocationProvider$SvStatusInfo@3d39b88)
2020-04-07 20:50:48.284 1844-1866/? I/GnssLocationProvider: WakeLock released by handleMessage(REPORT_SV_STATUS, 0, com.android.server.location.GnssLocationProvider$SvStatusInfo@3d39b88)
2020-04-07 20:50:49.284 1844-1962/? I/GnssLocationProvider: WakeLock acquired by sendMessage(REPORT_SV_STATUS, 0, com.android.server.location.GnssLocationProvider$SvStatusInfo@dacd921)
2020-04-07 20:50:49.286 1844-1866/? I/GnssLocationProvider: WakeLock released by handleMessage(REPORT_SV_STATUS, 0, com.android.server.location.GnssLocationProvider$SvStatusInfo@dacd921)
2020-04-07 20:50:50.284 1844-1962/? I/GnssLocationProvider: WakeLock acquired by sendMessage(REPORT_SV_STATUS, 0, com.android.server.location.GnssLocationProvider$SvStatusInfo@d46b146)
2020-04-07 20:50:50.284 1844-1866/? I/GnssLocationProvider: WakeLock released by handleMessage(REPORT_SV_STATUS, 0, com.android.server.location.GnssLocationProvider$SvStatusInfo@d46b146)
2020-04-07 20:50:51.284 1844-1962/? I/GnssLocationProvider: WakeLock acquired by sendMessage(REPORT_SV_STATUS, 0, com.android.server.location.GnssLocationProvider$SvStatusInfo@340ff07)
2020-04-07 20:50:51.287 1844-1866/? I/GnssLocationProvider: WakeLock released by handleMessage(REPORT_SV_STATUS, 0, com.android.server.location.GnssLocationProvider$SvStatusInfo@340ff07)
2020-04-07 20:50:52.285 1844-1962/? I/GnssLocationProvider: WakeLock acquired by sendMessage(REPORT_SV_STATUS, 0, com.android.server.location.GnssLocationProvider$SvStatusInfo@86484a3)
2020-04-07 20:50:52.285 1844-1866/? I/GnssLocationProvider: WakeLock released by handleMessage(REPORT_SV_STATUS, 0, com.android.server.location.GnssLocationProvider$SvStatusInfo@86484a3)
2020-04-07 20:50:53.285 1844-1962/? I/GnssLocationProvider: WakeLock acquired by sendMessage(REPORT_SV_STATUS, 0, com.android.server.location.GnssLocationProvider$SvStatusInfo@c4853a0)
2020-04-07 20:50:53.285 1844-1866/? I/GnssLocationProvider: WakeLock released by handleMessage(REPORT_SV_STATUS, 0, com.android.server.location.GnssLocationProvider$SvStatusInfo@c4853a0)
2020-04-07 20:50:54.284 1844-1962/? I/GnssLocationProvider: WakeLock acquired by sendMessage(REPORT_SV_STATUS, 0, com.android.server.location.GnssLocationProvider$SvStatusInfo@2068b59)
2020-04-07 20:50:54.285 1844-1866/? I/GnssLocationProvider: WakeLock released by handleMessage(REPORT_SV_STATUS, 0, com.android.server.location.GnssLocationProvider$SvStatusInfo@2068b59)
2020-04-07 20:50:55.285 1844-1962/? I/GnssLocationProvider: WakeLock acquired by sendMessage(REPORT_SV_STATUS, 0, com.android.server.location.GnssLocationProvider$SvStatusInfo@b14a31e)
2020-04-07 20:50:55.285 1844-1866/? I/GnssLocationProvider: WakeLock released by handleMessage(REPORT_SV_STATUS, 0, com.android.server.location.GnssLocationProvider$SvStatusInfo@b14a31e)
2020-04-07 20:50:55.309 1844-1871/? E/BatteryExternalStatsWorker: no controller energy info supplied for wifi
2020-04-07 20:50:56.285 1844-1962/? I/GnssLocationProvider: WakeLock acquired by sendMessage(REPORT_SV_STATUS, 0, com.android.server.location.GnssLocationProvider$SvStatusInfo@8b0c7ff)
2020-04-07 20:50:56.285 1844-1866/? I/GnssLocationProvider: WakeLock released by handleMessage(REPORT_SV_STATUS, 0, com.android.server.location.GnssLocationProvider$SvStatusInfo@8b0c7ff)
2020-04-07 20:50:57.285 1844-1962/? I/GnssLocationProvider: WakeLock acquired by sendMessage(REPORT_SV_STATUS, 0, com.android.server.location.GnssLocationProvider$SvStatusInfo@e6f09cc)
2020-04-07 20:50:57.286 1844-1866/? I/GnssLocationProvider: WakeLock released by handleMessage(REPORT_SV_STATUS, 0, com.android.server.location.GnssLocationProvider$SvStatusInfo@e6f09cc)
2020-04-07 20:50:58.284 1844-1962/? I/GnssLocationProvider: WakeLock acquired by sendMessage(REPORT_SV_STATUS, 0, com.android.server.location.GnssLocationProvider$SvStatusInfo@663d32a)
2020-04-07 20:50:58.285 1844-1866/? I/GnssLocationProvider: WakeLock released by handleMessage(REPORT_SV_STATUS, 0, com.android.server.location.GnssLocationProvider$SvStatusInfo@663d32a)
2020-04-07 20:50:59.284 1844-1962/? I/GnssLocationProvider: WakeLock acquired by sendMessage(REPORT_SV_STATUS, 0, com.android.server.location.GnssLocationProvider$SvStatusInfo@f53e51b)
2020-04-07 20:50:59.286 1844-1866/? I/GnssLocationProvider: WakeLock released by handleMessage(REPORT_SV_STATUS, 0, com.android.server.location.GnssLocationProvider$SvStatusInfo@f53e51b)
2020-04-07 20:50:59.567 2269-2269/? W/SystemServiceRegistry: No service published for: persistent_data_block
2020-04-07 20:50:59.568 2269-2269/? W/ChimeraUtils: Non Chimera context
2020-04-07 20:50:59.582 2269-2269/? I/chatty: uid=10013 com.google.android.gms.persistent identical 2 lines
2020-04-07 20:50:59.582 2269-2269/? W/ChimeraUtils: Non Chimera context
2020-04-07 20:50:59.597 2997-2997/? I/SetupWizard: [DeferredSetupNotificationSchedulerService] Deferred notification scheduled at Tue Apr 07 17:21:04 GMT+01:00 2020
2020-04-07 20:50:59.617 2269-2269/? W/ChimeraUtils: Non Chimera context
2020-04-07 20:50:59.617 2269-2269/? W/ChimeraUtils: Non Chimera context
2020-04-07 20:50:59.756 1856-1859/? D/hwcomposer: hw_composer sent 30 syncs in 104s
2020-04-07 20:51:00.006 1844-1866/? E/memtrack: Couldn't load memtrack module
2020-04-07 20:51:00.006 1844-1866/? W/android.os.Debug: failed to get memory consumption info: -1
2020-04-07 20:51:00.284 1844-1962/? I/GnssLocationProvider: WakeLock acquired by sendMessage(REPORT_SV_STATUS, 0, com.android.server.location.GnssLocationProvider$SvStatusInfo@8086771)
2020-04-07 20:51:00.286 1844-1866/? I/GnssLocationProvider: WakeLock released by handleMessage(REPORT_SV_STATUS, 0, com.android.server.location.GnssLocationProvider$SvStatusInfo@8086771)
2020-04-07 20:51:01.284 1844-1962/? I/GnssLocationProvider: WakeLock acquired by sendMessage(REPORT_SV_STATUS, 0, com.android.server.location.GnssLocationProvider$SvStatusInfo@d7ea956)
2020-04-07 20:51:01.286 1844-1866/? I/GnssLocationProvider: WakeLock released by handleMessage(REPORT_SV_STATUS, 0, com.android.server.location.GnssLocationProvider$SvStatusInfo@d7ea956)
2020-04-07 20:51:02.285 1844-1962/? I/GnssLocationProvider: WakeLock acquired by sendMessage(REPORT_SV_STATUS, 0, com.android.server.location.GnssLocationProvider$SvStatusInfo@50a7dd7)
2020-04-07 20:51:02.286 1844-1866/? I/GnssLocationProvider: WakeLock released by handleMessage(REPORT_SV_STATUS, 0, com.android.server.location.GnssLocationProvider$SvStatusInfo@50a7dd7)
2020-04-07 20:51:03.285 1844-1962/? I/GnssLocationProvider: WakeLock acquired by sendMessage(REPORT_SV_STATUS, 0, com.android.server.location.GnssLocationProvider$SvStatusInfo@31946c4)
2020-04-07 20:51:03.288 1844-1866/? I/GnssLocationProvider: WakeLock released by handleMessage(REPORT_SV_STATUS, 0, com.android.server.location.GnssLocationProvider$SvStatusInfo@31946c4)
2020-04-07 20:51:04.285 1844-1962/? I/GnssLocationProvider: WakeLock acquired by sendMessage(REPORT_SV_STATUS, 0, com.android.server.location.GnssLocationProvider$SvStatusInfo@4eb09ad)
2020-04-07 20:51:04.285 1844-1866/? I/GnssLocationProvider: WakeLock released by handleMessage(REPORT_SV_STATUS, 0, com.android.server.location.GnssLocationProvider$SvStatusInfo@4eb09ad)
2020-04-07 20:51:05.285 1844-1962/? I/GnssLocationProvider: WakeLock acquired by sendMessage(REPORT_SV_STATUS, 0, com.android.server.location.GnssLocationProvider$SvStatusInfo@dd404e2)
2020-04-07 20:51:05.286 1844-1866/? I/GnssLocationProvider: WakeLock released by handleMessage(REPORT_SV_STATUS, 0, com.android.server.location.GnssLocationProvider$SvStatusInfo@dd404e2)
2020-04-07 20:51:06.285 1844-1962/? I/GnssLocationProvider: WakeLock acquired by sendMessage(REPORT_SV_STATUS, 0, com.android.server.location.GnssLocationProvider$SvStatusInfo@58f2073)
2020-04-07 20:51:06.286 1844-1866/? I/GnssLocationProvider: WakeLock released by handleMessage(REPORT_SV_STATUS, 0, com.android.server.location.GnssLocationProvider$SvStatusInfo@58f2073)
2020-04-07 20:51:07.285 1844-1962/? I/GnssLocationProvider: WakeLock acquired by sendMessage(REPORT_SV_STATUS, 0, com.android.server.location.GnssLocationProvider$SvStatusInfo@5c60b30)
2020-04-07 20:51:07.286 1844-1866/? I/GnssLocationProvider: WakeLock released by handleMessage(REPORT_SV_STATUS, 0, com.android.server.location.GnssLocationProvider$SvStatusInfo@5c60b30)
2020-04-07 20:51:08.286 1844-1962/? I/GnssLocationProvider: WakeLock acquired by sendMessage(REPORT_SV_STATUS, 0, com.android.server.location.GnssLocationProvider$SvStatusInfo@3db93a9)
2020-04-07 20:51:08.286 1844-1866/? I/GnssLocationProvider: WakeLock released by handleMessage(REPORT_SV_STATUS, 0, com.android.server.location.GnssLocationProvider$SvStatusInfo@3db93a9)
2020-04-07 20:51:09.286 1844-1962/? I/GnssLocationProvider: WakeLock acquired by sendMessage(REPORT_SV_STATUS, 0, com.android.server.location.GnssLocationProvider$SvStatusInfo@9318d2e)
2020-04-07 20:51:09.287 1844-1866/? I/GnssLocationProvider: WakeLock released by handleMessage(REPORT_SV_STATUS, 0, com.android.server.location.GnssLocationProvider$SvStatusInfo@9318d2e)
2020-04-07 20:51:10.286 1844-1962/? I/GnssLocationProvider: WakeLock acquired by sendMessage(REPORT_SV_STATUS, 0, com.android.server.location.GnssLocationProvider$SvStatusInfo@2b150cf)
2020-04-07 20:51:10.287 1844-1866/? I/GnssLocationProvider: WakeLock released by handleMessage(REPORT_SV_STATUS, 0, com.android.server.location.GnssLocationProvider$SvStatusInfo@2b150cf)
2020-04-07 20:51:11.286 1844-1962/? I/GnssLocationProvider: WakeLock acquired by sendMessage(REPORT_SV_STATUS, 0, com.android.server.location.GnssLocationProvider$SvStatusInfo@b38aa5c)
2020-04-07 20:51:11.287 1844-1866/? I/GnssLocationProvider: WakeLock released by handleMessage(REPORT_SV_STATUS, 0, com.android.server.location.GnssLocationProvider$SvStatusInfo@b38aa5c)
2020-04-07 20:51:12.286 1844-1962/? I/GnssLocationProvider: WakeLock acquired by sendMessage(REPORT_SV_STATUS, 0, com.android.server.location.GnssLocationProvider$SvStatusInfo@a30c165)
2020-04-07 20:51:12.286 1844-1866/? I/GnssLocationProvider: WakeLock released by handleMessage(REPORT_SV_STATUS, 0, com.android.server.location.GnssLocationProvider$SvStatusInfo@a30c165)
2020-04-07 20:51:13.287 1844-1962/? I/GnssLocationProvider: WakeLock acquired by sendMessage(REPORT_SV_STATUS, 0, com.android.server.location.GnssLocationProvider$SvStatusInfo@acd4e3a)
2020-04-07 20:51:13.289 1844-1866/? I/GnssLocationProvider: WakeLock released by handleMessage(REPORT_SV_STATUS, 0, com.android.server.location.GnssLocationProvider$SvStatusInfo@acd4e3a)
2020-04-07 20:51:14.286 1844-1962/? I/GnssLocationProvider: WakeLock acquired by sendMessage(REPORT_SV_STATUS, 0, com.android.server.location.GnssLocationProvider$SvStatusInfo@21c2aeb)
2020-04-07 20:51:14.288 1844-1866/? I/GnssLocationProvider: WakeLock released by handleMessage(REPORT_SV_STATUS, 0, com.android.server.location.GnssLocationProvider$SvStatusInfo@21c2aeb)
2020-04-07 20:51:15.287 1844-1962/? I/GnssLocationProvider: WakeLock acquired by sendMessage(REPORT_SV_STATUS, 0, com.android.server.location.GnssLocationProvider$SvStatusInfo@7d41048)
2020-04-07 20:51:15.289 1844-1866/? I/GnssLocationProvider: WakeLock released by handleMessage(REPORT_SV_STATUS, 0, com.android.server.location.GnssLocationProvider$SvStatusInfo@7d41048)
2020-04-07 20:51:16.287 1844-1962/? I/GnssLocationProvider: WakeLock acquired by sendMessage(REPORT_SV_STATUS, 0, com.android.server.location.GnssLocationProvider$SvStatusInfo@1f10ee1)
2020-04-07 20:51:16.288 1844-1866/? I/GnssLocationProvider: WakeLock released by handleMessage(REPORT_SV_STATUS, 0, com.android.server.location.GnssLocationProvider$SvStatusInfo@1f10ee1)
2020-04-07 20:51:17.339 1844-1962/? I/GnssLocationProvider: WakeLock acquired by sendMessage(REPORT_SV_STATUS, 0, com.android.server.location.GnssLocationProvider$SvStatusInfo@9321406)
2020-04-07 20:51:17.341 1844-1866/? I/GnssLocationProvider: WakeLock released by handleMessage(REPORT_SV_STATUS, 0, com.android.server.location.GnssLocationProvider$SvStatusInfo@9321406)
2020-04-07 20:51:17.375 6907-6907/com.example.myapplication D/button: print test 2
2020-04-07 20:51:17.375 6907-6907/com.example.myapplication D/button: connect button pressed
2020-04-07 20:51:17.384 1594-3798/? W/audio_hw_generic: Not supplying enough data to HAL, expected position 7131879 , only wrote 7131600
2020-04-07 20:51:17.433 6907-6952/com.example.myapplication D/connect:  LINE: SUBMITNAME
2020-04-07 20:51:17.437 6907-6952/com.example.myapplication D/connect:  LINE: NAMEACCEPTED
2020-04-07 20:51:18.287 1844-1962/? I/GnssLocationProvider: WakeLock acquired by sendMessage(REPORT_SV_STATUS, 0, com.android.server.location.GnssLocationProvider$SvStatusInfo@f108ac7)
2020-04-07 20:51:18.288 1844-1866/? I/GnssLocationProvider: WakeLock released by handleMessage(REPORT_SV_STATUS, 0, com.android.server.location.GnssLocationProvider$SvStatusInfo@f108ac7)
2020-04-07 20:51:19.286 1844-1962/? I/GnssLocationProvider: WakeLock acquired by sendMessage(REPORT_SV_STATUS, 0, com.android.server.location.GnssLocationProvider$SvStatusInfo@13de8f4)
2020-04-07 20:51:19.287 1844-1866/? I/GnssLocationProvider: WakeLock released by handleMessage(REPORT_SV_STATUS, 0, com.android.server.location.GnssLocationProvider$SvStatusInfo@13de8f4)
2020-04-07 20:51:20.287 1844-1962/? I/GnssLocationProvider: WakeLock acquired by sendMessage(REPORT_SV_STATUS, 0, com.android.server.location.GnssLocationProvider$SvStatusInfo@50eb81d)
2020-04-07 20:51:20.288 1844-1866/? I/GnssLocationProvider: WakeLock released by handleMessage(REPORT_SV_STATUS, 0, com.android.server.location.GnssLocationProvider$SvStatusInfo@50eb81d)
2020-04-07 20:51:20.526 6907-6952/com.example.myapplication D/ec: eeee
2020-04-07 20:51:20.573 6907-6952/com.example.myapplication D/ec: *************** ROUND 1 ***************
2020-04-07 20:51:20.574 6907-6952/com.example.myapplication I/System.out: true
2020-04-07 20:51:20.596 1594-1673/? W/audio_hw_generic: Not supplying enough data to HAL, expected position 7438759 , only wrote 7285680
2020-04-07 20:51:20.681 6907-6952/com.example.myapplication I/System.out: true
2020-04-07 20:51:20.713 6907-6916/com.example.myapplication W/System: A resource failed to call close. 
2020-04-07 20:51:20.776 6907-6952/com.example.myapplication I/System.out: true
2020-04-07 20:51:20.878 6907-6952/com.example.myapplication I/chatty: uid=10086(com.example.myapplication) AsyncTask #4 identical 1 line
2020-04-07 20:51:20.878 6907-6952/com.example.myapplication I/System.out: true
2020-04-07 20:51:21.024 6907-6952/com.example.myapplication D/ec: ********** SEND ROUND 1 DATA **********
2020-04-07 20:51:21.036 6907-6952/com.example.myapplication I/System.out: Ggg
2020-04-07 20:51:21.287 1844-1962/? I/GnssLocationProvider: WakeLock acquired by sendMessage(REPORT_SV_STATUS, 0, com.android.server.location.GnssLocationProvider$SvStatusInfo@6cb6a92)
2020-04-07 20:51:21.287 1844-1866/? I/GnssLocationProvider: WakeLock released by handleMessage(REPORT_SV_STATUS, 0, com.android.server.location.GnssLocationProvider$SvStatusInfo@6cb6a92)
2020-04-07 20:51:21.824 6907-6952/com.example.myapplication D/ec: ************ VERIFY ROUND 1 ***********
2020-04-07 20:51:21.876 6907-6952/com.example.myapplication D/ec: ALL GOOD
2020-04-07 20:51:22.035 6907-6952/com.example.myapplication I/chatty: uid=10086(com.example.myapplication) AsyncTask #4 identical 1 line
2020-04-07 20:51:22.191 6907-6952/com.example.myapplication D/ec: ALL GOOD
2020-04-07 20:51:22.290 1844-1962/? I/GnssLocationProvider: WakeLock acquired by sendMessage(REPORT_SV_STATUS, 0, com.android.server.location.GnssLocationProvider$SvStatusInfo@e010c63)
2020-04-07 20:51:22.290 1844-1866/? I/GnssLocationProvider: WakeLock released by handleMessage(REPORT_SV_STATUS, 0, com.android.server.location.GnssLocationProvider$SvStatusInfo@e010c63)
2020-04-07 20:51:22.356 6907-6952/com.example.myapplication D/ec: ALL GOOD
2020-04-07 20:51:22.657 6907-6952/com.example.myapplication D/ec: *************** ROUND 2 ***************
2020-04-07 20:51:22.819 6907-6952/com.example.myapplication D/ec: ALL GOOD
2020-04-07 20:51:23.044 6907-6952/com.example.myapplication I/chatty: uid=10086(com.example.myapplication) AsyncTask #4 identical 2 lines
2020-04-07 20:51:23.150 6907-6952/com.example.myapplication D/ec: ALL GOOD
2020-04-07 20:51:23.289 1844-1962/? I/GnssLocationProvider: WakeLock acquired by sendMessage(REPORT_SV_STATUS, 0, com.android.server.location.GnssLocationProvider$SvStatusInfo@fcaa060)
2020-04-07 20:51:23.291 1844-1866/? I/GnssLocationProvider: WakeLock released by handleMessage(REPORT_SV_STATUS, 0, com.android.server.location.GnssLocationProvider$SvStatusInfo@fcaa060)
2020-04-07 20:51:23.348 6907-6952/com.example.myapplication D/ec: ************ VERIFY ROUND 2 ***********
2020-04-07 20:51:23.416 6907-6952/com.example.myapplication D/ec: ALL GOOD
2020-04-07 20:51:23.537 6907-6952/com.example.myapplication I/chatty: uid=10086(com.example.myapplication) AsyncTask #4 identical 2 lines
2020-04-07 20:51:23.592 6907-6952/com.example.myapplication D/ec: ALL GOOD
2020-04-07 20:51:23.879 6907-6952/com.example.myapplication D/ec: *************** ROUND 3 ***************
2020-04-07 20:51:24.288 1844-1962/? I/GnssLocationProvider: WakeLock acquired by sendMessage(REPORT_SV_STATUS, 0, com.android.server.location.GnssLocationProvider$SvStatusInfo@63b919)
2020-04-07 20:51:24.289 1844-1866/? I/GnssLocationProvider: WakeLock released by handleMessage(REPORT_SV_STATUS, 0, com.android.server.location.GnssLocationProvider$SvStatusInfo@63b919)
2020-04-07 20:51:24.543 6907-6952/com.example.myapplication D/ec: *************** ROUND 4 ***************
2020-04-07 20:51:24.663 6907-6952/com.example.myapplication D/ec: ALL GOOD
2020-04-07 20:51:24.664 6907-6952/com.example.myapplication I/System.out: -51860737158991764842368135972208951623360099427971509363985732823159177967699
2020-04-07 20:51:24.664 6907-6952/com.example.myapplication I/System.out: -51860737158991764842368135972208951623360099427971509363985732823159177967699
2020-04-07 20:51:24.772 6907-6952/com.example.myapplication D/ec: ALL GOOD
2020-04-07 20:51:24.774 6907-6952/com.example.myapplication I/System.out: -52884100882013401994476971997581561104181417031470624148241048758312877912870
2020-04-07 20:51:24.774 6907-6952/com.example.myapplication I/System.out: -52884100882013401994476971997581561104181417031470624148241048758312877912870
2020-04-07 20:51:24.886 6907-6952/com.example.myapplication D/ec: ALL GOOD
2020-04-07 20:51:24.886 6907-6952/com.example.myapplication I/System.out: -31506394721171318658174824661242533541937339984536812151901408939905951043318
2020-04-07 20:51:24.886 6907-6952/com.example.myapplication I/System.out: -31506394721171318658174824661242533541937339984536812151901408939905951043318
2020-04-07 20:51:24.993 6907-6952/com.example.myapplication D/ec: ALL GOOD
2020-04-07 20:51:24.993 6907-6952/com.example.myapplication I/System.out: -51342804605515204579952469930431797466977236690330236602900900163257972910416
2020-04-07 20:51:24.993 6907-6952/com.example.myapplication I/System.out: -51342804605515204579952469930431797466977236690330236602900900163257972910416
2020-04-07 20:51:25.060 6907-6952/com.example.myapplication D/ec: *********** KEY COMPUTATION ***********
2020-04-07 20:51:25.089 6907-6952/com.example.myapplication I/System.out: Latency of Each Round JPAKEPairing+
2020-04-07 20:51:25.090 6907-6952/com.example.myapplication D/EC_LATENCY: 1) Latency of computing round 1 per participant (ms):451
2020-04-07 20:51:25.090 6907-6952/com.example.myapplication D/EC_LATENCY: 2) Latency of verifying data in round 1 per participant (ms):639
2020-04-07 20:51:25.090 6907-6952/com.example.myapplication D/EC_LATENCY: 3) Latency of computing round 2 per participant (ms):493
2020-04-07 20:51:25.090 6907-6952/com.example.myapplication D/EC_LATENCY: 4) Latency of verifying round 2 per participant (ms):244
2020-04-07 20:51:25.090 6907-6952/com.example.myapplication D/EC_LATENCY: 5) Latency of computing round 3 per participant (ms):369
2020-04-07 20:51:25.090 6907-6952/com.example.myapplication D/EC_LATENCY: 6) Latency of verifying round 3 for participant (ms):450
2020-04-07 20:51:25.090 6907-6952/com.example.myapplication D/EC_LATENCY: 7) Latency of computing key for participant (ms):29
2020-04-07 20:51:25.092 6907-6907/com.example.myapplication D/speke: DONE
