ioController: internalShutdown
2020-04-07 20:58:08.430 2458-2458/? I/MicroDetector: Keeping mic open: false
2020-04-07 20:58:08.430 2458-2458/? I/MicroDetectionWorker: #onError(false)
2020-04-07 20:58:08.431 2458-6873/? I/DeviceStateChecker: DeviceStateChecker cancelled
2020-04-07 20:58:09.330 1844-1962/? I/GnssLocationProvider: WakeLock acquired by sendMessage(REPORT_SV_STATUS, 0, com.android.server.location.GnssLocationProvider$SvStatusInfo@d9473de)
2020-04-07 20:58:09.330 1844-1866/? I/GnssLocationProvider: WakeLock released by handleMessage(REPORT_SV_STATUS, 0, com.android.server.location.GnssLocationProvider$SvStatusInfo@d9473de)
2020-04-07 20:58:10.331 1844-1962/? I/GnssLocationProvider: WakeLock acquired by sendMessage(REPORT_SV_STATUS, 0, com.android.server.location.GnssLocationProvider$SvStatusInfo@f3729bf)
2020-04-07 20:58:10.331 1844-1866/? I/GnssLocationProvider: WakeLock released by handleMessage(REPORT_SV_STATUS, 0, com.android.server.location.GnssLocationProvider$SvStatusInfo@f3729bf)
2020-04-07 20:58:11.331 1844-1962/? I/GnssLocationProvider: WakeLock acquired by sendMessage(REPORT_SV_STATUS, 0, com.android.server.location.GnssLocationProvider$SvStatusInfo@1ef288c)
2020-04-07 20:58:11.332 1844-1866/? I/GnssLocationProvider: WakeLock released by handleMessage(REPORT_SV_STATUS, 0, com.android.server.location.GnssLocationProvider$SvStatusInfo@1ef288c)
2020-04-07 20:58:12.331 1844-1962/? I/GnssLocationProvider: WakeLock acquired by sendMessage(REPORT_SV_STATUS, 0, com.android.server.location.GnssLocationProvider$SvStatusInfo@9771bd5)
2020-04-07 20:58:12.333 1844-1866/? I/GnssLocationProvider: WakeLock released by handleMessage(REPORT_SV_STATUS, 0, com.android.server.location.GnssLocationProvider$SvStatusInfo@9771bd5)
2020-04-07 20:58:13.331 1844-1962/? I/GnssLocationProvider: WakeLock acquired by sendMessage(REPORT_SV_STATUS, 0, com.android.server.location.GnssLocationProvider$SvStatusInfo@defefea)
2020-04-07 20:58:13.331 1844-1866/? I/GnssLocationProvider: WakeLock released by handleMessage(REPORT_SV_STATUS, 0, com.android.server.location.GnssLocationProvider$SvStatusInfo@defefea)
2020-04-07 20:58:13.439 2458-2458/? I/MicroDetectionWorker: #startMicroDetector [speakerMode: 0]
2020-04-07 20:58:13.439 2458-2458/? I/AudioController: Using mInputStreamFactoryBuilder
2020-04-07 20:58:13.439 2458-2458/? I/AudioController: Created new AudioSource
2020-04-07 20:58:13.441 2458-2458/? I/MicroDetectionWorker: onReady
2020-04-07 20:58:13.449 2458-6873/? I/MicroRecognitionRunner: Starting detection.
2020-04-07 20:58:13.457 2458-6871/? I/MicrophoneInputStream: mic_starting  SR : 16000 CC : 16 SO : 6
2020-04-07 20:58:13.461 1617-1671/? E/AudioPolicyIntefaceImpl: getInputForAttr permission denied: recording not allowed for uid 10041 pid 2458
2020-04-07 20:58:13.461 1617-1671/? E/AudioFlinger: createRecord() checkRecordThread_l failed
2020-04-07 20:58:13.461 2458-6871/? E/IAudioFlinger: createRecord returned error -22
2020-04-07 20:58:13.461 2458-6871/? E/AudioRecord: AudioFlinger could not create record track, status: -22
2020-04-07 20:58:13.462 2458-6871/? E/AudioRecord-JNI: Error creating AudioRecord instance: initialization check failed with status -22.
2020-04-07 20:58:13.464 2458-6871/? E/android.media.AudioRecord: Error code -20 when initializing native AudioRecord object.
2020-04-07 20:58:13.464 2458-6871/? I/MicrophoneInputStream: mic_started  SR : 16000 CC : 16 SO : 6
2020-04-07 20:58:13.465 2458-2458/? I/MicroDetectionWorker: onReady
2020-04-07 20:58:13.467 2458-6871/? I/MicrophoneInputStream: mic_close  SR : 16000 CC : 16 SO : 6
2020-04-07 20:58:13.469 2458-6873/? I/MicroRecognitionRunner: Detection finished
2020-04-07 20:58:13.469 2458-6873/? W/ErrorReporter: reportError [type: 211, code: 524300]: Error reading from input stream
2020-04-07 20:58:13.470 2458-6873/? W/ErrorProcessor: onFatalError, processing error from engine(4)
2020-04-07 20:58:13.470 2458-6873/? I/AudioController: internalShutdown
2020-04-07 20:58:13.470 2458-2988/? I/MicroRecognitionRunner: Stopping hotword detection.
2020-04-07 20:58:13.471 2458-2458/? I/MicroDetector: Keeping mic open: false
2020-04-07 20:58:13.471 2458-2458/? I/MicroDetectionWorker: #onError(false)
2020-04-07 20:58:13.472 2458-6885/? I/DeviceStateChecker: DeviceStateChecker cancelled
2020-04-07 20:58:14.331 1844-1962/? I/GnssLocationProvider: WakeLock acquired by sendMessage(REPORT_SV_STATUS, 0, com.android.server.location.GnssLocationProvider$SvStatusInfo@33ea2db)
2020-04-07 20:58:14.332 1844-1866/? I/GnssLocationProvider: WakeLock released by handleMessage(REPORT_SV_STATUS, 0, com.android.server.location.GnssLocationProvider$SvStatusInfo@33ea2db)
2020-04-07 20:58:15.331 1844-1962/? I/GnssLocationProvider: WakeLock acquired by sendMessage(REPORT_SV_STATUS, 0, com.android.server.location.GnssLocationProvider$SvStatusInfo@7ac4178)
2020-04-07 20:58:15.332 1844-1866/? I/GnssLocationProvider: WakeLock released by handleMessage(REPORT_SV_STATUS, 0, com.android.server.location.GnssLocationProvider$SvStatusInfo@7ac4178)
2020-04-07 20:58:16.331 1844-1962/? I/GnssLocationProvider: WakeLock acquired by sendMessage(REPORT_SV_STATUS, 0, com.android.server.location.GnssLocationProvider$SvStatusInfo@b1aa051)
2020-04-07 20:58:16.332 1844-1866/? I/GnssLocationProvider: WakeLock released by handleMessage(REPORT_SV_STATUS, 0, com.android.server.location.GnssLocationProvider$SvStatusInfo@b1aa051)
2020-04-07 20:58:17.331 1844-1962/? I/GnssLocationProvider: WakeLock acquired by sendMessage(REPORT_SV_STATUS, 0, com.android.server.location.GnssLocationProvider$SvStatusInfo@6d520b6)
2020-04-07 20:58:17.331 1844-1866/? I/GnssLocationProvider: WakeLock released by handleMessage(REPORT_SV_STATUS, 0, com.android.server.location.GnssLocationProvider$SvStatusInfo@6d520b6)
2020-04-07 20:58:18.335 1844-1962/? I/GnssLocationProvider: WakeLock acquired by sendMessage(REPORT_SV_STATUS, 0, com.android.server.location.GnssLocationProvider$SvStatusInfo@b7a91b7)
2020-04-07 20:58:18.336 1844-1866/? I/GnssLocationProvider: WakeLock released by handleMessage(REPORT_SV_STATUS, 0, com.android.server.location.GnssLocationProvider$SvStatusInfo@b7a91b7)
2020-04-07 20:58:18.478 2458-2458/? I/MicroDetectionWorker: #startMicroDetector [speakerMode: 0]
2020-04-07 20:58:18.479 2458-2458/? I/AudioController: Using mInputStreamFactoryBuilder
2020-04-07 20:58:18.479 2458-2458/? I/AudioController: Created new AudioSource
2020-04-07 20:58:18.480 2458-2458/? I/MicroDetectionWorker: onReady
2020-04-07 20:58:18.493 2458-6873/? I/MicroRecognitionRunner: Starting detection.
2020-04-07 20:58:18.493 2458-6871/? I/MicrophoneInputStream: mic_starting  SR : 16000 CC : 16 SO : 6
2020-04-07 20:58:18.496 1617-1671/? E/AudioPolicyIntefaceImpl: getInputForAttr permission denied: recording not allowed for uid 10041 pid 2458
2020-04-07 20:58:18.496 1617-1671/? E/AudioFlinger: createRecord() checkRecordThread_l failed
2020-04-07 20:58:18.497 2458-6871/? E/IAudioFlinger: createRecord returned error -22
2020-04-07 20:58:18.497 2458-6871/? E/AudioRecord: AudioFlinger could not create record track, status: -22
2020-04-07 20:58:18.497 2458-6871/? E/AudioRecord-JNI: Error creating AudioRecord instance: initialization check failed with status -22.
2020-04-07 20:58:18.497 2458-6871/? E/android.media.AudioRecord: Error code -20 when initializing native AudioRecord object.
2020-04-07 20:58:18.497 2458-6871/? I/MicrophoneInputStream: mic_started  SR : 16000 CC : 16 SO : 6
2020-04-07 20:58:18.499 2458-2458/? I/MicroDetectionWorker: onReady
2020-04-07 20:58:18.501 2458-6871/? I/MicrophoneInputStream: mic_close  SR : 16000 CC : 16 SO : 6
2020-04-07 20:58:18.501 2458-6873/? I/MicroRecognitionRunner: Detection finished
2020-04-07 20:58:18.502 2458-6873/? W/ErrorReporter: reportError [type: 211, code: 524300]: Error reading from input stream
2020-04-07 20:58:18.504 2458-6873/? W/ErrorProcessor: onFatalError, processing error from engine(4)
2020-04-07 20:58:18.504 2458-6873/? I/AudioController: internalShutdown
2020-04-07 20:58:18.504 2458-2988/? I/MicroRecognitionRunner: Stopping hotword detection.
2020-04-07 20:58:18.505 2458-2458/? I/MicroDetector: Keeping mic open: false
2020-04-07 20:58:18.505 2458-2458/? I/MicroDetectionWorker: #onError(false)
2020-04-07 20:58:18.505 2458-6885/? I/DeviceStateChecker: DeviceStateChecker cancelled
2020-04-07 20:58:19.334 1844-1962/? I/GnssLocationProvider: WakeLock acquired by sendMessage(REPORT_SV_STATUS, 0, com.android.server.location.GnssLocationProvider$SvStatusInfo@61ffd24)
2020-04-07 20:58:19.334 1844-1866/? I/GnssLocationProvider: WakeLock released by handleMessage(REPORT_SV_STATUS, 0, com.android.server.location.GnssLocationProvider$SvStatusInfo@61ffd24)
2020-04-07 20:58:20.334 1844-1962/? I/GnssLocationProvider: WakeLock acquired by sendMessage(REPORT_SV_STATUS, 0, com.android.server.location.GnssLocationProvider$SvStatusInfo@897f08d)
2020-04-07 20:58:20.336 1844-1866/? I/GnssLocationProvider: WakeLock released by handleMessage(REPORT_SV_STATUS, 0, com.android.server.location.GnssLocationProvider$SvStatusInfo@897f08d)
2020-04-07 20:58:21.333 1844-1962/? I/GnssLocationProvider: WakeLock acquired by sendMessage(REPORT_SV_STATUS, 0, com.android.server.location.GnssLocationProvider$SvStatusInfo@e0a9242)
2020-04-07 20:58:21.335 1844-1866/? I/GnssLocationProvider: WakeLock released by handleMessage(REPORT_SV_STATUS, 0, com.android.server.location.GnssLocationProvider$SvStatusInfo@e0a9242)
2020-04-07 20:58:22.334 1844-1962/? I/GnssLocationProvider: WakeLock acquired by sendMessage(REPORT_SV_STATUS, 0, com.android.server.location.GnssLocationProvider$SvStatusInfo@41c9253)
2020-04-07 20:58:22.335 1844-1866/? I/GnssLocationProvider: WakeLock released by handleMessage(REPORT_SV_STATUS, 0, com.android.server.location.GnssLocationProvider$SvStatusInfo@41c9253)
2020-04-07 20:58:23.335 1844-1962/? I/GnssLocationProvider: WakeLock acquired by sendMessage(REPORT_SV_STATUS, 0, com.android.server.location.GnssLocationProvider$SvStatusInfo@3f1c790)
2020-04-07 20:58:23.336 1844-1866/? I/GnssLocationProvider: WakeLock released by handleMessage(REPORT_SV_STATUS, 0, com.android.server.location.GnssLocationProvider$SvStatusInfo@3f1c790)
2020-04-07 20:58:23.509 2458-2458/? I/MicroDetectionWorker: #startMicroDetector [speakerMode: 0]
2020-04-07 20:58:23.509 2458-2458/? I/AudioController: Using mInputStreamFactoryBuilder
2020-04-07 20:58:23.509 2458-2458/? I/AudioController: Created new AudioSource
2020-04-07 20:58:23.510 2458-2458/? I/MicroDetectionWorker: onReady
2020-04-07 20:58:23.520 2458-6885/? I/MicroRecognitionRunner: Starting detection.
2020-04-07 20:58:23.521 2458-6871/? I/MicrophoneInputStream: mic_starting  SR : 16000 CC : 16 SO : 6
2020-04-07 20:58:23.523 1617-1671/? E/AudioPolicyIntefaceImpl: getInputForAttr permission denied: recording not allowed for uid 10041 pid 2458
2020-04-07 20:58:23.523 1617-1671/? E/AudioFlinger: createRecord() checkRecordThread_l failed
2020-04-07 20:58:23.524 2458-6871/? E/IAudioFlinger: createRecord returned error -22
2020-04-07 20:58:23.524 2458-6871/? E/AudioRecord: AudioFlinger could not create record track, status: -22
2020-04-07 20:58:23.524 2458-6871/? E/AudioRecord-JNI: Error creating AudioRecord instance: initialization check failed with status -22.
2020-04-07 20:58:23.525 2458-6871/? E/android.media.AudioRecord: Error code -20 when initializing native AudioRecord object.
2020-04-07 20:58:23.525 2458-6871/? I/MicrophoneInputStream: mic_started  SR : 16000 CC : 16 SO : 6
2020-04-07 20:58:23.527 2458-2458/? I/MicroDetectionWorker: onReady
2020-04-07 20:58:23.530 2458-6871/? I/MicrophoneInputStream: mic_close  SR : 16000 CC : 16 SO : 6
2020-04-07 20:58:23.530 2458-6885/? I/MicroRecognitionRunner: Detection finished
2020-04-07 20:58:23.530 2458-6885/? W/ErrorReporter: reportError [type: 211, code: 524300]: Error reading from input stream
2020-04-07 20:58:23.531 2458-2988/? I/MicroRecognitionRunner: Stopping hotword detection.
2020-04-07 20:58:23.532 2458-6885/? W/ErrorProcessor: onFatalError, processing error from engine(4)
2020-04-07 20:58:23.532 2458-6885/? I/AudioController: internalShutdown
2020-04-07 20:58:23.535 2458-2458/? I/MicroDetector: Keeping mic open: false
2020-04-07 20:58:23.535 2458-6873/? I/DeviceStateChecker: DeviceStateChecker cancelled
2020-04-07 20:58:23.535 2458-2458/? I/MicroDetectionWorker: #onError(false)
2020-04-07 20:58:24.334 1844-1962/? I/GnssLocationProvider: WakeLock acquired by sendMessage(REPORT_SV_STATUS, 0, com.android.server.location.GnssLocationProvider$SvStatusInfo@2200889)
2020-04-07 20:58:24.335 1844-1866/? I/GnssLocationProvider: WakeLock released by handleMessage(REPORT_SV_STATUS, 0, com.android.server.location.GnssLocationProvider$SvStatusInfo@2200889)
2020-04-07 20:58:25.334 1844-1962/? I/GnssLocationProvider: WakeLock acquired by sendMessage(REPORT_SV_STATUS, 0, com.android.server.location.GnssLocationProvider$SvStatusInfo@d33908e)
2020-04-07 20:58:25.335 1844-1866/? I/GnssLocationProvider: WakeLock released by handleMessage(REPORT_SV_STATUS, 0, com.android.server.location.GnssLocationProvider$SvStatusInfo@d33908e)
2020-04-07 20:58:26.335 1844-1962/? I/GnssLocationProvider: WakeLock acquired by sendMessage(REPORT_SV_STATUS, 0, com.android.server.location.GnssLocationProvider$SvStatusInfo@d400af)
2020-04-07 20:58:26.336 1844-1866/? I/GnssLocationProvider: WakeLock released by handleMessage(REPORT_SV_STATUS, 0, com.android.server.location.GnssLocationProvider$SvStatusInfo@d400af)
2020-04-07 20:58:27.334 1844-1962/? I/GnssLocationProvider: WakeLock acquired by sendMessage(REPORT_SV_STATUS, 0, com.android.server.location.GnssLocationProvider$SvStatusInfo@8d3ccbc)
2020-04-07 20:58:27.335 1844-1866/? I/GnssLocationProvider: WakeLock released by handleMessage(REPORT_SV_STATUS, 0, com.android.server.location.GnssLocationProvider$SvStatusInfo@8d3ccbc)
2020-04-07 20:58:28.337 1844-1962/? I/GnssLocationProvider: WakeLock acquired by sendMessage(REPORT_SV_STATUS, 0, com.android.server.location.GnssLocationProvider$SvStatusInfo@ff7a445)
2020-04-07 20:58:28.340 1844-1866/? I/GnssLocationProvider: WakeLock released by handleMessage(REPORT_SV_STATUS, 0, com.android.server.location.GnssLocationProvider$SvStatusInfo@ff7a445)
2020-04-07 20:58:28.538 2458-2458/? I/MicroDetectionWorker: #startMicroDetector [speakerMode: 0]
2020-04-07 20:58:28.538 2458-2458/? I/AudioController: Using mInputStreamFactoryBuilder
2020-04-07 20:58:28.538 2458-2458/? I/AudioController: Created new AudioSource
2020-04-07 20:58:28.539 2458-2458/? I/MicroDetectionWorker: onReady
2020-04-07 20:58:28.552 2458-6873/? I/MicroRecognitionRunner: Starting detection.
2020-04-07 20:58:28.552 2458-6871/? I/MicrophoneInputStream: mic_starting  SR : 16000 CC : 16 SO : 6
2020-04-07 20:58:28.554 1617-1671/? E/AudioPolicyIntefaceImpl: getInputForAttr permission denied: recording not allowed for uid 10041 pid 2458
2020-04-07 20:58:28.554 1617-1671/? E/AudioFlinger: createRecord() checkRecordThread_l failed
2020-04-07 20:58:28.554 2458-6871/? E/IAudioFlinger: createRecord returned error -22
2020-04-07 20:58:28.554 2458-6871/? E/AudioRecord: AudioFlinger could not create record track, status: -22
2020-04-07 20:58:28.554 2458-6871/? E/AudioRecord-JNI: Error creating AudioRecord instance: initialization check failed with status -22.
2020-04-07 20:58:28.555 2458-6871/? E/android.media.AudioRecord: Error code -20 when initializing native AudioRecord object.
2020-04-07 20:58:28.555 2458-6871/? I/MicrophoneInputStream: mic_started  SR : 16000 CC : 16 SO : 6
2020-04-07 20:58:28.556 2458-2458/? I/MicroDetectionWorker: onReady
2020-04-07 20:58:28.560 2458-6871/? I/MicrophoneInputStream: mic_close  SR : 16000 CC : 16 SO : 6
2020-04-07 20:58:28.561 2458-6873/? I/MicroRecognitionRunner: Detection finished
2020-04-07 20:58:28.561 2458-6873/? W/ErrorReporter: reportError [type: 211, code: 524300]: Error reading from input stream
2020-04-07 20:58:28.562 2458-6873/? W/ErrorProcessor: onFatalError, processing error from engine(4)
2020-04-07 20:58:28.562 2458-2988/? I/MicroRecognitionRunner: Stopping hotword detection.
2020-04-07 20:58:28.562 2458-6873/? I/AudioController: internalShutdown
2020-04-07 20:58:28.563 2458-2458/? I/MicroDetector: Keeping mic open: false
2020-04-07 20:58:28.563 2458-2458/? I/MicroDetectionWorker: #onError(false)
2020-04-07 20:58:28.563 2458-6885/? I/DeviceStateChecker: DeviceStateChecker cancelled
2020-04-07 20:58:29.335 1844-1962/? I/GnssLocationProvider: WakeLock acquired by sendMessage(REPORT_SV_STATUS, 0, com.android.server.location.GnssLocationProvider$SvStatusInfo@2dc279a)
2020-04-07 20:58:29.336 1844-1866/? I/GnssLocationProvider: WakeLock released by handleMessage(REPORT_SV_STATUS, 0, com.android.server.location.GnssLocationProvider$SvStatusInfo@2dc279a)
2020-04-07 20:58:30.335 1844-1962/? I/GnssLocationProvider: WakeLock acquired by sendMessage(REPORT_SV_STATUS, 0, com.android.server.location.GnssLocationProvider$SvStatusInfo@6e9f8cb)
2020-04-07 20:58:30.336 1844-1866/? I/GnssLocationProvider: WakeLock released by handleMessage(REPORT_SV_STATUS, 0, com.android.server.location.GnssLocationProvider$SvStatusInfo@6e9f8cb)
2020-04-07 20:58:31.335 1844-1962/? I/GnssLocationProvider: WakeLock acquired by sendMessage(REPORT_SV_STATUS, 0, com.android.server.location.GnssLocationProvider$SvStatusInfo@36ef8a8)
2020-04-07 20:58:31.336 1844-1866/? I/GnssLocationProvider: WakeLock released by handleMessage(REPORT_SV_STATUS, 0, com.android.server.location.GnssLocationProvider$SvStatusInfo@36ef8a8)
2020-04-07 20:58:32.336 1844-1962/? I/GnssLocationProvider: WakeLock acquired by sendMessage(REPORT_SV_STATUS, 0, com.android.server.location.GnssLocationProvider$SvStatusInfo@ff33fc1)
2020-04-07 20:58:32.338 1844-1866/? I/GnssLocationProvider: WakeLock released by handleMessage(REPORT_SV_STATUS, 0, com.android.server.location.GnssLocationProvider$SvStatusInfo@ff33fc1)
2020-04-07 20:58:33.336 1844-1962/? I/GnssLocationProvider: WakeLock acquired by sendMessage(REPORT_SV_STATUS, 0, com.android.server.location.GnssLocationProvider$SvStatusInfo@8452366)
2020-04-07 20:58:33.337 1844-1866/? I/GnssLocationProvider: WakeLock released by handleMessage(REPORT_SV_STATUS, 0, com.android.server.location.GnssLocationProvider$SvStatusInfo@8452366)
2020-04-07 20:58:33.571 2458-2458/? I/MicroDetectionWorker: #startMicroDetector [speakerMode: 0]
2020-04-07 20:58:33.572 2458-2458/? I/AudioController: Using mInputStreamFactoryBuilder
2020-04-07 20:58:33.572 2458-2458/? I/AudioController: Created new AudioSource
2020-04-07 20:58:33.573 2458-2458/? I/MicroDetectionWorker: onReady
2020-04-07 20:58:33.582 2458-6873/? I/MicroRecognitionRunner: Starting detection.
2020-04-07 20:58:33.582 2458-6871/? I/MicrophoneInputStream: mic_starting  SR : 16000 CC : 16 SO : 6
2020-04-07 20:58:33.584 1617-1671/? E/AudioPolicyIntefaceImpl: getInputForAttr permission denied: recording not allowed for uid 10041 pid 2458
2020-04-07 20:58:33.584 1617-1671/? E/AudioFlinger: createRecord() checkRecordThread_l failed
2020-04-07 20:58:33.584 2458-6871/? E/IAudioFlinger: createRecord returned error -22
2020-04-07 20:58:33.584 2458-6871/? E/AudioRecord: AudioFlinger could not create record track, status: -22
2020-04-07 20:58:33.584 2458-6871/? E/AudioRecord-JNI: Error creating AudioRecord instance: initialization check failed with status -22.
2020-04-07 20:58:33.584 2458-6871/? E/android.media.AudioRecord: Error code -20 when initializing native AudioRecord object.
2020-04-07 20:58:33.584 2458-6871/? I/MicrophoneInputStream: mic_started  SR : 16000 CC : 16 SO : 6
2020-04-07 20:58:33.586 2458-2458/? I/MicroDetectionWorker: onReady
2020-04-07 20:58:33.589 2458-6871/? I/MicrophoneInputStream: mic_close  SR : 16000 CC : 16 SO : 6
2020-04-07 20:58:33.589 2458-6873/? I/MicroRecognitionRunner: Detection finished
2020-04-07 20:58:33.589 2458-6873/? W/ErrorReporter: reportError [type: 211, code: 524300]: Error reading from input stream
2020-04-07 20:58:33.590 2458-2988/? I/MicroRecognitionRunner: Stopping hotword detection.
2020-04-07 20:58:33.591 2458-6873/? W/ErrorProcessor: onFatalError, processing error from engine(4)
2020-04-07 20:58:33.592 2458-6873/? I/AudioController: internalShutdown
2020-04-07 20:58:33.594 2458-2458/? I/MicroDetector: Keeping mic open: false
2020-04-07 20:58:33.595 2458-6885/? I/DeviceStateChecker: DeviceStateChecker cancelled
2020-04-07 20:58:33.594 2458-2458/? I/MicroDetectionWorker: #onError(false)
2020-04-07 20:58:34.335 1844-1962/? I/GnssLocationProvider: WakeLock acquired by sendMessage(REPORT_SV_STATUS, 0, com.android.server.location.GnssLocationProvider$SvStatusInfo@d1d56a7)
2020-04-07 20:58:34.336 1844-1866/? I/GnssLocationProvider: WakeLock released by handleMessage(REPORT_SV_STATUS, 0, com.android.server.location.GnssLocationProvider$SvStatusInfo@d1d56a7)
2020-04-07 20:58:35.336 1844-1962/? I/GnssLocationProvider: WakeLock acquired by sendMessage(REPORT_SV_STATUS, 0, com.android.server.location.GnssLocationProvider$SvStatusInfo@20ef754)
2020-04-07 20:58:35.337 1844-1866/? I/GnssLocationProvider: WakeLock released by handleMessage(REPORT_SV_STATUS, 0, com.android.server.location.GnssLocationProvider$SvStatusInfo@20ef754)
2020-04-07 20:58:36.336 1844-1962/? I/GnssLocationProvider: WakeLock acquired by sendMessage(REPORT_SV_STATUS, 0, com.android.server.location.GnssLocationProvider$SvStatusInfo@eb316fd)
2020-04-07 20:58:36.337 1844-1866/? I/GnssLocationProvider: WakeLock released by handleMessage(REPORT_SV_STATUS, 0, com.android.server.location.GnssLocationProvider$SvStatusInfo@eb316fd)
2020-04-07 20:58:37.337 1844-1962/? I/GnssLocationProvider: WakeLock acquired by sendMessage(REPORT_SV_STATUS, 0, com.android.server.location.GnssLocationProvider$SvStatusInfo@7f00ff2)
2020-04-07 20:58:37.337 1844-1866/? I/GnssLocationProvider: WakeLock released by handleMessage(REPORT_SV_STATUS, 0, com.android.server.location.GnssLocationProvider$SvStatusInfo@7f00ff2)
2020-04-07 20:58:38.337 1844-1962/? I/GnssLocationProvider: WakeLock acquired by sendMessage(REPORT_SV_STATUS, 0, com.android.server.location.GnssLocationProvider$SvStatusInfo@d3eb643)
2020-04-07 20:58:38.337 1844-1866/? I/GnssLocationProvider: WakeLock released by handleMessage(REPORT_SV_STATUS, 0, com.android.server.location.GnssLocationProvider$SvStatusInfo@d3eb643)
2020-04-07 20:58:38.601 2458-2458/? I/MicroDetectionWorker: #startMicroDetector [speakerMode: 0]
2020-04-07 20:58:38.601 2458-2458/? I/AudioController: Using mInputStreamFactoryBuilder
2020-04-07 20:58:38.601 2458-2458/? I/AudioController: Created new AudioSource
2020-04-07 20:58:38.603 2458-2458/? I/MicroDetectionWorker: onReady
2020-04-07 20:58:38.618 2458-6885/? I/MicroRecognitionRunner: Starting detection.
2020-04-07 20:58:38.618 2458-6871/? I/MicrophoneInputStream: mic_starting  SR : 16000 CC : 16 SO : 6
2020-04-07 20:58:38.621 1617-1671/? E/AudioPolicyIntefaceImpl: getInputForAttr permission denied: recording not allowed for uid 10041 pid 2458
2020-04-07 20:58:38.621 1617-1671/? E/AudioFlinger: createRecord() checkRecordThread_l failed
2020-04-07 20:58:38.621 2458-6871/? E/IAudioFlinger: createRecord returned error -22
2020-04-07 20:58:38.621 2458-6871/? E/AudioRecord: AudioFlinger could not create record track, status: -22
2020-04-07 20:58:38.621 2458-6871/? E/AudioRecord-JNI: Error creating AudioRecord instance: initialization check failed with status -22.
2020-04-07 20:58:38.622 2458-6871/? E/android.media.AudioRecord: Error code -20 when initializing native AudioRecord object.
2020-04-07 20:58:38.622 2458-6871/? I/MicrophoneInputStream: mic_started  SR : 16000 CC : 16 SO : 6
2020-04-07 20:58:38.623 2458-2458/? I/MicroDetectionWorker: onReady
2020-04-07 20:58:38.625 2458-6871/? I/MicrophoneInputStream: mic_close  SR : 16000 CC : 16 SO : 6
2020-04-07 20:58:38.626 2458-6885/? I/MicroRecognitionRunner: Detection finished
2020-04-07 20:58:38.626 2458-6885/? W/ErrorReporter: reportError [type: 211, code: 524300]: Error reading from input stream
2020-04-07 20:58:38.628 2458-2988/? I/MicroRecognitionRunner: Stopping hotword detection.
2020-04-07 20:58:38.628 2458-6885/? W/ErrorProcessor: onFatalError, processing error from engine(4)
2020-04-07 20:58:38.628 2458-6885/? I/AudioController: internalShutdown
2020-04-07 20:58:38.629 2458-2458/? I/MicroDetector: Keeping mic open: false
2020-04-07 20:58:38.629 2458-2458/? I/MicroDetectionWorker: #onError(false)
2020-04-07 20:58:38.629 2458-6873/? I/DeviceStateChecker: DeviceStateChecker cancelled
2020-04-07 20:58:39.337 1844-1962/? I/GnssLocationProvider: WakeLock acquired by sendMessage(REPORT_SV_STATUS, 0, com.android.server.location.GnssLocationProvider$SvStatusInfo@a0e34c0)
2020-04-07 20:58:39.337 1844-1866/? I/GnssLocationProvider: WakeLock released by handleMessage(REPORT_SV_STATUS, 0, com.android.server.location.GnssLocationProvider$SvStatusInfo@a0e34c0)
2020-04-07 20:58:40.337 1844-1962/? I/GnssLocationProvider: WakeLock acquired by sendMessage(REPORT_SV_STATUS, 0, com.android.server.location.GnssLocationProvider$SvStatusInfo@89f25f9)
2020-04-07 20:58:40.337 1844-1866/? I/GnssLocationProvider: WakeLock released by handleMessage(REPORT_SV_STATUS, 0, com.android.server.location.GnssLocationProvider$SvStatusInfo@89f25f9)
2020-04-07 20:58:41.337 1844-1962/? I/GnssLocationProvider: WakeLock acquired by sendMessage(REPORT_SV_STATUS, 0, com.android.server.location.GnssLocationProvider$SvStatusInfo@eb393e)
2020-04-07 20:58:41.337 1844-1866/? I/GnssLocationProvider: WakeLock released by handleMessage(REPORT_SV_STATUS, 0, com.android.server.location.GnssLocationProvider$SvStatusInfo@eb393e)
2020-04-07 20:58:42.339 1844-1962/? I/GnssLocationProvider: WakeLock acquired by sendMessage(REPORT_SV_STATUS, 0, com.android.server.location.GnssLocationProvider$SvStatusInfo@38c739f)
2020-04-07 20:58:42.340 1844-1866/? I/GnssLocationProvider: WakeLock released by handleMessage(REPORT_SV_STATUS, 0, com.android.server.location.GnssLocationProvider$SvStatusInfo@38c739f)
2020-04-07 20:58:43.338 1844-1962/? I/GnssLocationProvider: WakeLock acquired by sendMessage(REPORT_SV_STATUS, 0, com.android.server.location.GnssLocationProvider$SvStatusInfo@a01dcec)
2020-04-07 20:58:43.339 1844-1866/? I/GnssLocationProvider: WakeLock released by handleMessage(REPORT_SV_STATUS, 0, com.android.server.location.GnssLocationProvider$SvStatusInfo@a01dcec)
2020-04-07 20:58:43.634 2458-2458/? I/MicroDetectionWorker: #startMicroDetector [speakerMode: 0]
2020-04-07 20:58:43.635 2458-2458/? I/AudioController: Using mInputStreamFactoryBuilder
2020-04-07 20:58:43.635 2458-2458/? I/AudioController: Created new AudioSource
2020-04-07 20:58:43.636 2458-2458/? I/MicroDetectionWorker: onReady
2020-04-07 20:58:43.645 2458-6873/? I/MicroRecognitionRunner: Starting detection.
2020-04-07 20:58:43.645 2458-6871/? I/MicrophoneInputStream: mic_starting  SR : 16000 CC : 16 SO : 6
2020-04-07 20:58:43.646 1617-1671/? E/AudioPolicyIntefaceImpl: getInputForAttr permission denied: recording not allowed for uid 10041 pid 2458
2020-04-07 20:58:43.646 1617-1671/? E/AudioFlinger: createRecord() checkRecordThread_l failed
2020-04-07 20:58:43.647 2458-6871/? E/IAudioFlinger: createRecord returned error -22
2020-04-07 20:58:43.647 2458-6871/? E/AudioRecord: AudioFlinger could not create record track, status: -22
2020-04-07 20:58:43.648 2458-6871/? E/AudioRecord-JNI: Error creating AudioRecord instance: initialization check failed with status -22.
2020-04-07 20:58:43.648 2458-6871/? E/android.media.AudioRecord: Error code -20 when initializing native AudioRecord object.
2020-04-07 20:58:43.648 2458-6871/? I/MicrophoneInputStream: mic_started  SR : 16000 CC : 16 SO : 6
2020-04-07 20:58:43.650 2458-2458/? I/MicroDetectionWorker: onReady
2020-04-07 20:58:43.651 2458-6871/? I/MicrophoneInputStream: mic_close  SR : 16000 CC : 16 SO : 6
2020-04-07 20:58:43.652 2458-6873/? I/MicroRecognitionRunner: Detection finished
2020-04-07 20:58:43.652 2458-6873/? W/ErrorReporter: reportError [type: 211, code: 524300]: Error reading from input stream
2020-04-07 20:58:43.653 2458-2988/? I/MicroRecognitionRunner: Stopping hotword detection.
2020-04-07 20:58:43.653 2458-6873/? W/ErrorProcessor: onFatalError, processing error from engine(4)
2020-04-07 20:58:43.653 2458-6873/? I/AudioController: internalShutdown
2020-04-07 20:58:43.654 2458-2458/? I/MicroDetector: Keeping mic open: false
2020-04-07 20:58:43.654 2458-2458/? I/MicroDetectionWorker: #onError(false)
2020-04-07 20:58:43.654 2458-6885/? I/DeviceStateChecker: DeviceStateChecker cancelled
2020-04-07 20:58:44.337 1844-1962/? I/GnssLocationProvider: WakeLock acquired by sendMessage(REPORT_SV_STATUS, 0, com.android.server.location.GnssLocationProvider$SvStatusInfo@ea328b5)
2020-04-07 20:58:44.338 1844-1866/? I/GnssLocationProvider: WakeLock released by handleMessage(REPORT_SV_STATUS, 0, com.android.server.location.GnssLocationProvider$SvStatusInfo@ea328b5)
2020-04-07 20:58:45.337 1844-1962/? I/GnssLocationProvider: WakeLock acquired by sendMessage(REPORT_SV_STATUS, 0, com.android.server.location.GnssLocationProvider$SvStatusInfo@2ddab4a)
2020-04-07 20:58:45.338 1844-1866/? I/GnssLocationProvider: WakeLock released by handleMessage(REPORT_SV_STATUS, 0, com.android.server.location.GnssLocationProvider$SvStatusInfo@2ddab4a)
2020-04-07 20:58:46.337 1844-1962/? I/GnssLocationProvider: WakeLock acquired by sendMessage(REPORT_SV_STATUS, 0, com.android.server.location.GnssLocationProvider$SvStatusInfo@7ceaabb)
2020-04-07 20:58:46.338 1844-1866/? I/GnssLocationProvider: WakeLock released by handleMessage(REPORT_SV_STATUS, 0, com.android.server.location.GnssLocationProvider$SvStatusInfo@7ceaabb)
2020-04-07 20:58:38.623 2458-6871/? I/chatty: uid=10041(com.google.android.googlequicksearchbox) UserFacing46 identical 10 lines
2020-04-07 20:58:43.649 2458-6871/? E/ActivityThread: Failed to find provider info for com.google.android.apps.gsa.testing.ui.audio.recorded
2020-04-07 20:58:46.765 1713-1757/? E/storaged: getDiskStats failed with result NOT_SUPPORTED and size 0
2020-04-07 20:58:47.337 1844-1962/? I/GnssLocationProvider: WakeLock acquired by sendMessage(REPORT_SV_STATUS, 0, com.android.server.location.GnssLocationProvider$SvStatusInfo@2a5dbd8)
2020-04-07 20:58:47.337 1844-1866/? I/GnssLocationProvider: WakeLock released by handleMessage(REPORT_SV_STATUS, 0, com.android.server.location.GnssLocationProvider$SvStatusInfo@2a5dbd8)
2020-04-07 20:58:48.089 1799-1799/? E/netmgr: Failed to open QEMU pipe 'qemud:network': Invalid argument
2020-04-07 20:58:48.089 1799-1799/? E/netmgr: WifiForwarder unable to open QEMU pipe: Invalid argument
2020-04-07 20:58:48.337 1844-1962/? I/GnssLocationProvider: WakeLock acquired by sendMessage(REPORT_SV_STATUS, 0, com.android.server.location.GnssLocationProvider$SvStatusInfo@aaa9b31)
2020-04-07 20:58:48.338 1844-1866/? I/GnssLocationProvider: WakeLock released by handleMessage(REPORT_SV_STATUS, 0, com.android.server.location.GnssLocationProvider$SvStatusInfo@aaa9b31)
2020-04-07 20:58:48.662 2458-2458/? I/MicroDetectionWorker: #startMicroDetector [speakerMode: 0]
2020-04-07 20:58:48.662 2458-2458/? I/AudioController: Using mInputStreamFactoryBuilder
2020-04-07 20:58:48.662 2458-2458/? I/AudioController: Created new AudioSource
2020-04-07 20:58:48.664 2458-2458/? I/MicroDetectionWorker: onReady
2020-04-07 20:58:48.672 2458-6885/? I/MicroRecognitionRunner: Starting detection.
2020-04-07 20:58:48.673 2458-6871/? I/MicrophoneInputStream: mic_starting  SR : 16000 CC : 16 SO : 6
2020-04-07 20:58:48.675 1617-1671/? E/AudioPolicyIntefaceImpl: getInputForAttr permission denied: recording not allowed for uid 10041 pid 2458
2020-04-07 20:58:48.675 1617-1671/? E/AudioFlinger: createRecord() checkRecordThread_l failed
2020-04-07 20:58:48.675 2458-6871/? E/IAudioFlinger: createRecord returned error -22
2020-04-07 20:58:48.675 2458-6871/? E/AudioRecord: AudioFlinger could not create record track, status: -22
2020-04-07 20:58:48.677 2458-6871/? E/AudioRecord-JNI: Error creating AudioRecord instance: initialization check failed with status -22.
2020-04-07 20:58:48.678 2458-6871/? E/android.media.AudioRecord: Error code -20 when initializing native AudioRecord object.
2020-04-07 20:58:48.678 2458-6871/? I/MicrophoneInputStream: mic_started  SR : 16000 CC : 16 SO : 6
2020-04-07 20:58:48.679 2458-6871/? E/ActivityThread: Failed to find provider info for com.google.android.apps.gsa.testing.ui.audio.recorded
2020-04-07 20:58:48.679 2458-2458/? I/MicroDetectionWorker: onReady
2020-04-07 20:58:48.680 2458-6871/? I/MicrophoneInputStream: mic_close  SR : 16000 CC : 16 SO : 6
2020-04-07 20:58:48.682 2458-6885/? I/MicroRecognitionRunner: Detection finished
2020-04-07 20:58:48.682 2458-6885/? W/ErrorReporter: reportError [type: 211, code: 524300]: Error reading from input stream
2020-04-07 20:58:48.683 2458-6885/? W/ErrorProcessor: onFatalError, processing error from engine(4)
2020-04-07 20:58:48.683 2458-6885/? I/AudioController: internalShutdown
2020-04-07 20:58:48.683 2458-2988/? I/MicroRecognitionRunner: Stopping hotword detection.
2020-04-07 20:58:48.684 2458-2458/? I/MicroDetector: Keeping mic open: false
2020-04-07 20:58:48.684 2458-2458/? I/MicroDetectionWorker: #onError(false)
2020-04-07 20:58:48.685 2458-6873/? I/DeviceStateChecker: DeviceStateChecker cancelled
2020-04-07 20:58:49.337 1844-1962/? I/GnssLocationProvider: WakeLock acquired by sendMessage(REPORT_SV_STATUS, 0, com.android.server.location.GnssLocationProvider$SvStatusInfo@ed33216)
2020-04-07 20:58:49.338 1844-1866/? I/GnssLocationProvider: WakeLock released by handleMessage(REPORT_SV_STATUS, 0, com.android.server.location.GnssLocationProvider$SvStatusInfo@ed33216)
2020-04-07 20:58:49.773 1844-1866/? E/memtrack: Couldn't load memtrack module
2020-04-07 20:58:49.773 1844-1866/? W/android.os.Debug: failed to get memory consumption info: -1
2020-04-07 20:58:50.338 1844-1962/? I/GnssLocationProvider: WakeLock acquired by sendMessage(REPORT_SV_STATUS, 0, com.android.server.location.GnssLocationProvider$SvStatusInfo@288dd84)
2020-04-07 20:58:50.339 1844-1866/? I/GnssLocationProvider: WakeLock released by handleMessage(REPORT_SV_STATUS, 0, com.android.server.location.GnssLocationProvider$SvStatusInfo@288dd84)
2020-04-07 20:58:51.338 1844-1962/? I/GnssLocationProvider: WakeLock acquired by sendMessage(REPORT_SV_STATUS, 0, com.android.server.location.GnssLocationProvider$SvStatusInfo@fdcb96d)
2020-04-07 20:58:51.340 1844-1866/? I/GnssLocationProvider: WakeLock released by handleMessage(REPORT_SV_STATUS, 0, com.android.server.location.GnssLocationProvider$SvStatusInfo@fdcb96d)
2020-04-07 20:58:52.338 1844-1962/? I/GnssLocationProvider: WakeLock acquired by sendMessage(REPORT_SV_STATUS, 0, com.android.server.location.GnssLocationProvider$SvStatusInfo@8c859a2)
2020-04-07 20:58:52.339 1844-1866/? I/GnssLocationProvider: WakeLock released by handleMessage(REPORT_SV_STATUS, 0, com.android.server.location.GnssLocationProvider$SvStatusInfo@8c859a2)
2020-04-07 20:58:53.339 1844-1962/? I/GnssLocationProvider: WakeLock acquired by sendMessage(REPORT_SV_STATUS, 0, com.android.server.location.GnssLocationProvider$SvStatusInfo@de9b633)
2020-04-07 20:58:53.340 1844-1866/? I/GnssLocationProvider: WakeLock released by handleMessage(REPORT_SV_STATUS, 0, com.android.server.location.GnssLocationProvider$SvStatusInfo@de9b633)
2020-04-07 20:58:53.691 2458-2458/? I/MicroDetectionWorker: #startMicroDetector [speakerMode: 0]
2020-04-07 20:58:53.691 2458-2458/? I/AudioController: Using mInputStreamFactoryBuilder
2020-04-07 20:58:53.691 2458-2458/? I/AudioController: Created new AudioSource
2020-04-07 20:58:53.693 2458-2458/? I/MicroDetectionWorker: onReady
2020-04-07 20:58:53.701 2458-6873/? I/MicroRecognitionRunner: Starting detection.
2020-04-07 20:58:53.702 2458-6871/? I/MicrophoneInputStream: mic_starting  SR : 16000 CC : 16 SO : 6
2020-04-07 20:58:53.703 1617-1671/? E/AudioPolicyIntefaceImpl: getInputForAttr permission denied: recording not allowed for uid 10041 pid 2458
2020-04-07 20:58:53.703 1617-1671/? E/AudioFlinger: createRecord() checkRecordThread_l failed
2020-04-07 20:58:53.703 2458-6871/? E/IAudioFlinger: createRecord returned error -22
2020-04-07 20:58:53.703 2458-6871/? E/AudioRecord: AudioFlinger could not create record track, status: -22
2020-04-07 20:58:53.704 2458-6871/? E/AudioRecord-JNI: Error creating AudioRecord instance: initialization check failed with status -22.
2020-04-07 20:58:53.704 2458-6871/? E/android.media.AudioRecord: Error code -20 when initializing native AudioRecord object.
2020-04-07 20:58:53.704 2458-6871/? I/MicrophoneInputStream: mic_started  SR : 16000 CC : 16 SO : 6
2020-04-07 20:58:53.705 2458-2458/? I/MicroDetectionWorker: onReady
2020-04-07 20:58:53.707 2458-6871/? I/MicrophoneInputStream: mic_close  SR : 16000 CC : 16 SO : 6
2020-04-07 20:58:53.707 2458-6873/? I/MicroRecognitionRunner: Detection finished
2020-04-07 20:58:53.708 2458-6873/? W/ErrorReporter: reportError [type: 211, code: 524300]: Error reading from input stream
2020-04-07 20:58:53.708 2458-2988/? I/MicroRecognitionRunner: Stopping hotword detection.
2020-04-07 20:58:53.709 2458-6873/? W/ErrorProcessor: onFatalError, processing error from engine(4)
2020-04-07 20:58:53.710 2458-6873/? I/AudioController: internalShutdown
2020-04-07 20:58:53.711 2458-2458/? I/MicroDetector: Keeping mic open: false
2020-04-07 20:58:53.711 2458-2458/? I/MicroDetectionWorker: #onError(false)
2020-04-07 20:58:53.711 2458-6885/? I/DeviceStateChecker: DeviceStateChecker cancelled
2020-04-07 20:58:54.338 1844-1962/? I/GnssLocationProvider: WakeLock acquired by sendMessage(REPORT_SV_STATUS, 0, com.android.server.location.GnssLocationProvider$SvStatusInfo@784df0)
2020-04-07 20:58:54.339 1844-1866/? I/GnssLocationProvider: WakeLock released by handleMessage(REPORT_SV_STATUS, 0, com.android.server.location.GnssLocationProvider$SvStatusInfo@784df0)
2020-04-07 20:58:55.338 1844-1962/? I/GnssLocationProvider: WakeLock acquired by sendMessage(REPORT_SV_STATUS, 0, com.android.server.location.GnssLocationProvider$SvStatusInfo@2987f69)
2020-04-07 20:58:55.339 1844-1866/? I/GnssLocationProvider: WakeLock released by handleMessage(REPORT_SV_STATUS, 0, com.android.server.location.GnssLocationProvider$SvStatusInfo@2987f69)
2020-04-07 20:58:56.338 1844-1962/? I/GnssLocationProvider: WakeLock acquired by sendMessage(REPORT_SV_STATUS, 0, com.android.server.location.GnssLocationProvider$SvStatusInfo@5f66dee)
2020-04-07 20:58:56.339 1844-1866/? I/GnssLocationProvider: WakeLock released by handleMessage(REPORT_SV_STATUS, 0, com.android.server.location.GnssLocationProvider$SvStatusInfo@5f66dee)
2020-04-07 20:58:57.343 1844-1962/? I/GnssLocationProvider: WakeLock acquired by sendMessage(REPORT_SV_STATUS, 0, com.android.server.location.GnssLocationProvider$SvStatusInfo@37f828f)
2020-04-07 20:58:57.348 1844-1866/? I/GnssLocationProvider: WakeLock released by handleMessage(REPORT_SV_STATUS, 0, com.android.server.location.GnssLocationProvider$SvStatusInfo@37f828f)
2020-04-07 20:58:58.338 1844-1962/? I/GnssLocationProvider: WakeLock acquired by sendMessage(REPORT_SV_STATUS, 0, com.android.server.location.GnssLocationProvider$SvStatusInfo@ac591c)
2020-04-07 20:58:58.339 1844-1866/? I/GnssLocationProvider: WakeLock released by handleMessage(REPORT_SV_STATUS, 0, com.android.server.location.GnssLocationProvider$SvStatusInfo@ac591c)
2020-04-07 20:58:58.719 2458-2458/? I/MicroDetectionWorker: #startMicroDetector [speakerMode: 0]
2020-04-07 20:58:58.720 2458-2458/? I/AudioController: Using mInputStreamFactoryBuilder
2020-04-07 20:58:58.720 2458-2458/? I/AudioController: Created new AudioSource
2020-04-07 20:58:58.720 2458-2458/? I/MicroDetectionWorker: onReady
2020-04-07 20:58:58.730 2458-6873/? I/MicroRecognitionRunner: Starting detection.
2020-04-07 20:58:58.739 2458-6871/? I/MicrophoneInputStream: mic_starting  SR : 16000 CC : 16 SO : 6
2020-04-07 20:58:58.739 1617-1671/? E/AudioPolicyIntefaceImpl: getInputForAttr permission denied: recording not allowed for uid 10041 pid 2458
2020-04-07 20:58:58.739 1617-1671/? E/AudioFlinger: createRecord() checkRecordThread_l failed
2020-04-07 20:58:58.741 2458-6871/? E/IAudioFlinger: createRecord returned error -22
2020-04-07 20:58:58.741 2458-6871/? E/AudioRecord: AudioFlinger could not create record track, status: -22
2020-04-07 20:58:58.742 2458-6871/? E/AudioRecord-JNI: Error creating AudioRecord instance: initialization check failed with status -22.
2020-04-07 20:58:58.743 2458-6871/? E/android.media.AudioRecord: Error code -20 when initializing native AudioRecord object.
2020-04-07 20:58:58.743 2458-6871/? I/MicrophoneInputStream: mic_started  SR : 16000 CC : 16 SO : 6
2020-04-07 20:58:58.745 2458-2458/? I/MicroDetectionWorker: onReady
2020-04-07 20:58:58.749 2458-6871/? I/MicrophoneInputStream: mic_close  SR : 16000 CC : 16 SO : 6
2020-04-07 20:58:58.752 2458-6873/? I/MicroRecognitionRunner: Detection finished
2020-04-07 20:58:58.752 2458-6873/? W/ErrorReporter: reportError [type: 211, code: 524300]: Error reading from input stream
2020-04-07 20:58:58.754 2458-2988/? I/MicroRecognitionRunner: Stopping hotword detection.
2020-04-07 20:58:58.754 2458-6873/? W/ErrorProcessor: onFatalError, processing error from engine(4)
2020-04-07 20:58:58.754 2458-6873/? I/AudioController: internalShutdown
2020-04-07 20:58:58.756 2458-2458/? I/MicroDetector: Keeping mic open: false
2020-04-07 20:58:58.757 2458-2458/? I/MicroDetectionWorker: #onError(false)
2020-04-07 20:58:58.757 2458-6885/? I/DeviceStateChecker: DeviceStateChecker cancelled
2020-04-07 20:58:59.338 1844-1962/? I/GnssLocationProvider: WakeLock acquired by sendMessage(REPORT_SV_STATUS, 0, com.android.server.location.GnssLocationProvider$SvStatusInfo@430a925)
2020-04-07 20:58:59.339 1844-1866/? I/GnssLocationProvider: WakeLock released by handleMessage(REPORT_SV_STATUS, 0, com.android.server.location.GnssLocationProvider$SvStatusInfo@430a925)
2020-04-07 20:59:00.023 1856-1859/? D/hwcomposer: hw_composer sent 6 syncs in 60s
2020-04-07 20:59:00.338 1844-1962/? I/GnssLocationProvider: WakeLock acquired by sendMessage(REPORT_SV_STATUS, 0, com.android.server.location.GnssLocationProvider$SvStatusInfo@4fbb8ab)
2020-04-07 20:59:00.339 1844-1866/? I/GnssLocationProvider: WakeLock released by handleMessage(REPORT_SV_STATUS, 0, com.android.server.location.GnssLocationProvider$SvStatusInfo@4fbb8ab)
2020-04-07 20:59:01.338 1844-1962/? I/GnssLocationProvider: WakeLock acquired by sendMessage(REPORT_SV_STATUS, 0, com.android.server.location.GnssLocationProvider$SvStatusInfo@b3eb08)
2020-04-07 20:59:01.339 1844-1866/? I/GnssLocationProvider: WakeLock released by handleMessage(REPORT_SV_STATUS, 0, com.android.server.location.GnssLocationProvider$SvStatusInfo@b3eb08)
2020-04-07 20:59:02.338 1844-1962/? I/GnssLocationProvider: WakeLock acquired by sendMessage(REPORT_SV_STATUS, 0, com.android.server.location.GnssLocationProvider$SvStatusInfo@e67b2a1)
2020-04-07 20:59:02.339 1844-1866/? I/GnssLocationProvider: WakeLock released by handleMessage(REPORT_SV_STATUS, 0, com.android.server.location.GnssLocationProvider$SvStatusInfo@e67b2a1)
2020-04-07 20:59:03.338 1844-1962/? I/GnssLocationProvider: WakeLock acquired by sendMessage(REPORT_SV_STATUS, 0, com.android.server.location.GnssLocationProvider$SvStatusInfo@41a4cc6)
2020-04-07 20:59:03.339 1844-1866/? I/GnssLocationProvider: WakeLock released by handleMessage(REPORT_SV_STATUS, 0, com.android.server.location.GnssLocationProvider$SvStatusInfo@41a4cc6)
2020-04-07 20:59:03.764 2458-2458/? I/MicroDetectionWorker: #startMicroDetector [speakerMode: 0]
2020-04-07 20:59:03.764 2458-2458/? I/AudioController: Using mInputStreamFactoryBuilder
2020-04-07 20:59:03.765 2458-2458/? I/AudioController: Created new AudioSource
2020-04-07 20:59:03.765 2458-2458/? I/MicroDetectionWorker: onReady
2020-04-07 20:59:03.777 2458-6873/? I/MicroRecognitionRunner: Starting detection.
2020-04-07 20:59:03.779 2458-6871/? I/MicrophoneInputStream: mic_starting  SR : 16000 CC : 16 SO : 6
2020-04-07 20:59:03.781 1617-1671/? E/AudioPolicyIntefaceImpl: getInputForAttr permission denied: recording not allowed for uid 10041 pid 2458
2020-04-07 20:59:03.781 1617-1671/? E/AudioFlinger: createRecord() checkRecordThread_l failed
2020-04-07 20:59:03.781 2458-6871/? E/IAudioFlinger: createRecord returned error -22
2020-04-07 20:59:03.781 2458-6871/? E/AudioRecord: AudioFlinger could not create record track, status: -22
2020-04-07 20:59:03.782 2458-6871/? E/AudioRecord-JNI: Error creating AudioRecord instance: initialization check failed with status -22.
2020-04-07 20:59:03.783 2458-6871/? E/android.media.AudioRecord: Error code -20 when initializing native AudioRecord object.
2020-04-07 20:59:03.783 2458-6871/? I/MicrophoneInputStream: mic_started  SR : 16000 CC : 16 SO : 6
2020-04-07 20:59:03.784 2458-2458/? I/MicroDetectionWorker: onReady
2020-04-07 20:59:03.787 2458-6871/? I/MicrophoneInputStream: mic_close  SR : 16000 CC : 16 SO : 6
2020-04-07 20:59:03.788 2458-6873/? I/MicroRecognitionRunner: Detection finished
2020-04-07 20:59:03.788 2458-6873/? W/ErrorReporter: reportError [type: 211, code: 524300]: Error reading from input stream
2020-04-07 20:59:03.789 2458-2988/? I/MicroRecognitionRunner: Stopping hotword detection.
2020-04-07 20:59:03.790 2458-6873/? W/ErrorProcessor: onFatalError, processing error from engine(4)
2020-04-07 20:59:03.790 2458-6873/? I/AudioController: internalShutdown
2020-04-07 20:59:03.792 2458-2458/? I/MicroDetector: Keeping mic open: false
2020-04-07 20:59:03.792 2458-2458/? I/MicroDetectionWorker: #onError(false)
2020-04-07 20:59:03.792 2458-6885/? I/DeviceStateChecker: DeviceStateChecker cancelled
2020-04-07 20:59:04.338 1844-1962/? I/GnssLocationProvider: WakeLock acquired by sendMessage(REPORT_SV_STATUS, 0, com.android.server.location.GnssLocationProvider$SvStatusInfo@9bb3487)
2020-04-07 20:59:04.339 1844-1866/? I/GnssLocationProvider: WakeLock released by handleMessage(REPORT_SV_STATUS, 0, com.android.server.location.GnssLocationProvider$SvStatusInfo@9bb3487)
2020-04-07 20:59:05.338 1844-1962/? I/GnssLocationProvider: WakeLock acquired by sendMessage(REPORT_SV_STATUS, 0, com.android.server.location.GnssLocationProvider$SvStatusInfo@620afb4)
2020-04-07 20:59:05.339 1844-1866/? I/GnssLocationProvider: WakeLock released by handleMessage(REPORT_SV_STATUS, 0, com.android.server.location.GnssLocationProvider$SvStatusInfo@620afb4)
2020-04-07 20:58:58.745 2458-6871/? I/chatty: uid=10041(com.google.android.googlequicksearchbox) UserFacing46 identical 2 lines
2020-04-07 20:59:03.784 2458-6871/? E/ActivityThread: Failed to find provider info for com.google.android.apps.gsa.testing.ui.audio.recorded
2020-04-07 20:59:05.374 1844-1871/? E/BatteryExternalStatsWorker: no controller energy info supplied for wifi
2020-04-07 20:59:06.339 1844-1962/? I/GnssLocationProvider: WakeLock acquired by sendMessage(REPORT_SV_STATUS, 0, com.android.server.location.GnssLocationProvider$SvStatusInfo@aabd7dd)
2020-04-07 20:59:06.339 1844-1866/? I/GnssLocationProvider: WakeLock released by handleMessage(REPORT_SV_STATUS, 0, com.android.server.location.GnssLocationProvider$SvStatusInfo@aabd7dd)
2020-04-07 20:59:07.338 1844-1962/? I/GnssLocationProvider: WakeLock acquired by sendMessage(REPORT_SV_STATUS, 0, com.android.server.location.GnssLocationProvider$SvStatusInfo@8de6f52)
2020-04-07 20:59:07.339 1844-1866/? I/GnssLocationProvider: WakeLock released by handleMessage(REPORT_SV_STATUS, 0, com.android.server.location.GnssLocationProvider$SvStatusInfo@8de6f52)
2020-04-07 20:59:08.339 1844-1962/? I/GnssLocationProvider: WakeLock acquired by sendMessage(REPORT_SV_STATUS, 0, com.android.server.location.GnssLocationProvider$SvStatusInfo@80c9223)
2020-04-07 20:59:08.340 1844-1866/? I/GnssLocationProvider: WakeLock released by handleMessage(REPORT_SV_STATUS, 0, com.android.server.location.GnssLocationProvider$SvStatusInfo@80c9223)
2020-04-07 20:59:08.799 2458-2458/? I/MicroDetectionWorker: #startMicroDetector [speakerMode: 0]
2020-04-07 20:59:08.799 2458-2458/? I/AudioController: Using mInputStreamFactoryBuilder
2020-04-07 20:59:08.799 2458-2458/? I/AudioController: Created new AudioSource
2020-04-07 20:59:08.800 2458-2458/? I/MicroDetectionWorker: onReady
2020-04-07 20:59:08.808 2458-6885/? I/MicroRecognitionRunner: Starting detection.
2020-04-07 20:59:08.809 2458-6871/? I/MicrophoneInputStream: mic_starting  SR : 16000 CC : 16 SO : 6
2020-04-07 20:59:08.810 1617-1671/? E/AudioPolicyIntefaceImpl: getInputForAttr permission denied: recording not allowed for uid 10041 pid 2458
2020-04-07 20:59:08.810 1617-1671/? E/AudioFlinger: createRecord() checkRecordThread_l failed
2020-04-07 20:59:08.810 2458-6871/? E/IAudioFlinger: createRecord returned error -22
2020-04-07 20:59:08.810 2458-6871/? E/AudioRecord: AudioFlinger could not create record track, status: -22
2020-04-07 20:59:08.811 2458-6871/? E/AudioRecord-JNI: Error creating AudioRecord instance: initialization check failed with status -22.
2020-04-07 20:59:08.812 2458-6871/? E/android.media.AudioRecord: Error code -20 when initializing native AudioRecord object.
2020-04-07 20:59:08.812 2458-6871/? I/MicrophoneInputStream: mic_started  SR : 16000 CC : 16 SO : 6
2020-04-07 20:59:08.813 2458-6871/? E/ActivityThread: Failed to find provider info for com.google.android.apps.gsa.testing.ui.audio.recorded
2020-04-07 20:59:08.813 2458-2458/? I/MicroDetectionWorker: onReady
2020-04-07 20:59:08.815 2458-6871/? I/MicrophoneInputStream: mic_close  SR : 16000 CC : 16 SO : 6
2020-04-07 20:59:08.817 2458-6885/? I/MicroRecognitionRunner: Detection finished
2020-04-07 20:59:08.817 2458-6885/? W/ErrorReporter: reportError [type: 211, code: 524300]: Error reading from input stream
2020-04-07 20:59:08.818 2458-2988/? I/MicroRecognitionRunner: Stopping hotword detection.
2020-04-07 20:59:08.819 2458-6885/? W/ErrorProcessor: onFatalError, processing error from engine(4)
2020-04-07 20:59:08.819 2458-6885/? I/AudioController: internalShutdown
