2020-04-07 20:49:08.073 926-953/? I/CHRE: @ 90672.439: [AR_CHRE] send to host, reason=4, sampleSize=112, transitionSize=0, lastAccelTime = 90669180, lastAudioTime = 0 
2020-04-07 20:49:08.075 926-953/? I/CHRE: @ 90672.440: [NanoMinion] sent MSG Type 0x72, Version 0, 1705 bytes, MessageId 61
2020-04-07 20:49:11.268 926-953/? I/VSC: @ 90675.630: [VSC] Request sensor 131074, sample_duration 0 ms, report_duration 0 ms
2020-04-07 20:49:11.271 926-953/? I/VSC: @ 90675.630: [VSC] Stopping sensor events for sensor 65537
2020-04-07 20:49:12.672 24552-24552/com.example.myapplication D/button: print test 2
2020-04-07 20:49:12.672 24552-24552/com.example.myapplication D/button: connect button pressed
2020-04-07 20:49:12.846 24552-24587/com.example.myapplication D/connect:  LINE: SUBMITNAME
2020-04-07 20:49:12.850 24552-24587/com.example.myapplication D/connect:  LINE: NAMEACCEPTED
2020-04-07 20:49:16.184 24552-24587/com.example.myapplication D/ec: eeee
2020-04-07 20:49:16.253 24552-24587/com.example.myapplication D/ec: *************** ROUND 1 ***************
2020-04-07 20:49:16.253 24552-24587/com.example.myapplication I/System.out: true
2020-04-07 20:49:16.487 24552-24587/com.example.myapplication I/chatty: uid=10172(com.example.myapplication) AsyncTask #2 identical 3 lines
2020-04-07 20:49:16.570 24552-24587/com.example.myapplication I/System.out: true
2020-04-07 20:49:16.709 24552-24587/com.example.myapplication D/ec: ********** SEND ROUND 1 DATA **********
2020-04-07 20:49:16.735 24552-24587/com.example.myapplication I/System.out: Ggg
2020-04-07 20:49:16.811 24552-24565/com.example.myapplication I/e.myapplicatio: Background concurrent copying GC freed 617586(16MB) AllocSpace objects, 0(0B) LOS objects, 49% free, 13MB/27MB, paused 26us total 174.187ms
2020-04-07 20:49:18.238 13954-24592/? I/Authzen: [DeviceStateSyncManager] The server is in sync with current state. Nothing to do
2020-04-07 20:49:18.373 15796-15911/? I/WorkerManager: dispose()
2020-04-07 20:49:18.375 15796-15911/? W/ThreadPoolDumper: Queue length for executor EventBus is now 11. Perhaps some tasks are too long, or the pool is too small.
2020-04-07 20:49:19.817 24552-24587/com.example.myapplication D/ec: ************ VERIFY ROUND 1 ***********
2020-04-07 20:49:19.871 24552-24587/com.example.myapplication D/ec: ALL GOOD
2020-04-07 20:49:19.998 24552-24587/com.example.myapplication D/ec: ALL GOOD
2020-04-07 20:49:20.119 24552-24565/com.example.myapplication I/e.myapplicatio: Background young concurrent copying GC freed 342656(9006KB) AllocSpace objects, 5(208KB) LOS objects, 9% free, 24MB/27MB, paused 35us total 110.578ms
2020-04-07 20:49:20.137 24552-24587/com.example.myapplication D/ec: ALL GOOD
2020-04-07 20:49:20.276 24552-24587/com.example.myapplication D/ec: ALL GOOD
2020-04-07 20:49:20.437 24552-24587/com.example.myapplication D/ec: *************** ROUND 2 ***************
2020-04-07 20:49:20.588 24552-24587/com.example.myapplication D/ec: ALL GOOD
2020-04-07 20:49:20.781 24552-24587/com.example.myapplication I/chatty: uid=10172(com.example.myapplication) AsyncTask #2 identical 2 lines
2020-04-07 20:49:20.875 24552-24587/com.example.myapplication D/ec: ALL GOOD
2020-04-07 20:49:21.036 24552-24587/com.example.myapplication D/ec: ************ VERIFY ROUND 2 ***********
2020-04-07 20:49:21.102 24552-24587/com.example.myapplication D/ec: ALL GOOD
2020-04-07 20:49:21.195 24552-24587/com.example.myapplication I/chatty: uid=10172(com.example.myapplication) AsyncTask #2 identical 2 lines
2020-04-07 20:49:21.243 24552-24587/com.example.myapplication D/ec: ALL GOOD
2020-04-07 20:49:21.355 24552-24587/com.example.myapplication D/ec: *************** ROUND 3 ***************
2020-04-07 20:49:21.967 24552-24587/com.example.myapplication D/ec: *************** ROUND 4 ***************
2020-04-07 20:49:22.092 24552-24587/com.example.myapplication D/ec: ALL GOOD
2020-04-07 20:49:22.093 24552-24587/com.example.myapplication I/System.out: -36230891884133021543640125148153220633991871549221764161560408920348771535606
2020-04-07 20:49:22.093 24552-24587/com.example.myapplication I/System.out: -36230891884133021543640125148153220633991871549221764161560408920348771535606
2020-04-07 20:49:22.191 24552-24587/com.example.myapplication D/ec: ALL GOOD
2020-04-07 20:49:22.191 24552-24587/com.example.myapplication I/System.out: 8953655478930826535937379292592971321574815745036772197075385712754865653676
2020-04-07 20:49:22.191 24552-24587/com.example.myapplication I/System.out: 8953655478930826535937379292592971321574815745036772197075385712754865653676
2020-04-07 20:49:22.283 24552-24587/com.example.myapplication D/ec: ALL GOOD
2020-04-07 20:49:22.284 24552-24587/com.example.myapplication I/System.out: -47864326410478356280968126966867365793354924547569650033867781693476365726572
2020-04-07 20:49:22.284 24552-24587/com.example.myapplication I/System.out: -47864326410478356280968126966867365793354924547569650033867781693476365726572
2020-04-07 20:49:22.370 24552-24587/com.example.myapplication D/ec: ALL GOOD
2020-04-07 20:49:22.371 24552-24587/com.example.myapplication I/System.out: 1799780083866480162515965625794041864140290345688947870240907950036709038937
2020-04-07 20:49:22.371 24552-24587/com.example.myapplication I/System.out: 1799780083866480162515965625794041864140290345688947870240907950036709038937
2020-04-07 20:49:22.592 1276-8567/? D/WificondControl: Scan result ready event
2020-04-07 20:49:22.596 24552-24587/com.example.myapplication D/ec: *********** KEY COMPUTATION ***********
2020-04-07 20:49:22.600 1276-2309/? D/WificondScannerImpl: Filtering out 2 scan results.
2020-04-07 20:49:22.668 24552-24587/com.example.myapplication I/System.out: Latency of Each Round JPAKEPairing+
2020-04-07 20:49:22.668 24552-24587/com.example.myapplication D/EC_LATENCY: 1) Latency of computing round 1 per participant (ms):456
2020-04-07 20:49:22.668 24552-24587/com.example.myapplication D/EC_LATENCY: 2) Latency of verifying data in round 1 per participant (ms):544
2020-04-07 20:49:22.668 24552-24587/com.example.myapplication D/EC_LATENCY: 3) Latency of computing round 2 per participant (ms):438
2020-04-07 20:49:22.668 24552-24587/com.example.myapplication D/EC_LATENCY: 4) Latency of verifying round 2 per participant (ms):207
2020-04-07 20:49:22.668 24552-24587/com.example.myapplication D/EC_LATENCY: 5) Latency of computing round 3 per participant (ms):345
2020-04-07 20:49:22.668 24552-24587/com.example.myapplication D/EC_LATENCY: 6) Latency of verifying round 3 for participant (ms):404
2020-04-07 20:49:22.668 24552-24587/com.example.myapplication D/EC_LATENCY: 7) Latency of computing key for participant (ms):72
2020-04-07 20:49:22.670 24552-24552/com.example.myapplication D/speke: DONE
2020-04-07 20:49:25.392 2678-2773/? I/QCNEJ/CndHalConnector: -> SND notifyWifiStatusChanged(RatInfo{type=1, subType=101, state=CONNECTED, v4=IfaceAddrPair{iface=wlan0, addr=192.168.1.191}, v6=IfaceAddrPair{iface=wlan0, addr=2a00:23c8:2501:f100:e5b6:b7ca:4d50:de67}, timestamp=2020-04-07 20:49:25.392, isAndroidValidated=true, netHandle=432902426637, slotIdx=0} WifiInfo{freq=FIVE_GHz, state=3, ssid=BTHub6-2S7X, bssid=a4:08:f5:a6:89:05, dns=[192.168.1.254, 0.0.0.0, 0.0.0.0, 0.0.0.0, ]})
2020-04-07 20:49:25.409 2755-9309/? E/PhoneInterfaceManager: [PhoneIntfMgr] getCarrierPrivilegeStatus: Invalid subId
2020-04-07 20:49:25.411 16175-16203/? I/CarrierServices: [824] djg.a: FiST: Wifi connectivity status true
2020-04-07 20:49:25.413 16175-16247/? I/CarrierServices: [853] drt.a: (PEv2-SM): DisabledState: event Connectivity event
2020-04-07 20:49:25.416 16175-16203/? I/CarrierServices: [824] djk.d: Connected state: [1], networkType: [WIFI]
2020-04-07 20:49:25.420 2755-9309/? E/PhoneInterfaceManager: [PhoneIntfMgr] getCarrierPrivilegeStatus: Invalid subId
2020-04-07 20:49:28.431 2678-2773/? I/QCNEJ/CndHalConnector: -> SND notifyWifiStatusChanged(RatInfo{type=1, subType=101, state=CONNECTED, v4=IfaceAddrPair{iface=wlan0, addr=192.168.1.191}, v6=IfaceAddrPair{iface=wlan0, addr=2a00:23c8:2501:f100:e5b6:b7ca:4d50:de67}, timestamp=2020-04-07 20:49:28.431, isAndroidValidated=true, netHandle=432902426637, slotIdx=0} WifiInfo{freq=FIVE_GHz, state=3, ssid=BTHub6-2S7X, bssid=a4:08:f5:a6:89:05, dns=[192.168.1.254, 0.0.0.0, 0.0.0.0, 0.0.0.0, ]})
2020-04-07 20:49:28.437 2755-2784/? E/PhoneInterfaceManager: [PhoneIntfMgr] getCarrierPrivilegeStatus: Invalid subId
2020-04-07 20:49:28.440 16175-16203/? I/CarrierServices: [824] djg.a: FiST: Wifi connectivity status true
2020-04-07 20:49:28.449 16175-16247/? I/CarrierServices: [853] drt.a: (PEv2-SM): DisabledState: event Connectivity event
2020-04-07 20:49:28.450 16175-16203/? I/CarrierServices: [824] djk.d: Connected state: [1], networkType: [WIFI]
2020-04-07 20:49:28.453 2755-2784/? E/PhoneInterfaceManager: [PhoneIntfMgr] getCarrierPrivilegeStatus: Invalid subId
2020-04-07 20:49:34.211 853-853/? I//vendor/bin/hw/android.hardware.health@2.0-service.wahoo: SRAM data: 3316000
2020-04-07 20:49:34.233 2377-3067/? D/PowerUI: can't show warning due to - plugged: true status unknown: false
2020-04-07 20:49:37.646 24552-24552/com.example.myapplication D/button: print test 2
2020-04-07 20:49:37.647 24552-24552/com.example.myapplication D/button: connect button pressed
2020-04-07 20:49:38.321 24552-24587/com.example.myapplication D/connect:  LINE: SUBMITNAME
2020-04-07 20:49:38.327 24552-24587/com.example.myapplication D/connect:  LINE: NAMEACCEPTED
2020-04-07 20:49:41.699 24552-24587/com.example.myapplication D/ec: eeee
2020-04-07 20:49:41.712 24552-24587/com.example.myapplication D/ec: *************** ROUND 1 ***************
2020-04-07 20:49:41.712 24552-24587/com.example.myapplication I/System.out: true
2020-04-07 20:49:41.854 24552-24587/com.example.myapplication I/chatty: uid=10172(com.example.myapplication) AsyncTask #2 identical 1 line
2020-04-07 20:49:41.855 24552-24587/com.example.myapplication I/System.out: true
2020-04-07 20:49:41.888 24552-24567/com.example.myapplication W/System: A resource failed to call close. 
2020-04-07 20:49:41.942 24552-24587/com.example.myapplication I/System.out: true
2020-04-07 20:49:42.032 24552-24587/com.example.myapplication I/System.out: true
2020-04-07 20:49:42.160 24552-24587/com.example.myapplication D/ec: ********** SEND ROUND 1 DATA **********
2020-04-07 20:49:42.172 24552-24587/com.example.myapplication I/System.out: Ggg
2020-04-07 20:49:43.541 1276-4715/? I/ActivityManager: Killing 22388:com.android.chrome/u0a137 (adj 955): empty for 1802s
2020-04-07 20:49:43.550 1276-4715/? I/ActivityManager: Killing 23445:com.android.vending:download_service/u0a104 (adj 965): empty for 1807s
2020-04-07 20:49:43.551 1276-4715/? I/ActivityManager: Killing 20748:com.google.android.partnersetup/u0a120 (adj 965): empty for 1813s
2020-04-07 20:49:43.551 1276-4715/? I/ActivityManager: Killing 21675:com.android.providers.calendar/u0a51 (adj 965): empty for 1813s
2020-04-07 20:49:43.552 1276-4715/? I/ActivityManager: Killing 21203:com.google.android.gms.ui/u0a110 (adj 975): empty for 1814s
2020-04-07 20:49:43.552 1276-4715/? I/ActivityManager: Killing 23354:com.google.android.apps.pixelmigrate/u0a107 (adj 975): empty for 1815s
2020-04-07 20:49:43.604 1276-8672/? D/ConnectivityService: ConnectivityService NetworkRequestInfo binderDied(NetworkRequest [ TRACK_DEFAULT id=203, [ Capabilities: INTERNET&NOT_RESTRICTED&TRUSTED Uid: 10104] ], android.os.BinderProxy@13ce744)
2020-04-07 20:49:43.604 1276-2310/? D/ConnectivityService: releasing NetworkRequest [ TRACK_DEFAULT id=203, [ Capabilities: INTERNET&NOT_RESTRICTED&TRUSTED Uid: 10104] ] (release request)
2020-04-07 20:49:43.604 824-824/? I/Zygote: Process 23445 exited due to signal 9 (Killed)
2020-04-07 20:49:43.606 823-823/? I/Zygote: Process 21675 exited due to signal 9 (Killed)
2020-04-07 20:49:43.613 823-823/? I/Zygote: Process 21203 exited due to signal 9 (Killed)
2020-04-07 20:49:43.617 823-823/? I/Zygote: Process 20748 exited due to signal 9 (Killed)
2020-04-07 20:49:43.627 823-823/? I/Zygote: Process 23354 exited due to signal 9 (Killed)
2020-04-07 20:49:43.633 1276-1301/? D/ConnectivityService: ConnectivityService NetworkRequestInfo binderDied(NetworkRequest [ TRACK_DEFAULT id=197, [ Capabilities: INTERNET&NOT_RESTRICTED&TRUSTED Uid: 10137] ], android.os.BinderProxy@7fd602d)
2020-04-07 20:49:43.633 1276-4705/? D/ConnectivityService: ConnectivityService NetworkRequestInfo binderDied(NetworkRequest [ LISTEN id=198, [ Capabilities: INTERNET&NOT_RESTRICTED&TRUSTED&FOREGROUND Uid: 10137] ], android.os.BinderProxy@9fdd962)
2020-04-07 20:49:43.633 1276-7030/? D/ConnectivityService: ConnectivityService NetworkRequestInfo binderDied(NetworkRequest [ LISTEN id=200, [ Capabilities: INTERNET&NOT_RESTRICTED&TRUSTED&FOREGROUND Uid: 10137] ], android.os.BinderProxy@d1d9af3)
2020-04-07 20:49:43.633 1276-4739/? D/ConnectivityService: ConnectivityService NetworkRequestInfo binderDied(NetworkRequest [ TRACK_DEFAULT id=199, [ Capabilities: INTERNET&NOT_RESTRICTED&TRUSTED Uid: 10137] ], android.os.BinderProxy@5c333b0)
2020-04-07 20:49:43.633 1276-2310/? D/ConnectivityService: releasing NetworkRequest [ TRACK_DEFAULT id=197, [ Capabilities: INTERNET&NOT_RESTRICTED&TRUSTED Uid: 10137] ] (release request)
2020-04-07 20:49:43.634 1276-2310/? D/ConnectivityService: releasing NetworkRequest [ TRACK_DEFAULT id=199, [ Capabilities: INTERNET&NOT_RESTRICTED&TRUSTED Uid: 10137] ] (release request)
2020-04-07 20:49:43.635 824-824/? I/Zygote: Process 22388 exited due to signal 9 (Killed)
2020-04-07 20:49:43.640 1276-1348/? I/libprocessgroup: Successfully killed process cgroup uid 10137 pid 22388 in 85ms
2020-04-07 20:49:43.640 1276-1348/? I/libprocessgroup: Successfully killed process cgroup uid 10104 pid 23445 in 0ms
2020-04-07 20:49:43.640 1276-1348/? I/libprocessgroup: Successfully killed process cgroup uid 10120 pid 20748 in 0ms
2020-04-07 20:49:43.640 1276-1348/? I/libprocessgroup: Successfully killed process cgroup uid 10051 pid 21675 in 0ms
2020-04-07 20:49:43.640 1276-1348/? I/libprocessgroup: Successfully killed process cgroup uid 10110 pid 21203 in 0ms
2020-04-07 20:49:43.640 1276-1348/? I/libprocessgroup: Successfully killed process cgroup uid 10107 pid 23354 in 0ms
2020-04-07 20:49:44.212 24552-24587/com.example.myapplication D/ec: ************ VERIFY ROUND 1 ***********
2020-04-07 20:49:44.283 24552-24587/com.example.myapplication D/ec: ALL GOOD
2020-04-07 20:49:44.552 24552-24587/com.example.myapplication I/chatty: uid=10172(com.example.myapplication) AsyncTask #2 identical 2 lines
2020-04-07 20:49:44.691 24552-24587/com.example.myapplication D/ec: ALL GOOD
2020-04-07 20:49:45.079 24552-24587/com.example.myapplication D/ec: *************** ROUND 2 ***************
2020-04-07 20:49:45.236 24552-24587/com.example.myapplication D/ec: ALL GOOD
2020-04-07 20:49:45.426 24552-24587/com.example.myapplication I/chatty: uid=10172(com.example.myapplication) AsyncTask #2 identical 2 lines
2020-04-07 20:49:45.527 24552-24587/com.example.myapplication D/ec: ALL GOOD
2020-04-07 20:49:45.608 24552-24587/com.example.myapplication D/ec: ************ VERIFY ROUND 2 ***********
2020-04-07 20:49:45.684 24552-24587/com.example.myapplication D/ec: ALL GOOD
2020-04-07 20:49:45.781 24552-24587/com.example.myapplication I/chatty: uid=10172(com.example.myapplication) AsyncTask #2 identical 2 lines
2020-04-07 20:49:45.825 24552-24587/com.example.myapplication D/ec: ALL GOOD
2020-04-07 20:49:45.993 24552-24587/com.example.myapplication D/ec: *************** ROUND 3 ***************
2020-04-07 20:49:46.641 24552-24587/com.example.myapplication D/ec: *************** ROUND 4 ***************
2020-04-07 20:49:46.737 24552-24565/com.example.myapplication I/e.myapplicatio: Background young concurrent copying GC freed 244860(6338KB) AllocSpace objects, 3(80KB) LOS objects, 16% free, 13MB/16MB, paused 156us total 122.361ms
2020-04-07 20:49:46.769 24552-24587/com.example.myapplication D/ec: ALL GOOD
2020-04-07 20:49:46.770 24552-24587/com.example.myapplication I/System.out: -57604536740222932653162604354306416699214520157267689704926270193889668963811
2020-04-07 20:49:46.770 24552-24587/com.example.myapplication I/System.out: -57604536740222932653162604354306416699214520157267689704926270193889668963811
2020-04-07 20:49:46.864 24552-24587/com.example.myapplication D/ec: ALL GOOD
2020-04-07 20:49:46.865 24552-24587/com.example.myapplication I/System.out: 4024069486846239573431932579647885926750464394648157239480140467807728340761
2020-04-07 20:49:46.865 24552-24587/com.example.myapplication I/System.out: 4024069486846239573431932579647885926750464394648157239480140467807728340761
2020-04-07 20:49:46.956 24552-24587/com.example.myapplication D/ec: ALL GOOD
2020-04-07 20:49:46.957 24552-24587/com.example.myapplication I/System.out: -18992350265019886047236701403240050954157867618081714015811911480124948861186
2020-04-07 20:49:46.957 24552-24587/com.example.myapplication I/System.out: -18992350265019886047236701403240050954157867618081714015811911480124948861186
2020-04-07 20:49:47.050 24552-24587/com.example.myapplication D/ec: ALL GOOD
2020-04-07 20:49:47.051 24552-24587/com.example.myapplication I/System.out: -26779291876463957687798051868788704091935910229024985154505423131349598315439
2020-04-07 20:49:47.051 24552-24587/com.example.myapplication I/System.out: -26779291876463957687798051868788704091935910229024985154505423131349598315439
2020-04-07 20:49:47.117 24552-24587/com.example.myapplication D/ec: *********** KEY COMPUTATION ***********
2020-04-07 20:49:47.193 24552-24587/com.example.myapplication I/System.out: Latency of Each Round JPAKEPairing+
2020-04-07 20:49:47.193 24552-24587/com.example.myapplication D/EC_LATENCY: 1) Latency of computing round 1 per participant (ms):448
2020-04-07 20:49:47.193 24552-24587/com.example.myapplication D/EC_LATENCY: 2) Latency of verifying data in round 1 per participant (ms):571
2020-04-07 20:49:47.193 24552-24587/com.example.myapplication D/EC_LATENCY: 3) Latency of computing round 2 per participant (ms):448
2020-04-07 20:49:47.193 24552-24587/com.example.myapplication D/EC_LATENCY: 4) Latency of verifying round 2 per participant (ms):217
2020-04-07 20:49:47.193 24552-24587/com.example.myapplication D/EC_LATENCY: 5) Latency of computing round 3 per participant (ms):351
2020-04-07 20:49:47.193 24552-24587/com.example.myapplication D/EC_LATENCY: 6) Latency of verifying round 3 for participant (ms):410
2020-04-07 20:49:47.193 24552-24587/com.example.myapplication D/EC_LATENCY: 7) Latency of computing key for participant (ms):75
2020-04-07 20:49:47.194 24552-24552/com.example.myapplication D/speke: DONE
2020-04-07 20:49:47.197 24552-24581/com.example.myapplication I/e.myapplicatio: Waiting for a blocking GC ProfileSaver
2020-04-07 20:49:47.242 24552-24565/com.example.myapplication I/e.myapplicatio: Background concurrent copying GC freed 414730(11MB) AllocSpace objects, 0(0B) LOS objects, 49% free, 5763KB/11MB, paused 46us total 102.581ms
2020-04-07 20:49:47.242 24552-24581/com.example.myapplication I/e.myapplicatio: WaitForGcToComplete blocked ProfileSaver on HeapTrim for 44.503ms
2020-04-07 20:50:00.862 1276-1653/? I/ActivityManager: Killing 23189:com.google.android.permissioncontroller/u0a64 (adj 955): empty for 1815s
2020-04-07 20:50:00.887 823-823/? I/Zygote: Process 23189 exited due to signal 9 (Killed)
2020-04-07 20:50:00.909 1276-1348/? I/libprocessgroup: Successfully killed process cgroup uid 10064 pid 23189 in 45ms
2020-04-07 20:50:00.946 13954-24601/? E/WorkSourceUtil: Could not find package: com.google.android.gms.westworld
2020-04-07 20:50:00.949 13954-24600/? E/WorkSourceUtil: Could not find package: com.google.android.gms.westworld
2020-04-07 20:50:01.231 13934-13949/? I/.gms.persisten: Background concurrent copying GC freed 238330(10MB) AllocSpace objects, 26(1224KB) LOS objects, 49% free, 10MB/21MB, paused 102us total 235.502ms
2020-04-07 20:50:04.861 926-953/? I/CHRE: @ 90729.226: [ImuCal] [NanoSensorCal:GYRO_RPS] Offset | Temperature [C]: -0.001762, 0.010756, 0.001573 | 23.89
2020-04-07 20:50:04.861 926-953/? I/CHRE: @ 90729.226: [ImuCal] [NanoSensorCal:GYRO_RPS] Temp Sensitivity: 0.000330, -0.000087, 0.000069
2020-04-07 20:50:04.861 926-953/? I/CHRE: @ 90729.226: [ImuCal] [NanoSensorCal:GYRO_RPS] Temp Intercept: -0.009643, 0.012848, -0.000080
2020-04-07 20:50:05.154 1276-6747/? D/WificondControl: Scan result ready event
2020-04-07 20:50:08.013 1276-2445/? I/ActivityManager: Killing 20788:com.google.android.apps.messaging/u0a150 (adj 975): empty for 1802s
2020-04-07 20:50:08.092 823-823/? I/Zygote: Process 20788 exited due to signal 9 (Killed)
2020-04-07 20:50:08.093 1276-8200/? D/ConnectivityService: ConnectivityService NetworkRequestInfo binderDied(NetworkRequest [ LISTEN id=190, [ Capabilities: INTERNET&NOT_RESTRICTED&TRUSTED Uid: 10150] ], android.os.BinderProxy@56326e3)
2020-04-07 20:50:08.094 1276-11520/? D/ConnectivityService: ConnectivityService NetworkRequestInfo binderDied(NetworkRequest [ TRACK_DEFAULT id=189, [ Capabilities: INTERNET&NOT_RESTRICTED&TRUSTED Uid: 10150] ], android.os.BinderProxy@7a2e8e0)
2020-04-07 20:50:08.094 1276-2310/? D/ConnectivityService: releasing NetworkRequest [ TRACK_DEFAULT id=189, [ Capabilities: INTERNET&NOT_RESTRICTED&TRUSTED Uid: 10150] ] (release request)
2020-04-07 20:50:08.121 1276-1348/? I/libprocessgroup: Successfully killed process cgroup uid 10150 pid 20788 in 90ms
2020-04-07 20:50:16.027 1276-8017/? I/ActivityManager: Killing 21877:com.google.android.settings.intelligence/u0a101 (adj 965): empty for 1802s
2020-04-07 20:50:16.030 1276-8017/? I/ActivityManager: Killing 22582:com.google.android.settings.intelligence:learning_bg/u0a101 (adj 975): empty for 1802s
2020-04-07 20:50:16.109 823-823/? I/Zygote: Process 21877 exited due to signal 9 (Killed)
2020-04-07 20:50:16.110 823-24553/? I/Zygote: Process 22582 exited due to signal 9 (Killed)
2020-04-07 20:50:16.127 1276-1348/? I/libprocessgroup: Successfully killed process cgroup uid 10101 pid 21877 in 92ms
2020-04-07 20:50:16.128 1276-1348/? I/libprocessgroup: Successfully killed process cgroup uid 10101 pid 22582 in 0ms
2020-04-07 20:50:24.141 23155-23219/? I/Finsky: [300] kem.run(3): Stats for Executor: BlockingExecutor kgk@de88bcd[Running, pool size = 0, active threads = 0, queued tasks = 0, completed tasks = 63]
2020-04-07 20:50:24.142 23155-23219/? I/Finsky: [300] kem.run(3): Stats for Executor: LightweightExecutor kgk@42a2c82[Running, pool size = 4, active threads = 0, queued tasks = 0, completed tasks = 73]
2020-04-07 20:50:24.500 23155-23219/? I/Finsky: [300] kem.run(3): Stats for Executor: bgExecutor kgk@e10bf93[Running, pool size = 4, active threads = 0, queued tasks = 0, completed tasks = 301]
2020-04-07 20:50:33.163 1276-1355/? I/PowerManagerService: Going to sleep due to timeout (uid 1000)...
2020-04-07 20:50:33.164 1276-1276/? W/UsageStatsService: Event reported without a package name, eventType:16
2020-04-07 20:50:33.166 1276-1276/? I/ActivityManager: Killing 21535:com.google.android.apps.turbo/u0a133 (adj 965): empty for 1801s
2020-04-07 20:50:33.223 823-823/? I/Zygote: Process 21535 exited due to signal 9 (Killed)
2020-04-07 20:50:33.225 1276-1348/? I/libprocessgroup: Successfully killed process cgroup uid 10133 pid 21535 in 46ms
2020-04-07 20:50:33.643 1276-1355/? I/DisplayPowerController: Blocking screen off
2020-04-07 20:50:33.643 1276-1355/? I/DisplayPowerController: Unblocked screen off after 1 ms
2020-04-07 20:50:33.661 1276-1355/? D/ActivityTaskManager: Top Process State changed to PROCESS_STATE_TOP_SLEEPING
2020-04-07 20:50:33.683 926-953/? I/ASH: @ 90758.049: ams_deviceSetConfig: Disabling proximity
2020-04-07 20:50:33.684 926-953/? I/VSC: @ 90758.050: [VSC] Stopping sensor events for sensor 65537
2020-04-07 20:50:33.691 650-650/? D/SurfaceFlinger: Setting power mode 0 on display 0
2020-04-07 20:50:33.692 652-711/? I/SDM: DisplayBase::SetDisplayState: Set state = 0, display 0
2020-04-07 20:50:33.694 1276-1338/? I/DisplayManagerService: Display device changed state: "Built-in Screen", OFF
2020-04-07 20:50:33.827 650-650/? D/SurfaceFlinger: Finished setting power mode 0 on display 0
2020-04-07 20:50:33.829 1276-2340/? D/SurfaceControl: Excessive delay in setPowerMode()
2020-04-07 20:50:33.830 1276-1355/? I/DreamManagerService: Entering dreamland.
2020-04-07 20:50:33.830 1276-1355/? I/PowerManagerService: Dozing...
2020-04-07 20:50:33.831 1276-1335/? I/DreamController: Starting dream: name=ComponentInfo{com.android.systemui/com.android.systemui.doze.DozeService}, isTest=false, canDoze=true, userId=0
2020-04-07 20:50:33.848 2377-2377/? D/StatusBar: updateQsExpansionEnabled - QS Expand enabled: false
2020-04-07 20:50:33.854 2377-2377/? I/chatty: uid=10122(com.android.systemui) identical 1 line
2020-04-07 20:50:33.859 2377-2377/? D/StatusBar: updateQsExpansionEnabled - QS Expand enabled: false
2020-04-07 20:50:33.872 2377-2377/? D/StatusBar: disable<e i a s b h r c s > disable2<q i n >
2020-04-07 20:50:33.875 2377-2377/? D/StatusBar: disable<e i a s b h r c s > disable2<q i n >
2020-04-07 20:50:33.881 926-953/? I/ASH: @ 90758.247: ams_deviceSetConfig: Enabling proximity
2020-04-07 20:50:33.884 926-953/? I/ASH: @ 90758.249: ccb_proximityInit: Using previously stored offsets N:000c S:0002 W:0008 E:0007
2020-04-07 20:50:33.888 926-953/? I/VSC: @ 90758.253: [VSC SLPI] handling enable request for 65561 sensor
2020-04-07 20:50:33.888 926-953/? I/VSC: @ 90758.254: [VSC] Request sensor 65537, sample_duration 14 ms, report_duration 64 ms
2020-04-07 20:50:33.891 926-953/? I/VSC: @ 90758.257: [VSC SLPI] handling enable request for 131079 sensor
2020-04-07 20:50:33.891 926-953/? I/VSC: @ 90758.257: [double-tap-prox-gated] configuring sensor with interval: 0, latency: 0
2020-04-07 20:50:33.891 926-953/? I/VSC: @ 90758.257: [VSC] Request sensor 65544, sample_duration 3e8 ms, report_duration 0 ms
2020-04-07 20:50:33.892 926-953/? I/VSC: @ 90758.258: [VSC] Request sensor 131078, sample_duration 0 ms, report_duration 0 ms
2020-04-07 20:50:33.894 926-953/? I/ASH: @ 90758.260: ftm4_enable_sensor: enabling sensor [double-tap]
2020-04-07 20:50:33.895 926-953/? I/VSC: @ 90758.261: [VSC SLPI] handling enable request for 131077 sensor
2020-04-07 20:50:33.896 926-953/? I/VSC: @ 90758.262: [BINNED_BRIGHTNESS] Created instance at 0xb2036c10
2020-04-07 20:50:33.896 926-953/? I/VSC: @ 90758.262: [VSC] Request sensor 65541, sample_duration fa ms, report_duration 0 ms
2020-04-07 20:50:33.896 926-953/? I/VSC: @ 90758.262: [VSC] Request sensor 65544, sample_duration c8 ms, report_duration 0 ms
2020-04-07 20:50:33.904 2377-2377/? D/StatusBar: disable<e i a s b h r c s > disable2<q i n >
2020-04-07 20:50:33.905 2377-2377/? W/View: requestLayout() improperly called by com.android.systemui.statusbar.notification.stack.NotificationStackScrollLayout{9cdce32 V.ED..... ......ID 0,0-1440,2600 #7f0a02c5 app:id/notification_stack_scroller} during layout: running second layout pass
2020-04-07 20:50:33.905 2377-2377/? W/View: requestLayout() improperly called by com.android.keyguard.CarrierText{749a155 V.ED..... ......ID 56,0-1017,140 #7f0a01f7 app:id/keyguard_carrier_text} during layout: running second layout pass
2020-04-07 20:50:33.905 2678-2773/? I/QCNEJ/CndHalConnector: -> SND notifyScreenStateChanged(false)
2020-04-07 20:50:33.906 2678-2773/? I/QCNEJ/CndHalConnector: -> SND notifyScreenStateChanged(true)
2020-04-07 20:50:33.933 1276-1355/? I/DisplayPowerController: Blocking screen on until initial contents have been drawn.
2020-04-07 20:50:33.935 926-953/? D/CHRE: @ 90758.301: Parsed nanoapp message from host: app ID 0x476f6f676c00100e, endpoint 0x1, msgType 202, payload size 5
2020-04-07 20:50:33.936 2377-2377/? D/KeyguardUpdateMonitor: fingerprintRunningState: 1
2020-04-07 20:50:33.937 1050-1273/? I/fpc_tac: fpc_irq_wait {{20,10,0},{17,1,1}}
2020-04-07 20:50:33.937 2377-2377/? D/StatusBar: disable<e i a s b h r c s > disable2<q i n >
2020-04-07 20:50:33.937 1050-1273/? E/fpc_tac: fpc_irq_wait error FPC_ERROR_CANCELLED
2020-04-07 20:50:33.937 2377-2377/? D/StatusBar: disable<e i a s b h r c s > disable2<q i n >
2020-04-07 20:50:33.937 2377-2377/? I/chatty: uid=10122(com.android.systemui) identical 1 line
2020-04-07 20:50:33.937 2377-2377/? D/StatusBar: disable<e i a s b h r c s > disable2<q i n >
2020-04-07 20:50:33.940 650-650/? D/SurfaceFlinger: Setting power mode 1 on display 0
2020-04-07 20:50:33.940 652-711/? I/SDM: DisplayBase::SetDisplayState: Set state = 2, display 0
2020-04-07 20:50:33.940 1276-1338/? I/DisplayManagerService: Display device changed state: "Built-in Screen", DOZE
2020-04-07 20:50:33.941 2611-2611/? I/WallpaperService: engine resumed
2020-04-07 20:50:33.952 1276-1276/? W/FingerprintService: client com.android.systemui is authenticating...
2020-04-07 20:50:33.969 926-953/? I/ASH: @ 90758.335: ccb_proximityHandle: initial state farAway
2020-04-07 20:50:33.972 926-953/? I/VSC: @ 90758.338: [BINNED_BRIGHTNESS] Changing state to 2 at 90758337 ms
2020-04-07 20:50:33.976 2611-2611/? I/WallpaperService: engine paused
2020-04-07 20:50:34.204 650-650/? D/SurfaceFlinger: Finished setting power mode 1 on display 0
2020-04-07 20:50:34.205 1276-2340/? D/SurfaceControl: Excessive delay in setPowerMode()
2020-04-07 20:50:34.208 853-853/? I//vendor/bin/hw/android.hardware.health@2.0-service.wahoo: SRAM data: 3316000
2020-04-07 20:50:34.230 1276-1355/? I/DisplayPowerController: Unblocked screen on after 297 ms
2020-04-07 20:50:34.237 2377-3067/? D/PowerUI: can't show warning due to - plugged: true status unknown: false
2020-04-07 20:50:34.473 2377-2377/? I/Elmyra/ElmyraService: Unblocked; current action: SetupWizardAction
2020-04-07 20:50:34.476 4657-4657/? D/NfcService: MSG_APPLY_SCREEN_STATE 1
2020-04-07 20:50:34.495 4657-4657/? E/libnfc_nci: [ERROR:NativeNfcTag.cpp(801)] nativeNfcTag_doDisconnect: tag already deactivated
2020-04-07 20:50:34.499 1276-8200/? W/AppOps: Noting op not finished: uid 10110 pkg com.google.android.gms code 79 time=1586288894177 duration=0
2020-04-07 20:50:34.504 13934-14073/? I/NearbyDiscovery: FastPairHandler: Received action android.intent.action.SCREEN_OFF [CONTEXT service_id=49 ]
2020-04-07 20:50:34.504 13934-14073/? I/NearbyDiscovery: FastPairScanner2: Stopping scan [CONTEXT service_id=49 ]
2020-04-07 20:50:34.505 13934-14073/? D/BluetoothAdapter: isLeEnabled(): ON
2020-04-07 20:50:34.509 16340-16340/? I/DeviceStatusMonitor: DeviceStatusMonitor$1.onReceive():48 onReceive() : Action = android.intent.action.SCREEN_OFF
2020-04-07 20:50:38.199 1276-1338/? W/UsageStatsService: Event reported without a package name, eventType:17
2020-04-07 20:50:38.293 2377-2377/? D/StatusBar: disable<e i a s b h r c s > disable2<q i n >
2020-04-07 20:50:38.294 2377-2377/? I/chatty: uid=10122(com.android.systemui) identical 2 lines
2020-04-07 20:50:38.294 2377-2377/? D/StatusBar: disable<e i a s b h r c s > disable2<q i n >
2020-04-07 20:50:38.298 2377-2377/? D/KeyguardUpdateMonitor: onKeyguardVisibilityChanged(true)
2020-04-07 20:50:38.329 2377-2377/? D/StatusBar: disable<e i a s b H!R!c s > disable2<q i n >
2020-04-07 20:50:38.337 2377-2377/? I/Elmyra/ElmyraService: Gated by KeyguardDeferredSetup [mDeferredSetupComplete -> false]
2020-04-07 20:50:38.338 926-953/? D/CHRE: @ 90762.704: Parsed nanoapp message from host: app ID 0x476f6f676c00100e, endpoint 0x1, msgType 201, payload size 0
2020-04-07 20:50:38.340 2377-2377/? I/Elmyra/ElmyraService: Gated by KeyguardDeferredSetup [mDeferredSetupComplete -> false]
2020-04-07 20:50:38.747 24552-24567/com.example.myapplication W/System: A resource failed to call close. 
2020-04-07 20:50:38.974 926-953/? I/VSC: @ 90763.334: [VSC] Stopping sensor events for sensor 65537
2020-04-07 20:50:38.974 926-953/? I/VSC: @ 90763.334: [VSC] Request sensor 131074, sample_duration 0 ms, report_duration 0 ms
2020-04-07 20:51:04.229 926-953/? I/VSC: @ 90788.591: [VSC] Stopping sensor events for sensor 131074
2020-04-07 20:51:04.231 926-953/? I/VSC: @ 90788.591: [VSC] Request sensor 65537, sample_duration 14 ms, report_duration c80 ms
2020-04-07 20:51:04.232 926-953/? I/VSC: @ 90788.591: [VSC] Request sensor 65537, sample_duration 14 ms, report_duration 64 ms
2020-04-07 20:51:04.233 926-953/? I/VSC: @ 90788.592: [VSC] Stopping sensor events for sensor 131074
2020-04-07 20:51:04.846 926-953/? I/ASH: @ 90789.210: ftm4_indicate_sensor_sample: [double-tap] event detected
2020-04-07 20:51:04.850 926-953/? I/VSC: @ 90789.216: [VSC] Stopping sensor events for sensor 131078
2020-04-07 20:51:04.851 926-953/? I/VSC: @ 90789.216: [VSC] Stopping sensor events for sensor 65544
2020-04-07 20:51:04.852 926-953/? I/VSC: @ 90789.216: [double-tap-prox-gated] sensor disabled
2020-04-07 20:51:04.853 926-953/? I/ASH: @ 90789.217: ftm4_disable_sensor: disabling sensor [double-tap]
2020-04-07 20:51:04.898 926-953/? I/CHRE: @ 90789.260: [ImuCal] [NanoSensorCal:GYRO_RPS] Offset | Temperature [C]: -0.001769, 0.010758, 0.001571 | 23.87
2020-04-07 20:51:04.902 926-953/? I/CHRE: @ 90789.260: [ImuCal] [NanoSensorCal:GYRO_RPS] Temp Sensitivity: 0.000330, -0.000087, 0.000069
2020-04-07 20:51:04.902 926-953/? I/CHRE: @ 90789.260: [ImuCal] [NanoSensorCal:GYRO_RPS] Temp Intercept: -0.009643, 0.012848, -0.000080
2020-04-07 20:51:04.917 1276-11521/? I/PowerManagerService: Waking up from Dozing (uid=10122, reason=WAKE_REASON_GESTURE, details=com.android.systemui:NODOZE)...
2020-04-07 20:51:04.918 1276-1276/? W/UsageStatsService: Event reported without a package name, eventType:15
2020-04-07 20:51:04.928 926-953/? I/VSC: @ 90789.294: [VSC SLPI] handling enable request for 65563 sensor
2020-04-07 20:51:04.929 926-953/? I/VSC: @ 90789.294: [VSC] Request sensor 65537, sample_duration 42 ms, report_duration 28 ms
2020-04-07 20:51:04.931 926-953/? I/VSC: @ 90789.297: [VSC SLPI] handling enable request for 131079 sensor
2020-04-07 20:51:04.931 926-953/? I/VSC: @ 90789.297: [double-tap-prox-gated] configuring sensor with interval: 0, latency: 0
2020-04-07 20:51:04.931 926-953/? I/VSC: @ 90789.297: [VSC] Request sensor 65544, sample_duration 3e8 ms, report_duration 0 ms
2020-04-07 20:51:04.933 926-953/? I/VSC: @ 90789.297: [VSC] Request sensor 131078, sample_duration 0 ms, report_duration 0 ms
2020-04-07 20:51:04.933 926-953/? I/ASH: @ 90789.299: ftm4_enable_sensor: enabling sensor [double-tap]
2020-04-07 20:51:04.940 2377-2377/? D/StatusBar: disable<e i a s b H R c s > disable2<q i n >
2020-04-07 20:51:04.940 926-953/? D/CHRE: @ 90789.305: Parsed nanoapp message from host: app ID 0x476f6f676c00100e, endpoint 0x1, msgType 202, payload size 5
2020-04-07 20:51:04.940 2377-2377/? D/StatusBar: disable<e i a s b H R c s > disable2<q i n >
2020-04-07 20:51:04.941 2377-2377/? D/StatusBar: updateQsExpansionEnabled - QS Expand enabled: true
2020-04-07 20:51:04.942 1276-1355/? I/DisplayPowerController: Blocking screen off
2020-04-07 20:51:04.942 1276-1355/? I/DisplayPowerController: Unblocked screen off after 0 ms
2020-04-07 20:51:04.955 2755-2956/? E/PhoneInterfaceManager: [PhoneIntfMgr] getCarrierPrivilegeStatus: Invalid subId
2020-04-07 20:51:04.955 16175-16203/? I/CarrierServices: [824] djg.a: FiST: Wifi connectivity status true
2020-04-07 20:51:04.957 16175-16247/? I/CarrierServices: [853] drt.a: (PEv2-SM): DisabledState: event Connectivity event
2020-04-07 20:51:04.958 16175-16203/? I/CarrierServices: [824] djk.d: Connected state: [1], networkType: [WIFI]
2020-04-07 20:51:04.959 2755-2956/? E/PhoneInterfaceManager: [PhoneIntfMgr] getCarrierPrivilegeStatus: Invalid subId
2020-04-07 20:51:05.007 650-2339/? E/HWComposer: getDisplayedContentSamplingAttributes: getDisplayedContentSamplingAttributes failed for display 0: Unsupported (8)
2020-04-07 20:51:05.008 926-953/? I/VSC: @ 90789.374: [VSC] Stopping sensor events for sensor 65537
2020-04-07 20:51:05.009 1276-1355/? I/DisplayPowerController: Blocking screen on until initial contents have been drawn.
2020-04-07 20:51:05.010 2678-2773/? I/QCNEJ/CndHalConnector: -> SND notifyScreenStateChanged(true)
2020-04-07 20:51:05.010 2678-2773/? I/QCNEJ/CndHalConnector: -> SND notifyScreenStateChanged(false)
2020-04-07 20:51:05.011 2377-2377/? D/StatusBar: updateQsExpansionEnabled - QS Expand enabled: true
2020-04-07 20:51:05.013 2678-2773/? I/QCNEJ/CndHalConnector: -> SND notifyWifiStatusChanged(RatInfo{type=1, subType=101, state=CONNECTED, v4=IfaceAddrPair{iface=wlan0, addr=192.168.1.191}, v6=IfaceAddrPair{iface=wlan0, addr=2a00:23c8:2501:f100:e5b6:b7ca:4d50:de67}, timestamp=2020-04-07 20:51:05.012, isAndroidValidated=true, netHandle=432902426637, slotIdx=0} WifiInfo{freq=FIVE_GHz, state=3, ssid=BTHub6-2S7X, bssid=a4:08:f5:a6:89:05, dns=[192.168.1.254, 0.0.0.0, 0.0.0.0, 0.0.0.0, ]})
2020-04-07 20:51:05.033 1276-1338/? I/DisplayManagerService: Display device changed state: "Built-in Screen", ON
2020-04-07 20:51:05.038 2377-2377/? D/StatusBar: disable<e i a s b H R c s > disable2<q i n >
2020-04-07 20:51:05.038 2377-2377/? D/StatusBar: disable<e i a s b H R c s > disable2<q i n >
2020-04-07 20:51:05.073 2377-2377/? I/Elmyra/ElmyraService: Gated by KeyguardDeferredSetup [mDeferredSetupComplete -> false]
2020-04-07 20:51:05.076 926-953/? I/VSC: @ 90789.442: [VSC SLPI] handling enable request for 65563 sensor
2020-04-07 20:51:05.076 926-953/? I/VSC: @ 90789.442: [VSC] Request sensor 65537, sample_duration 42 ms, report_duration 28 ms
2020-04-07 20:51:05.077 1276-1355/? I/DisplayPowerController: Unblocked screen on after 67 ms
2020-04-07 20:51:05.077 4657-4657/? D/NfcService: MSG_APPLY_SCREEN_STATE 4
2020-04-07 20:51:05.093 13934-14073/? I/NearbyDiscovery: FastPairHandler: Received action android.intent.action.SCREEN_ON [CONTEXT service_id=49 ]
2020-04-07 20:51:05.095 16340-16340/? I/DeviceStatusMonitor: DeviceStatusMonitor$1.onReceive():48 onReceive() : Action = android.intent.action.SCREEN_ON
2020-04-07 20:51:05.098 13934-14073/? D/BluetoothAdapter: isLeEnabled(): ON
2020-04-07 20:51:05.103 2358-3084/? I/bt_stack: [INFO:gatt_api.cc(946)] GATT_Register c1a177fd-ddb7-440b-b2b5-a9fb107901b8
2020-04-07 20:51:05.103 2358-3084/? I/bt_stack: [INFO:gatt_api.cc(966)] allocated gatt_if=6
2020-04-07 20:51:05.103 13934-13974/? D/BluetoothLeScanner: onScannerRegistered() - status=0 scannerId=6 mScannerId=0
2020-04-07 20:51:05.105 13934-14000/? I/BeaconBle: Stopping scan on delegate scanner. BT state: 12
2020-04-07 20:51:05.105 13934-14000/? D/BluetoothAdapter: isLeEnabled(): ON
2020-04-07 20:51:05.107 13934-14000/? I/BeaconBle: Resetting - new scanner available: true
2020-04-07 20:51:05.109 13934-14000/? I/BeaconBle: 'L' hardware scan: 5 filters, scanMode=2, reportdelay=0, callback type=1, #clients=1, workSource=WorkSource{10110 com.google.android.gms}
2020-04-07 20:51:05.113 13934-14000/? I/BeaconBle: Starting scan on OS scanner. BT state: 12
2020-04-07 20:51:05.114 13934-14000/? D/BluetoothAdapter: isLeEnabled(): ON
2020-04-07 20:51:05.117 2358-3084/? I/bt_stack: [INFO:gatt_api.cc(946)] GATT_Register e232a79d-2553-789d-29ea-e77aa63aaf3c
2020-04-07 20:51:05.117 2358-3084/? I/bt_stack: [INFO:gatt_api.cc(966)] allocated gatt_if=5
2020-04-07 20:51:05.118 13934-13974/? D/BluetoothLeScanner: onScannerRegistered() - status=0 scannerId=5 mScannerId=0
2020-04-07 20:51:05.163 1276-2340/? D/LightsService: Excessive delay setting light
2020-04-07 20:51:05.164 650-650/? D/SurfaceFlinger: Setting power mode 2 on display 0
2020-04-07 20:51:05.164 652-711/? I/SDM: DisplayBase::SetDisplayState: Set state = 1, display 0
2020-04-07 20:51:05.239 650-650/? D/SurfaceFlinger: Finished setting power mode 2 on display 0
2020-04-07 20:51:05.241 1276-1355/? W/PowerManagerService: Screen on took 323 ms
2020-04-07 20:51:05.241 1276-1355/? I/DreamManagerService: Gently waking up from dream.
2020-04-07 20:51:05.241 1276-1335/? I/DreamManagerService: Performing gentle wake from dream.
2020-04-07 20:51:05.275 1276-8575/? I/DreamManagerService: Leaving dreamland.
2020-04-07 20:51:05.275 1276-1335/? I/DreamManagerService: Performing gentle wake from dream.
2020-04-07 20:51:05.275 1276-1335/? I/DreamController: Stopping dream: name=ComponentInfo{com.android.systemui/com.android.systemui.doze.DozeService}, isTest=false, canDoze=true, userId=0
2020-04-07 20:51:05.278 1276-1276/? W/AlarmManager: Unrecognized alarm listener com.android.server.job.controllers.idle.-$$Lambda$DeviceIdlenessTracker$-H1-ZwZAJ-vh10A0PeYXaZLj_R0@dad0123
2020-04-07 20:51:05.299 926-953/? I/VSC: @ 90789.665: [VSC] Stopping sensor events for sensor 65537
2020-04-07 20:51:05.299 895-1164/? W/qti_sensors_hal: timestampCalc: Adjusting timestamp to maintain ascension: 90755065041337, 90755065045597
2020-04-07 20:51:05.301 926-953/? I/VSC: @ 90789.667: [VSC] Stopping sensor events for sensor 131078
2020-04-07 20:51:05.301 926-953/? I/VSC: @ 90789.667: [VSC] Stopping sensor events for sensor 65544
2020-04-07 20:51:05.301 926-953/? I/VSC: @ 90789.668: [double-tap-prox-gated] sensor disabled
2020-04-07 20:51:05.303 926-953/? I/ASH: @ 90789.669: ftm4_disable_sensor: disabling sensor [double-tap]
2020-04-07 20:51:05.304 926-953/? I/VSC: @ 90789.670: [VSC] Stopping sensor events for sensor 65544
2020-04-07 20:51:05.304 926-953/? I/VSC: @ 90789.670: [VSC] Stopping sensor events for sensor 65541
2020-04-07 20:51:05.304 926-953/? I/VSC: @ 90789.670: [BINNED_BRIGHTNESS] Deleted instance at 0xb2036c10
2020-04-07 20:51:05.339 2611-2611/? I/WallpaperService: engine resumed
2020-04-07 20:51:05.363 926-953/? D/CHRE: @ 90789.729: +: id 10, otherClientPresent 1, mode 3
2020-04-07 20:51:05.363 926-953/? D/CHRE: @ 90789.729: [ImuCal] Dynamic sensor configuration: high-performance.
2020-04-07 20:51:05.363 926-953/? D/CHRE: @ 90789.729: sensorType 10 allowed 1: mergedMode 1, otherClientPresent 1
2020-04-07 20:51:05.364 926-953/? D/CHRE: @ 90789.730: sensorType 13 allowed 1: mergedMode 1, otherClientPresent 1
2020-04-07 20:51:05.365 926-953/? D/CHRE: @ 90789.731: sensorType 15 allowed 0: mergedMode 3, otherClientPresent 0
2020-04-07 20:51:06.310 2377-2377/? I/FalsingManagerPlugin: dX: 230.0 dY: -1220.0 xV: 3.540131 yV: -7.7768745
2020-04-07 20:51:06.310 2377-2377/? I/FalsingManagerPlugin: Percent of gesture in proximity: 0.0
2020-04-07 20:51:06.311 2377-2377/? I/FalsingManagerPlugin: Percent of gesture in proximity: 0.0
2020-04-07 20:51:06.595 2377-2377/? D/StatusBar: disable<e i a s b H R c s > disable2<q i n >
2020-04-07 20:51:06.595 2377-2377/? I/chatty: uid=10122(com.android.systemui) identical 1 line
2020-04-07 20:51:06.606 2377-2377/? D/StatusBar: disable<e i a s b H R c s > disable2<q i n >
2020-04-07 20:51:08.338 923-923/? I/libese: Interface            ---                 Card
2020-04-07 20:51:08.338 923-923/? I/libese: I(0, 0)              -->                      [  5]
2020-04-07 20:51:08.349 923-923/? I/libese:                      <--              I(0, 0) [  3]
2020-04-07 20:51:08.349 923-923/? I/libese: Interface            ---                 Card
2020-04-07 20:51:08.349 923-923/? I/libese: I(1, 0)              -->                      [ 18]
2020-04-07 20:51:08.362 923-923/? I/libese:                      <--              I(1, 0) [  2]
2020-04-07 20:51:08.362 923-923/? I/libese: Interface            ---                 Card
2020-04-07 20:51:08.362 923-923/? I/libese: I(0, 0)              -->                      [ 26]
2020-04-07 20:51:08.367 923-923/? I/libese:                      <--              I(0, 0) [ 19]
2020-04-07 20:51:08.368 923-923/? I/libese: Interface            ---                 Card
2020-04-07 20:51:08.368 923-923/? I/libese: I(1, 0)              -->                      [  5]
2020-04-07 20:51:08.371 923-923/? I/libese:                      <--              I(1, 0) [  2]
2020-04-07 20:51:08.376 923-923/? I/libese: Requested power-down delay times (sec):
2020-04-07 20:51:08.376 923-923/? I/libese: - Timer 0xF1: 0
2020-04-07 20:51:08.376 923-923/? I/libese: - Timer 0xF2: 0
2020-04-07 20:51:08.376 923-923/? I/libese: - Timer 0xF3: 0
2020-04-07 20:51:08.409 1006-1006/? D/keystore: AddAuthenticationToken: timestamp = 90792773, time_received = 47464
2020-04-07 20:51:08.421 1006-1006/? D/keystore: AddAuthenticationToken: timestamp = 90792786, time_received = 47464
2020-04-07 20:51:08.422 1006-1006/? I/keystore: calling unlock when already unlocked, ignoring.
2020-04-07 20:51:08.422 1276-8575/? I/LockSettingsService: Resetting lockout, length: 69
2020-04-07 20:51:08.423 1276-8575/? I/LockSettingsService: Unlocking user 0 with secret only, length 32
2020-04-07 20:51:08.423 1276-8575/? D/LockSettingsService: unlockUser finished
2020-04-07 20:51:08.423 1276-8575/? I/LockSettingsService: Disabling escrow token on user 0
2020-04-07 20:51:08.423 1276-8575/? I/LockSettingsService: Caching SP for user 0
2020-04-07 20:51:08.424 1276-1276/? I/LockSettingsService: Removing SP from cache for user 0
2020-04-07 20:51:08.423 1276-8575/? D/LockSettingsService: unlockUser finished
2020-04-07 20:51:08.428 2377-2377/? I/Elmyra/ElmyraService: Gated by KeyguardDeferredSetup [mDeferredSetupComplete -> false]
2020-04-07 20:51:08.429 1276-4653/? D/KeySyncTask: Key sync not needed.
2020-04-07 20:51:08.437 2377-2377/? I/Elmyra/ElmyraService: Gated by KeyguardDeferredSetup [mDeferredSetupComplete -> false]
2020-04-07 20:51:08.707 2377-2377/? D/KeyguardUpdateMonitor: fingerprintRunningState: 2
2020-04-07 20:51:08.708 1276-2719/? D/ActivityTaskManager: Top Process State changed to PROCESS_STATE_TOP
2020-04-07 20:51:08.708 1050-1272/? I/fpc_tac: fpc_irq_wait {{20,10,0},{13,1,1}}
2020-04-07 20:51:08.708 1050-1272/? E/fpc_tac: fpc_irq_wait error FPC_ERROR_CANCELLED
2020-04-07 20:51:08.733 1050-1272/? E/fpc_fingerprint_hal: do_authenticate failed FPC_ERROR_CANCELLED
2020-04-07 20:51:08.734 2377-2377/? D/StatusBar: disable<e i a s b H R c s > disable2<q i n >
2020-04-07 20:51:08.735 2377-2377/? D/StatusBar: updateQsExpansionEnabled - QS Expand enabled: true
2020-04-07 20:51:08.739 2377-2377/? D/StatusBar: disable<e i a s b h!r!c s > disable2<q i n >
2020-04-07 20:51:08.748 2377-2377/? D/StatusBar: disable<e i a s b h r c s > disable2<q i n >
2020-04-07 20:51:08.749 2377-2377/? D/KeyguardUpdateMonitor: onKeyguardVisibilityChanged(false)
2020-04-07 20:51:08.757 926-953/? I/ASH: @ 90793.122: ams_deviceSetConfig: Disabling proximity
2020-04-07 20:51:08.759 1050-1050/? D/fpc_hidl: onError(error=5, vendor=0)
2020-04-07 20:51:08.759 1276-1276/? W/FingerprintService: client com.android.systemui is no longer authenticating
2020-04-07 20:51:08.759 926-953/? I/ASH: @ 90793.125: ams_deviceSetConfig: Enabling proximity
2020-04-07 20:51:08.761 926-953/? I/ASH: @ 90793.127: ccb_proximityInit: Using previously stored offsets N:000c S:0002 W:0008 E:0007
2020-04-07 20:51:08.763 926-953/? I/ASH: @ 90793.129: ams_deviceSetConfig: Disabling proximity
2020-04-07 20:51:08.765 1276-1338/? W/UsageStatsService: Event reported without a package name, eventType:18
2020-04-07 20:51:08.767 2678-2773/? I/QCNEJ/CndHalConnector: -> SND notifyScreenStateChanged(true)
2020-04-07 20:51:08.768 15881-15881/? I/GsaVoiceInteractionSrv: O received Intent { act=android.intent.action.USER_PRESENT flg=0x24200010 }
2020-04-07 20:51:08.768 1276-1345/? W/BroadcastQueue: Background execution not allowed: receiving Intent { act=android.intent.action.USER_PRESENT flg=0x24200010 } to com.android.chrome/org.chromium.chrome.browser.sharing.click_to_call.ClickToCallMessageHandler$PhoneUnlockedReceiver
2020-04-07 20:51:08.768 1276-1345/? W/BroadcastQueue: Background execution not allowed: receiving Intent { act=android.intent.action.USER_PRESENT flg=0x24200010 } to com.google.android.gms/.auth.setup.devicesignals.LockScreenReceiver
2020-04-07 20:51:08.768 1276-1345/? W/BroadcastQueue: Background execution not allowed: receiving Intent { act=android.intent.action.USER_PRESENT flg=0x24200010 } to com.google.android.gms/.trustagent.UserPresentBroadcastReceiver
2020-04-07 20:51:08.768 1276-1345/? W/BroadcastQueue: Background execution not allowed: receiving Intent { act=android.intent.action.USER_PRESENT flg=0x24200010 } to com.google.android.gms/.chimera.GmsIntentOperationService$PersistentTrustedReceiver
2020-04-07 20:51:08.768 4657-4657/? D/NfcService: MSG_APPLY_SCREEN_STATE 8
2020-04-07 20:51:08.769 4657-4657/? D/NfcService: Discovery configuration equal, not updating.
2020-04-07 20:51:08.781 13934-13934/? I/TrustAgent: [HomeAddressChangeTracker] User Present. Maybe fetch home.
2020-04-07 20:51:08.786 2377-2377/? I/Elmyra/ElmyraService: Unblocked; current action: SetupWizardAction
2020-04-07 20:51:08.787 926-953/? D/CHRE: @ 90793.153: Parsed nanoapp message from host: app ID 0x476f6f676c00100e, endpoint 0x1, msgType 200, payload size 10
2020-04-07 20:51:08.788 926-953/? D/CHRE: @ 90793.154: Elmyra/Nanoapp Unexpected event: 512
2020-04-07 20:51:08.788 2377-2377/? D/KeyguardUpdateMonitor: fingerprintRunningState: 0
2020-04-07 20:51:08.791 15796-15911/? I/MicroDataManager: isInitializing-false locale not changed-true model not changed-true
2020-04-07 20:51:08.791 2377-2377/? D/StatusBar: disable<e i a s b h r c s > disable2<q i n >
2020-04-07 20:51:08.793 2377-2377/? I/Elmyra/ElmyraService: Unblocked; current action: SetupWizardAction
2020-04-07 20:51:08.794 15796-15911/? I/MicroDetectionState: Should stop hotword detection immediately - false
2020-04-07 20:51:08.812 926-953/? W/CHRE: @ 90793.178: Incorrect number of SMGR samples for vendor0: 1
2020-04-07 20:51:08.812 926-953/? W/CHRE: @ 90793.178: Dropping zero readingCount event
2020-04-07 20:51:08.831 926-953/? W/CHRE: @ 90793.198: Incorrect number of SMGR samples for vendor0: 3
2020-04-07 20:51:08.832 926-953/? W/CHRE: @ 90793.198: Incorrect vendor0 SMGR sample sequence
2020-04-07 20:51:08.832 926-953/? W/CHRE: @ 90793.198: Incorrect vendor0 SMGR sample sequence
2020-04-07 20:51:09.042 2611-2611/? I/WallpaperService: engine paused
2020-04-07 20:51:09.064 926-953/? D/CHRE: @ 90793.430: -: id 10, otherClientPresent 0, mode 3
2020-04-07 20:51:09.064 926-953/? D/CHRE: @ 90793.430: [ImuCal] Dynamic sensor configuration: stand-by.
