2020-04-07 20:51:09.064 926-953/? D/CHRE: @ 90793.430: sensorType 10 allowed 1: mergedMode 1, otherClientPresent 1
2020-04-07 20:51:09.065 926-953/? D/CHRE: @ 90793.431: sensorType 13 allowed 1: mergedMode 1, otherClientPresent 1
2020-04-07 20:51:09.071 926-953/? D/CHRE: @ 90793.437: sensorType 15 allowed 0: mergedMode 3, otherClientPresent 0
2020-04-07 20:51:09.238 1276-4739/? D/WificondControl: Scan result ready event
2020-04-07 20:51:09.248 2377-2377/? D/StatusBar: disable<e i a s b h r c s > disable2<q i n >
2020-04-07 20:51:11.113 13934-14000/? I/BeaconBle: Client requested scan, settings=BleSettings [scanMode=ZERO_POWER, callbackType=ALL_MATCHES, reportDelayMillis=0, 5 filters, 1 clients, callingClientName=Nearby]
2020-04-07 20:51:11.125 13934-14000/? I/BeaconBle: Stopping scan on delegate scanner. BT state: 12
2020-04-07 20:51:11.127 13934-14000/? D/BluetoothAdapter: isLeEnabled(): ON
2020-04-07 20:51:11.134 13934-14000/? I/BeaconBle: Resetting - new scanner available: true
2020-04-07 20:51:11.136 13934-14000/? I/BeaconBle: 'L' hardware scan: 5 filters, scanMode=-1, reportdelay=0, callback type=1, #clients=1, workSource=WorkSource{10110 com.google.android.gms}
2020-04-07 20:51:11.138 13934-14073/? I/NearbyDiscovery: FastPairScanner2: Stopping scan [CONTEXT service_id=49 ]
2020-04-07 20:51:11.140 13934-14000/? I/BeaconBle: Starting scan on OS scanner. BT state: 12
2020-04-07 20:51:11.140 13934-14073/? D/BluetoothAdapter: isLeEnabled(): ON
2020-04-07 20:51:11.141 13934-14000/? D/BluetoothAdapter: isLeEnabled(): ON
2020-04-07 20:51:11.145 13934-14073/? D/BluetoothAdapter: isLeEnabled(): ON
2020-04-07 20:51:11.148 2358-3084/? I/bt_stack: [INFO:gatt_api.cc(946)] GATT_Register fcc32285-f785-825e-5229-c38cdb1a1c69
2020-04-07 20:51:11.148 2358-3084/? I/bt_stack: [INFO:gatt_api.cc(966)] allocated gatt_if=5
2020-04-07 20:51:11.151 13934-13974/? D/BluetoothLeScanner: onScannerRegistered() - status=0 scannerId=5 mScannerId=0
2020-04-07 20:51:11.159 2358-3084/? I/bt_stack: [INFO:gatt_api.cc(946)] GATT_Register 68da3afe-aeb1-0003-089c-49e19e88c563
2020-04-07 20:51:11.159 2358-3084/? I/bt_stack: [INFO:gatt_api.cc(966)] allocated gatt_if=6
2020-04-07 20:51:11.164 13934-13974/? D/BluetoothLeScanner: onScannerRegistered() - status=0 scannerId=6 mScannerId=0
2020-04-07 20:51:11.167 13934-14073/? I/NearbyDiscovery: FastPairScanner2: Starting LOW_POWER_SCANNING scanning [CONTEXT service_id=49 ]
2020-04-07 20:51:13.738 24552-24552/com.example.myapplication D/button: print test 2
2020-04-07 20:51:13.738 24552-24552/com.example.myapplication D/button: connect button pressed
2020-04-07 20:51:14.475 24552-24587/com.example.myapplication D/connect:  LINE: SUBMITNAME
2020-04-07 20:51:15.491 926-953/? I/VSC: @ 90799.852: [VSC] Request sensor 131074, sample_duration 0 ms, report_duration 0 ms
2020-04-07 20:51:15.492 926-953/? I/VSC: @ 90799.852: [VSC] Stopping sensor events for sensor 65537
2020-04-07 20:51:15.902 24552-24587/com.example.myapplication D/connect:  LINE: NAMEACCEPTED
2020-04-07 20:51:17.110 2678-2773/? I/QCNEJ/CndHalConnector: -> SND notifyWifiStatusChanged(RatInfo{type=1, subType=101, state=CONNECTED, v4=IfaceAddrPair{iface=wlan0, addr=192.168.1.191}, v6=IfaceAddrPair{iface=wlan0, addr=2a00:23c8:2501:f100:e5b6:b7ca:4d50:de67}, timestamp=2020-04-07 20:51:17.11, isAndroidValidated=true, netHandle=432902426637, slotIdx=0} WifiInfo{freq=FIVE_GHz, state=3, ssid=BTHub6-2S7X, bssid=a4:08:f5:a6:89:05, dns=[192.168.1.254, 0.0.0.0, 0.0.0.0, 0.0.0.0, ]})
2020-04-07 20:51:17.119 2755-2956/? E/PhoneInterfaceManager: [PhoneIntfMgr] getCarrierPrivilegeStatus: Invalid subId
2020-04-07 20:51:17.121 16175-16203/? I/CarrierServices: [824] djg.a: FiST: Wifi connectivity status true
2020-04-07 20:51:17.122 16175-16247/? I/CarrierServices: [853] drt.a: (PEv2-SM): DisabledState: event Connectivity event
2020-04-07 20:51:17.125 16175-16203/? I/CarrierServices: [824] djk.d: Connected state: [1], networkType: [WIFI]
2020-04-07 20:51:17.127 2755-14629/? E/PhoneInterfaceManager: [PhoneIntfMgr] getCarrierPrivilegeStatus: Invalid subId
2020-04-07 20:51:19.389 24552-24587/com.example.myapplication D/ec: eeee
2020-04-07 20:51:19.442 24552-24587/com.example.myapplication D/ec: *************** ROUND 1 ***************
2020-04-07 20:51:19.443 24552-24587/com.example.myapplication I/System.out: true
2020-04-07 20:51:19.674 24552-24587/com.example.myapplication I/chatty: uid=10172(com.example.myapplication) AsyncTask #2 identical 3 lines
2020-04-07 20:51:19.763 24552-24587/com.example.myapplication I/System.out: true
2020-04-07 20:51:19.895 24552-24587/com.example.myapplication D/ec: ********** SEND ROUND 1 DATA **********
2020-04-07 20:51:19.905 24552-24587/com.example.myapplication I/System.out: Ggg
2020-04-07 20:51:20.683 24552-24587/com.example.myapplication D/ec: ************ VERIFY ROUND 1 ***********
2020-04-07 20:51:20.750 24552-24587/com.example.myapplication D/ec: ALL GOOD
2020-04-07 20:51:21.023 24552-24587/com.example.myapplication I/chatty: uid=10172(com.example.myapplication) AsyncTask #2 identical 2 lines
2020-04-07 20:51:21.161 24552-24587/com.example.myapplication D/ec: ALL GOOD
2020-04-07 20:51:21.540 24552-24587/com.example.myapplication D/ec: *************** ROUND 2 ***************
2020-04-07 20:51:21.695 24552-24587/com.example.myapplication D/ec: ALL GOOD
2020-04-07 20:51:21.885 24552-24587/com.example.myapplication I/chatty: uid=10172(com.example.myapplication) AsyncTask #2 identical 2 lines
2020-04-07 20:51:21.994 24552-24587/com.example.myapplication D/ec: ALL GOOD
2020-04-07 20:51:22.108 24552-24587/com.example.myapplication D/ec: ************ VERIFY ROUND 2 ***********
2020-04-07 20:51:22.191 24552-24587/com.example.myapplication D/ec: ALL GOOD
2020-04-07 20:51:22.285 24552-24587/com.example.myapplication I/chatty: uid=10172(com.example.myapplication) AsyncTask #2 identical 2 lines
2020-04-07 20:51:22.333 24552-24587/com.example.myapplication D/ec: ALL GOOD
2020-04-07 20:51:22.767 24552-24587/com.example.myapplication D/ec: *************** ROUND 3 ***************
2020-04-07 20:51:23.408 24552-24587/com.example.myapplication D/ec: *************** ROUND 4 ***************
2020-04-07 20:51:23.543 24552-24587/com.example.myapplication D/ec: ALL GOOD
2020-04-07 20:51:23.544 24552-24587/com.example.myapplication I/System.out: 19276804396246018005757182612205252811579668328760033298703107050213277663009
2020-04-07 20:51:23.544 24552-24587/com.example.myapplication I/System.out: 19276804396246018005757182612205252811579668328760033298703107050213277663009
2020-04-07 20:51:23.629 24552-24587/com.example.myapplication D/ec: ALL GOOD
2020-04-07 20:51:23.630 24552-24587/com.example.myapplication I/System.out: -14037766373161171638555804158110133523912467258546144017194819485598556509475
2020-04-07 20:51:23.630 24552-24587/com.example.myapplication I/System.out: -14037766373161171638555804158110133523912467258546144017194819485598556509475
2020-04-07 20:51:23.727 24552-24587/com.example.myapplication D/ec: ALL GOOD
2020-04-07 20:51:23.728 24552-24587/com.example.myapplication I/System.out: -17006910928982229025189617389539902284032882569209206209558810557968115088370
2020-04-07 20:51:23.728 24552-24587/com.example.myapplication I/System.out: -17006910928982229025189617389539902284032882569209206209558810557968115088370
2020-04-07 20:51:23.818 24552-24587/com.example.myapplication D/ec: ALL GOOD
2020-04-07 20:51:23.818 24552-24587/com.example.myapplication I/System.out: 22537592712516466237215756625602179530773546041198271213140288832821901510438
2020-04-07 20:51:23.818 24552-24587/com.example.myapplication I/System.out: 22537592712516466237215756625602179530773546041198271213140288832821901510438
2020-04-07 20:51:23.838 24552-24587/com.example.myapplication D/ec: *********** KEY COMPUTATION ***********
2020-04-07 20:51:23.864 24552-24587/com.example.myapplication I/System.out: Latency of Each Round JPAKEPairing+
2020-04-07 20:51:23.864 24552-24587/com.example.myapplication D/EC_LATENCY: 1) Latency of computing round 1 per participant (ms):452
2020-04-07 20:51:23.864 24552-24587/com.example.myapplication D/EC_LATENCY: 2) Latency of verifying data in round 1 per participant (ms):569
2020-04-07 20:51:23.864 24552-24587/com.example.myapplication D/EC_LATENCY: 3) Latency of computing round 2 per participant (ms):454
2020-04-07 20:51:23.864 24552-24587/com.example.myapplication D/EC_LATENCY: 4) Latency of verifying round 2 per participant (ms):225
2020-04-07 20:51:23.864 24552-24587/com.example.myapplication D/EC_LATENCY: 5) Latency of computing round 3 per participant (ms):346
2020-04-07 20:51:23.864 24552-24587/com.example.myapplication D/EC_LATENCY: 6) Latency of verifying round 3 for participant (ms):410
2020-04-07 20:51:23.864 24552-24587/com.example.myapplication D/EC_LATENCY: 7) Latency of computing key for participant (ms):26
2020-04-07 20:51:23.865 24552-24552/com.example.myapplication D/speke: DONE