2020-04-07 20:48:58.212 26960-26960/? I/e.myapplicatio: Late-enabling -Xcheck:jni
2020-04-07 20:48:58.245 26960-26960/? E/e.myapplicatio: Unknown bits set in runtime_flags: 0x8000
2020-04-07 20:48:58.692 26960-26960/? D/button: print test 1
2020-04-07 20:48:58.758 26960-26960/? W/e.myapplicatio: Accessing hidden method Landroid/view/View;->computeFitSystemWindows(Landroid/graphics/Rect;Landroid/graphics/Rect;)Z (greylist, reflection, allowed)
2020-04-07 20:48:58.759 26960-26960/? W/e.myapplicatio: Accessing hidden method Landroid/view/ViewGroup;->makeOptionalFitsSystemWindows()V (greylist, reflection, allowed)
2020-04-07 20:48:58.827 26960-26960/? I/FloatingActionButton: Setting a custom background is not supported.
2020-04-07 20:48:58.925 26960-26983/? I/Adreno: QUALCOMM build                   : 4a00b69, I4e7e888065
2020-04-07 20:48:58.925 26960-26983/? I/Adreno: Build Config                     : S P 8.0.6 AArch64
2020-04-07 20:48:58.931 26960-26983/? I/Adreno: PFP: 0x016ee183, ME: 0x00000000
2020-04-07 20:48:58.958 26960-26983/? W/Gralloc3: mapper 3.x is not supported
2020-04-07 20:49:07.617 26960-26960/com.example.myapplication D/button: print test 2
2020-04-07 20:49:07.618 26960-26960/com.example.myapplication D/button: connect button pressed
2020-04-07 20:49:08.246 26960-26988/com.example.myapplication D/connect:  LINE: SUBMITNAME
2020-04-07 20:49:08.252 26960-26988/com.example.myapplication D/connect:  LINE: NAMEACCEPTED
2020-04-07 20:49:11.523 26960-26988/com.example.myapplication D/ec: eeee
2020-04-07 20:49:11.614 26960-26988/com.example.myapplication D/ec: *************** ROUND 1 ***************
2020-04-07 20:49:11.614 26960-26988/com.example.myapplication I/System.out: true
2020-04-07 20:49:11.861 26960-26988/com.example.myapplication I/chatty: uid=10346(com.example.myapplication) AsyncTask #1 identical 3 lines
2020-04-07 20:49:11.954 26960-26988/com.example.myapplication I/System.out: true
2020-04-07 20:49:12.096 26960-26988/com.example.myapplication D/ec: ********** SEND ROUND 1 DATA **********
2020-04-07 20:49:12.127 26960-26988/com.example.myapplication I/System.out: Ggg
2020-04-07 20:49:12.230 26960-26975/com.example.myapplication I/e.myapplicatio: Background concurrent copying GC freed 625544(16MB) AllocSpace objects, 0(0B) LOS objects, 49% free, 13MB/26MB, paused 44us total 207.506ms
2020-04-07 20:49:15.065 26960-26988/com.example.myapplication D/ec: ************ VERIFY ROUND 1 ***********
2020-04-07 20:49:15.117 26960-26988/com.example.myapplication D/ec: ALL GOOD
2020-04-07 20:49:15.257 26960-26988/com.example.myapplication D/ec: ALL GOOD
2020-04-07 20:49:15.382 26960-26975/com.example.myapplication I/e.myapplicatio: Background young concurrent copying GC freed 331778(8714KB) AllocSpace objects, 5(208KB) LOS objects, 9% free, 24MB/26MB, paused 36us total 113.876ms
2020-04-07 20:49:15.407 26960-26988/com.example.myapplication D/ec: ALL GOOD
2020-04-07 20:49:15.521 26960-26975/com.example.myapplication I/e.myapplicatio: Background concurrent copying GC freed 735311(21MB) AllocSpace objects, 0(0B) LOS objects, 49% free, 11MB/22MB, paused 32us total 104.447ms
2020-04-07 20:49:15.558 26960-26988/com.example.myapplication D/ec: ALL GOOD
2020-04-07 20:49:15.832 26960-26988/com.example.myapplication D/ec: *************** ROUND 2 ***************
2020-04-07 20:49:15.960 26960-26988/com.example.myapplication D/ec: ALL GOOD
2020-04-07 20:49:16.000 26960-26975/com.example.myapplication I/e.myapplicatio: Background young concurrent copying GC freed 355371(9144KB) AllocSpace objects, 0(0B) LOS objects, 15% free, 18MB/22MB, paused 40us total 104.092ms
2020-04-07 20:49:16.067 26960-26988/com.example.myapplication D/ec: ALL GOOD
2020-04-07 20:49:16.173 26960-26988/com.example.myapplication D/ec: ALL GOOD
2020-04-07 20:49:16.274 26960-26988/com.example.myapplication D/ec: ALL GOOD
2020-04-07 20:49:16.365 26960-26988/com.example.myapplication D/ec: ************ VERIFY ROUND 2 ***********
2020-04-07 20:49:16.432 26960-26988/com.example.myapplication D/ec: ALL GOOD
2020-04-07 20:49:16.488 26960-26988/com.example.myapplication D/ec: ALL GOOD
2020-04-07 20:49:16.515 26960-26975/com.example.myapplication I/e.myapplicatio: Background young concurrent copying GC freed 337357(8781KB) AllocSpace objects, 3(116KB) LOS objects, 15% free, 18MB/21MB, paused 34us total 105.426ms
2020-04-07 20:49:16.542 26960-26988/com.example.myapplication D/ec: ALL GOOD
2020-04-07 20:49:16.596 26960-26988/com.example.myapplication D/ec: ALL GOOD
2020-04-07 20:49:16.719 26960-26988/com.example.myapplication D/ec: *************** ROUND 3 ***************
2020-04-07 20:49:17.272 26960-26988/com.example.myapplication D/ec: *************** ROUND 4 ***************
2020-04-07 20:49:17.381 26960-26988/com.example.myapplication D/ec: ALL GOOD
2020-04-07 20:49:17.382 26960-26988/com.example.myapplication I/System.out: 50298089150728546711149583894085297317075858111944533847667318478984852756414
2020-04-07 20:49:17.382 26960-26988/com.example.myapplication I/System.out: 50298089150728546711149583894085297317075858111944533847667318478984852756414
2020-04-07 20:49:17.484 26960-26988/com.example.myapplication D/ec: ALL GOOD
2020-04-07 20:49:17.485 26960-26988/com.example.myapplication I/System.out: -10404203045548372314392200193499912702597915610397822928075592484647823170731
2020-04-07 20:49:17.485 26960-26988/com.example.myapplication I/System.out: -10404203045548372314392200193499912702597915610397822928075592484647823170731
2020-04-07 20:49:17.589 26960-26988/com.example.myapplication D/ec: ALL GOOD
2020-04-07 20:49:17.590 26960-26988/com.example.myapplication I/System.out: -6930842414888189573612432279239858075492184268488509628430487416914098181560
2020-04-07 20:49:17.590 26960-26988/com.example.myapplication I/System.out: -6930842414888189573612432279239858075492184268488509628430487416914098181560
2020-04-07 20:49:17.687 26960-26988/com.example.myapplication D/ec: ALL GOOD
2020-04-07 20:49:17.688 26960-26988/com.example.myapplication I/System.out: 47061626818642925993523615973461621659282784896526509926584028589160709537887
2020-04-07 20:49:17.688 26960-26988/com.example.myapplication I/System.out: 47061626818642925993523615973461621659282784896526509926584028589160709537887
2020-04-07 20:49:17.965 26960-26988/com.example.myapplication D/ec: *********** KEY COMPUTATION ***********
2020-04-07 20:49:18.012 26960-26988/com.example.myapplication I/System.out: Latency of Each Round JPAKEPairing+
2020-04-07 20:49:18.012 26960-26988/com.example.myapplication D/EC_LATENCY: 1) Latency of computing round 1 per participant (ms):482
2020-04-07 20:49:18.012 26960-26988/com.example.myapplication D/EC_LATENCY: 2) Latency of verifying data in round 1 per participant (ms):589
2020-04-07 20:49:18.012 26960-26988/com.example.myapplication D/EC_LATENCY: 3) Latency of computing round 2 per participant (ms):441
2020-04-07 20:49:18.012 26960-26988/com.example.myapplication D/EC_LATENCY: 4) Latency of verifying round 2 per participant (ms):231
2020-04-07 20:49:18.012 26960-26988/com.example.myapplication D/EC_LATENCY: 5) Latency of computing round 3 per participant (ms):342
2020-04-07 20:49:18.012 26960-26988/com.example.myapplication D/EC_LATENCY: 6) Latency of verifying round 3 for participant (ms):416
2020-04-07 20:49:18.012 26960-26988/com.example.myapplication D/EC_LATENCY: 7) Latency of computing key for participant (ms):47
2020-04-07 20:49:18.013 26960-26960/com.example.myapplication D/speke: DONE
2020-04-07 20:49:33.451 26960-26960/com.example.myapplication D/button: print test 2
2020-04-07 20:49:33.451 26960-26960/com.example.myapplication D/button: connect button pressed
2020-04-07 20:49:33.634 26960-26988/com.example.myapplication D/connect:  LINE: SUBMITNAME
2020-04-07 20:49:33.638 26960-26988/com.example.myapplication D/connect:  LINE: NAMEACCEPTED
2020-04-07 20:49:36.977 26960-26988/com.example.myapplication D/ec: eeee
2020-04-07 20:49:37.014 26960-26988/com.example.myapplication D/ec: *************** ROUND 1 ***************
2020-04-07 20:49:37.014 26960-26988/com.example.myapplication I/System.out: true
2020-04-07 20:49:37.014 26960-26988/com.example.myapplication I/chatty: uid=10346(com.example.myapplication) AsyncTask #1 identical 1 line
2020-04-07 20:49:37.132 26960-26988/com.example.myapplication I/System.out: true
2020-04-07 20:49:37.225 26960-26988/com.example.myapplication I/System.out: true
2020-04-07 20:49:37.259 26960-26977/com.example.myapplication W/System: A resource failed to call close. 
2020-04-07 20:49:37.320 26960-26988/com.example.myapplication I/System.out: true
2020-04-07 20:49:37.468 26960-26988/com.example.myapplication D/ec: ********** SEND ROUND 1 DATA **********
2020-04-07 20:49:37.481 26960-26988/com.example.myapplication I/System.out: Ggg
2020-04-07 20:49:39.623 26960-26988/com.example.myapplication D/ec: ************ VERIFY ROUND 1 ***********
2020-04-07 20:49:39.681 26960-26988/com.example.myapplication D/ec: ALL GOOD
2020-04-07 20:49:39.827 26960-26988/com.example.myapplication I/chatty: uid=10346(com.example.myapplication) AsyncTask #1 identical 1 line
2020-04-07 20:49:39.974 26960-26988/com.example.myapplication D/ec: ALL GOOD
2020-04-07 20:49:40.124 26960-26988/com.example.myapplication D/ec: ALL GOOD
2020-04-07 20:49:40.288 26960-26988/com.example.myapplication D/ec: *************** ROUND 2 ***************
2020-04-07 20:49:40.390 26960-26988/com.example.myapplication D/ec: ALL GOOD
2020-04-07 20:49:40.609 26960-26988/com.example.myapplication I/chatty: uid=10346(com.example.myapplication) AsyncTask #1 identical 2 lines
2020-04-07 20:49:40.727 26960-26988/com.example.myapplication D/ec: ALL GOOD
2020-04-07 20:49:41.021 26960-26988/com.example.myapplication D/ec: ************ VERIFY ROUND 2 ***********
2020-04-07 20:49:41.072 26960-26988/com.example.myapplication D/ec: ALL GOOD
2020-04-07 20:49:41.123 26960-26988/com.example.myapplication D/ec: ALL GOOD
2020-04-07 20:49:41.197 26960-26988/com.example.myapplication D/ec: ALL GOOD
2020-04-07 20:49:41.250 26960-26988/com.example.myapplication D/ec: ALL GOOD
2020-04-07 20:49:41.266 26960-26988/com.example.myapplication D/ec: *************** ROUND 3 ***************
2020-04-07 20:49:41.857 26960-26988/com.example.myapplication D/ec: *************** ROUND 4 ***************
2020-04-07 20:49:41.961 26960-26988/com.example.myapplication D/ec: ALL GOOD
2020-04-07 20:49:41.962 26960-26988/com.example.myapplication I/System.out: 31576984903956327899283347821552766431287579462730621832440302869198558406701
2020-04-07 20:49:41.962 26960-26988/com.example.myapplication I/System.out: 31576984903956327899283347821552766431287579462730621832440302869198558406701
2020-04-07 20:49:42.059 26960-26988/com.example.myapplication D/ec: ALL GOOD
2020-04-07 20:49:42.060 26960-26988/com.example.myapplication I/System.out: 51043254279519165391791875756805574631995596161301170435659134642595328604930
2020-04-07 20:49:42.060 26960-26988/com.example.myapplication I/System.out: 51043254279519165391791875756805574631995596161301170435659134642595328604930
2020-04-07 20:49:42.167 26960-26988/com.example.myapplication D/ec: ALL GOOD
2020-04-07 20:49:42.168 26960-26988/com.example.myapplication I/System.out: 28767030050735017069182651780941815278290223794204626998007556781559511266033
2020-04-07 20:49:42.168 26960-26988/com.example.myapplication I/System.out: 28767030050735017069182651780941815278290223794204626998007556781559511266033
2020-04-07 20:49:42.268 26960-26988/com.example.myapplication D/ec: ALL GOOD
2020-04-07 20:49:42.268 26960-26988/com.example.myapplication I/System.out: 25358913254027713510943701168608849794280797615886886510030548301834132205349
2020-04-07 20:49:42.269 26960-26988/com.example.myapplication I/System.out: 25358913254027713510943701168608849794280797615886886510030548301834132205349
2020-04-07 20:49:42.547 26960-26988/com.example.myapplication D/ec: *********** KEY COMPUTATION ***********
2020-04-07 20:49:42.577 26960-26988/com.example.myapplication I/System.out: Latency of Each Round JPAKEPairing+
2020-04-07 20:49:42.577 26960-26988/com.example.myapplication D/EC_LATENCY: 1) Latency of computing round 1 per participant (ms):454
2020-04-07 20:49:42.577 26960-26988/com.example.myapplication D/EC_LATENCY: 2) Latency of verifying data in round 1 per participant (ms):606
2020-04-07 20:49:42.577 26960-26988/com.example.myapplication D/EC_LATENCY: 3) Latency of computing round 2 per participant (ms):439
2020-04-07 20:49:42.577 26960-26988/com.example.myapplication D/EC_LATENCY: 4) Latency of verifying round 2 per participant (ms):229
2020-04-07 20:49:42.577 26960-26988/com.example.myapplication D/EC_LATENCY: 5) Latency of computing round 3 per participant (ms):313
2020-04-07 20:49:42.577 26960-26988/com.example.myapplication D/EC_LATENCY: 6) Latency of verifying round 3 for participant (ms):412
2020-04-07 20:49:42.577 26960-26988/com.example.myapplication D/EC_LATENCY: 7) Latency of computing key for participant (ms):30
2020-04-07 20:49:42.578 26960-26960/com.example.myapplication D/speke: DONE
2020-04-07 20:51:09.559 26960-26960/com.example.myapplication D/button: print test 2
2020-04-07 20:51:09.559 26960-26960/com.example.myapplication D/button: connect button pressed
2020-04-07 20:51:09.797 26960-26988/com.example.myapplication D/connect:  LINE: SUBMITNAME
2020-04-07 20:51:09.800 26960-26988/com.example.myapplication D/connect:  LINE: NAMEACCEPTED
2020-04-07 20:51:12.934 26960-26988/com.example.myapplication D/ec: eeee
2020-04-07 20:51:13.044 26960-26988/com.example.myapplication D/ec: *************** ROUND 1 ***************
2020-04-07 20:51:13.044 26960-26988/com.example.myapplication I/System.out: true
2020-04-07 20:51:13.044 26960-26988/com.example.myapplication I/chatty: uid=10346(com.example.myapplication) AsyncTask #1 identical 1 line
2020-04-07 20:51:13.156 26960-26988/com.example.myapplication I/System.out: true
2020-04-07 20:51:13.205 26960-26977/com.example.myapplication W/System: A resource failed to call close. 
2020-04-07 20:51:13.250 26960-26988/com.example.myapplication I/System.out: true
2020-04-07 20:51:13.347 26960-26988/com.example.myapplication I/System.out: true
2020-04-07 20:51:13.491 26960-26988/com.example.myapplication D/ec: ********** SEND ROUND 1 DATA **********
2020-04-07 20:51:13.502 26960-26988/com.example.myapplication I/System.out: Ggg
2020-04-07 20:51:15.968 26960-26988/com.example.myapplication D/ec: ************ VERIFY ROUND 1 ***********
2020-04-07 20:51:16.028 26960-26988/com.example.myapplication D/ec: ALL GOOD
2020-04-07 20:51:16.176 26960-26988/com.example.myapplication D/ec: ALL GOOD
2020-04-07 20:51:16.326 26960-26988/com.example.myapplication D/ec: ALL GOOD
2020-04-07 20:51:16.492 26960-26988/com.example.myapplication D/ec: ALL GOOD
2020-04-07 20:51:16.576 26960-26975/com.example.myapplication I/e.myapplicatio: Background concurrent copying GC freed 365332(10MB) AllocSpace objects, 0(0B) LOS objects, 49% free, 11MB/22MB, paused 107us total 101.401ms
2020-04-07 20:51:16.861 26960-26988/com.example.myapplication D/ec: *************** ROUND 2 ***************
2020-04-07 20:51:16.985 26960-26988/com.example.myapplication D/ec: ALL GOOD
2020-04-07 20:51:17.089 26960-26988/com.example.myapplication D/ec: ALL GOOD
2020-04-07 20:51:17.148 26960-26975/com.example.myapplication I/e.myapplicatio: Background young concurrent copying GC freed 341574(8796KB) AllocSpace objects, 0(0B) LOS objects, 12% free, 19MB/22MB, paused 30us total 109.623ms
2020-04-07 20:51:17.195 26960-26988/com.example.myapplication D/ec: ALL GOOD
2020-04-07 20:51:17.303 26960-26975/com.example.myapplication I/e.myapplicatio: Background concurrent copying GC freed 554877(15MB) AllocSpace objects, 1(32KB) LOS objects, 49% free, 13MB/26MB, paused 40us total 117.365ms
2020-04-07 20:51:17.303 26960-26988/com.example.myapplication D/ec: ALL GOOD
2020-04-07 20:51:17.423 26960-26988/com.example.myapplication D/ec: ************ VERIFY ROUND 2 ***********
2020-04-07 20:51:17.493 26960-26988/com.example.myapplication D/ec: ALL GOOD
2020-04-07 20:51:17.596 26960-26988/com.example.myapplication I/chatty: uid=10346(com.example.myapplication) AsyncTask #1 identical 2 lines
2020-04-07 20:51:17.647 26960-26988/com.example.myapplication D/ec: ALL GOOD
2020-04-07 20:51:17.774 26960-26975/com.example.myapplication I/e.myapplicatio: Background young concurrent copying GC freed 418828(10MB) AllocSpace objects, 4(160KB) LOS objects, 42% free, 15MB/26MB, paused 39us total 127.643ms
2020-04-07 20:51:18.089 26960-26988/com.example.myapplication D/ec: *************** ROUND 3 ***************
2020-04-07 20:51:18.409 26960-26975/com.example.myapplication I/e.myapplicatio: Background concurrent copying GC freed 723334(20MB) AllocSpace objects, 1(20KB) LOS objects, 49% free, 12MB/24MB, paused 34us total 109.894ms
2020-04-07 20:51:18.718 26960-26988/com.example.myapplication D/ec: *************** ROUND 4 ***************
2020-04-07 20:51:18.830 26960-26988/com.example.myapplication D/ec: ALL GOOD
2020-04-07 20:51:18.831 26960-26988/com.example.myapplication I/System.out: 55947032476276097451643551028980276656642410158219807458119079787234070154198
2020-04-07 20:51:18.831 26960-26988/com.example.myapplication I/System.out: 55947032476276097451643551028980276656642410158219807458119079787234070154198
2020-04-07 20:51:18.932 26960-26988/com.example.myapplication D/ec: ALL GOOD
2020-04-07 20:51:18.933 26960-26988/com.example.myapplication I/System.out: 46365566576218392930146560088787597912531488733276408117195095586807830815104
2020-04-07 20:51:18.933 26960-26988/com.example.myapplication I/System.out: 46365566576218392930146560088787597912531488733276408117195095586807830815104
2020-04-07 20:51:19.035 26960-26975/com.example.myapplication I/e.myapplicatio: Background young concurrent copying GC freed 399645(10MB) AllocSpace objects, 2(48KB) LOS objects, 14% free, 21MB/24MB, paused 39us total 123.386ms
2020-04-07 20:51:19.035 26960-26988/com.example.myapplication D/ec: ALL GOOD
2020-04-07 20:51:19.036 26960-26988/com.example.myapplication I/System.out: -18018693928566519021889029191096575111924109997433597629220143329262080659842
2020-04-07 20:51:19.036 26960-26988/com.example.myapplication I/System.out: -18018693928566519021889029191096575111924109997433597629220143329262080659842
2020-04-07 20:51:19.142 26960-26988/com.example.myapplication D/ec: ALL GOOD
2020-04-07 20:51:19.143 26960-26988/com.example.myapplication I/System.out: -21303241654495050844160964056239011304986095953436272714657814665773838300444
2020-04-07 20:51:19.143 26960-26988/com.example.myapplication I/System.out: -21303241654495050844160964056239011304986095953436272714657814665773838300444
2020-04-07 20:51:19.160 26960-26988/com.example.myapplication D/ec: *********** KEY COMPUTATION ***********
2020-04-07 20:51:19.190 26960-26988/com.example.myapplication I/System.out: Latency of Each Round JPAKEPairing+
2020-04-07 20:51:19.190 26960-26988/com.example.myapplication D/EC_LATENCY: 1) Latency of computing round 1 per participant (ms):447
2020-04-07 20:51:19.190 26960-26988/com.example.myapplication D/EC_LATENCY: 2) Latency of verifying data in round 1 per participant (ms):634
2020-04-07 20:51:19.190 26960-26988/com.example.myapplication D/EC_LATENCY: 3) Latency of computing round 2 per participant (ms):442
2020-04-07 20:51:19.190 26960-26988/com.example.myapplication D/EC_LATENCY: 4) Latency of verifying round 2 per participant (ms):225
2020-04-07 20:51:19.191 26960-26988/com.example.myapplication D/EC_LATENCY: 5) Latency of computing round 3 per participant (ms):334
2020-04-07 20:51:19.191 26960-26988/com.example.myapplication D/EC_LATENCY: 6) Latency of verifying round 3 for participant (ms):426
2020-04-07 20:51:19.191 26960-26988/com.example.myapplication D/EC_LATENCY: 7) Latency of computing key for participant (ms):30
2020-04-07 20:51:19.191 26960-26960/com.example.myapplication D/speke: DONE
2020-04-07 20:51:35.541 26960-26960/com.example.myapplication D/button: print test 2
2020-04-07 20:51:35.541 26960-26960/com.example.myapplication D/button: connect button pressed
2020-04-07 20:51:35.803 26960-26988/com.example.myapplication D/connect:  LINE: SUBMITNAME
2020-04-07 20:51:35.808 26960-26988/com.example.myapplication D/connect:  LINE: NAMEACCEPTED
2020-04-07 20:51:39.297 26960-26988/com.example.myapplication D/ec: eeee
2020-04-07 20:51:39.303 26960-26988/com.example.myapplication D/ec: *************** ROUND 1 ***************
2020-04-07 20:51:39.303 26960-26988/com.example.myapplication I/System.out: true
2020-04-07 20:51:39.415 26960-26988/com.example.myapplication I/chatty: uid=10346(com.example.myapplication) AsyncTask #1 identical 2 lines
2020-04-07 20:51:39.513 26960-26988/com.example.myapplication I/System.out: true
2020-04-07 20:51:39.653 26960-26988/com.example.myapplication D/ec: ********** SEND ROUND 1 DATA **********
2020-04-07 20:51:39.666 26960-26988/com.example.myapplication I/System.out: Ggg
2020-04-07 20:51:39.694 26960-26977/com.example.myapplication W/System: A resource failed to call close. 
2020-04-07 20:51:43.924 26960-26988/com.example.myapplication D/ec: ************ VERIFY ROUND 1 ***********
2020-04-07 20:51:43.986 26960-26988/com.example.myapplication D/ec: ALL GOOD
2020-04-07 20:51:44.132 26960-26988/com.example.myapplication I/chatty: uid=10346(com.example.myapplication) AsyncTask #1 identical 1 line
2020-04-07 20:51:44.288 26960-26988/com.example.myapplication D/ec: ALL GOOD
2020-04-07 20:51:44.390 26960-26988/com.example.myapplication D/EC: All participants failed to verify Round 1
2020-04-07 20:51:44.409 26960-26988/com.example.myapplication I/e.myapplicatio: System.exit called, status: 0
2020-04-07 20:51:44.409 26960-26988/com.example.myapplication I/AndroidRuntime: VM exiting with result code 0, cleanup skipped.
2020-04-07 20:48:34.209 853-853/? I//vendor/bin/hw/android.hardware.health@2.0-service.wahoo: SRAM data: 3316000
    
    --------- beginning of system
2020-04-07 20:48:34.250 2377-3067/? D/PowerUI: can't show warning due to - plugged: true status unknown: false
2020-04-07 20:48:36.048 1276-4918/? I/ActivityManager: Killing 21560:com.google.android.gms:car/u0a110 (adj 975): empty for 1800s
2020-04-07 20:48:36.082 823-823/? I/Zygote: Process 21560 exited due to signal 9 (Killed)
2020-04-07 20:48:36.094 1276-1348/? I/libprocessgroup: Successfully killed process cgroup uid 10110 pid 21560 in 43ms
2020-04-07 20:48:45.616 1086-1086/? W/adbd: timeout expired while flushing socket, closing
2020-04-07 20:48:46.877 1086-1086/? W/adbd: timeout expired while flushing socket, closing
2020-04-07 20:48:48.755 15796-24453/? W/GmsLocationProvider: Error removing location updates: 16
2020-04-07 20:48:53.801 1276-1301/? I/ActivityManager: Killing 22672:com.google.android.gms.unstable/u0a110 (adj 955): empty for 1809s
2020-04-07 20:48:53.803 1276-1301/? I/ActivityManager: Killing 22214:com.google.android.dialer/u0a106 (adj 955): empty for 1810s
2020-04-07 20:48:53.805 1276-1301/? I/ActivityManager: Killing 21344:android.process.acore/u0a44 (adj 965): empty for 1815s
2020-04-07 20:48:53.805 1276-1301/? I/ActivityManager: Killing 22470:com.google.android.videos/u0a154 (adj 965): empty for 1815s
2020-04-07 20:48:53.807 1276-1301/? I/ActivityManager: Killing 21374:com.google.android.contacts/u0a142 (adj 965): empty for 1815s
2020-04-07 20:48:53.808 1276-1301/? I/ActivityManager: Killing 22445:com.google.android.storagemanager/u0a99 (adj 965): empty for 1816s
2020-04-07 20:48:53.887 823-823/? I/Zygote: Process 22445 exited due to signal 9 (Killed)
2020-04-07 20:48:53.907 823-823/? I/Zygote: Process 21344 exited due to signal 9 (Killed)
2020-04-07 20:48:53.908 1276-1301/? D/CountryDetector: No listener is left
2020-04-07 20:48:53.921 823-823/? I/Zygote: Process 22672 exited due to signal 9 (Killed)
2020-04-07 20:48:53.927 824-824/? I/Zygote: Process 22470 exited due to signal 9 (Killed)
2020-04-07 20:48:53.927 823-823/? I/Zygote: Process 21374 exited due to signal 9 (Killed)
2020-04-07 20:48:53.929 823-823/? I/Zygote: Process 22214 exited due to signal 9 (Killed)
2020-04-07 20:48:53.929 1276-12270/? D/ConnectivityService: ConnectivityService NetworkRequestInfo binderDied(NetworkRequest [ TRACK_DEFAULT id=194, [ Capabilities: INTERNET&NOT_RESTRICTED&TRUSTED Uid: 10106] ], android.os.BinderProxy@cad89d1)
2020-04-07 20:48:53.930 1276-2310/? D/ConnectivityService: releasing NetworkRequest [ TRACK_DEFAULT id=194, [ Capabilities: INTERNET&NOT_RESTRICTED&TRUSTED Uid: 10106] ] (release request)
2020-04-07 20:48:53.932 1276-4739/? D/ConnectivityService: ConnectivityService NetworkRequestInfo binderDied(NetworkRequest [ LISTEN id=195, [ Capabilities: INTERNET&NOT_RESTRICTED&TRUSTED Uid: 10106] ], android.os.BinderProxy@e878c36)
2020-04-07 20:48:53.961 823-823/? D/Zygote: Forked child process 24495
2020-04-07 20:48:53.963 1276-1346/? I/ActivityManager: Start proc 24495:com.google.android.apps.turbo:aab/u0a133 for service {com.google.android.apps.turbo/com.google.android.libraries.smartbattery.appusage.library.EvaluateAppBucketsJob}
2020-04-07 20:48:53.964 1276-1348/? I/libprocessgroup: Successfully killed process cgroup uid 10110 pid 22672 in 159ms
2020-04-07 20:48:53.965 1276-1348/? I/libprocessgroup: Successfully killed process cgroup uid 10106 pid 22214 in 0ms
2020-04-07 20:48:53.965 1276-1348/? I/libprocessgroup: Successfully killed process cgroup uid 10044 pid 21344 in 0ms
2020-04-07 20:48:53.965 1276-1348/? I/libprocessgroup: Successfully killed process cgroup uid 10154 pid 22470 in 0ms
2020-04-07 20:48:53.965 1276-1348/? I/libprocessgroup: Successfully killed process cgroup uid 10142 pid 21374 in 0ms
2020-04-07 20:48:53.965 1276-1348/? I/libprocessgroup: Successfully killed process cgroup uid 10099 pid 22445 in 0ms
2020-04-07 20:48:53.979 24495-24495/? E/.apps.turbo:aa: Not starting debugger since process cannot load the jdwp agent.
2020-04-07 20:48:54.003 24495-24495/? D/ApplicationLoaders: Returning zygote-cached class loader: /system/framework/android.hidl.base-V1.0-java.jar
2020-04-07 20:48:54.003 24495-24495/? D/ApplicationLoaders: Returning zygote-cached class loader: /system/framework/android.hidl.manager-V1.0-java.jar
2020-04-07 20:48:54.003 24495-24495/? D/ApplicationLoaders: Returning zygote-cached class loader: /system/framework/android.hidl.base-V1.0-java.jar
2020-04-07 20:48:54.006 24495-24495/? I/.apps.turbo:aa: The ClassLoaderContext is a special shared library.
2020-04-07 20:48:54.041 24495-24495/? W/PrimesInit: Primes instant initialization
2020-04-07 20:48:54.041 24495-24515/? W/Primes: background initialization
2020-04-07 20:48:54.055 24495-24515/? I/PrimesTesting: GserviceFlagsSupplier.get()
2020-04-07 20:48:54.082 24495-24521/? W/.apps.turbo:aa: Unsupported class loader
2020-04-07 20:48:54.088 24495-24521/? W/.apps.turbo:aa: Skipping duplicate class check due to unsupported classloader
2020-04-07 20:48:54.114 24495-24521/? W/DynamiteModule: Local module descriptor class for com.google.android.gms.crash not found.
2020-04-07 20:48:54.147 24495-24521/? I/DynamiteLoaderV2: [71] Dynamitemodulesc
2020-04-07 20:48:54.151 24495-24521/? W/.apps.turbo:aa: ClassLoaderContext type mismatch. expected=PCL, found=DLC (PCL[] | DLC[];PCL[/system/product/priv-app/TurboPrebuilt/TurboPrebuilt.apk*1237060449]{PCL[/system/framework/android.hidl.manager-V1.0-java.jar*1684516937]{PCL[/system/framework/android.hidl.base-V1.0-java.jar*604948433]}#PCL[/system/framework/android.hidl.base-V1.0-java.jar*604948433]#PCL[/system/framework/org.apache.http.legacy.jar*1038351580]})
2020-04-07 20:48:54.152 24495-24521/? W/.apps.turbo:aa: Found duplicate classes, falling back to extracting from APK : /data/user_de/0/com.google.android.gms/app_chimera/m/0000001a/DynamiteModulesC.apk
2020-04-07 20:48:54.152 24495-24521/? W/.apps.turbo:aa: NOTE: This wastes RAM and hurts startup performance.
2020-04-07 20:48:54.152 24495-24521/? W/.apps.turbo:aa: Found duplicated class when checking oat files: 'La;' in /data/user_de/0/com.google.android.gms/app_chimera/m/0000001a/DynamiteModulesC.apk and /system/product/priv-app/TurboPrebuilt/TurboPrebuilt.apk
2020-04-07 20:48:54.192 24495-24530/? W/Zebedee-OptIn: Opt in=true
2020-04-07 20:48:54.195 24495-24495/? W/Zebedee-OptIn: Opt in=true
2020-04-07 20:48:54.197 24495-24521/? I/FirebaseCrashApiImpl: FirebaseCrashApiImpl created by ClassLoader dalvik.system.DelegateLastClassLoader[DexPathList[[zip file "/data/user_de/0/com.google.android.gms/app_chimera/m/0000001a/DynamiteModulesC.apk"],nativeLibraryDirectories=[/data/user_de/0/com.google.android.gms/app_chimera/m/0000001a/DynamiteModulesC.apk!/lib/arm64-v8a, /system/lib64, /system/product/lib64]]]
2020-04-07 20:48:54.210 24495-24522/? I/DynamiteModule: Considering local module com.google.android.gms.flags:3 and remote module com.google.android.gms.flags:3
2020-04-07 20:48:54.210 24495-24522/? I/DynamiteModule: Selected local version of com.google.android.gms.flags
2020-04-07 20:48:54.219 24495-24522/? W/DynamiteModule: Local module descriptor class for com.google.android.gms.crash not found.
2020-04-07 20:48:54.250 24495-24522/? I/FirebaseCrashApiImpl: FirebaseCrash reporting API initialized
2020-04-07 20:48:54.250 24495-24522/? W/FirebaseCrashAnalytics: Unable to log event, missing Google Analytics for Firebase library
2020-04-07 20:48:54.344 24495-24530/? W/Zebedee-evaluateBucketsJob: Deleted 2 buckets snapshots, till Apr 6, 2020 8:44:12 PM
2020-04-07 20:48:57.256 926-953/? I/VSC: @ 90661.618: [VSC] Stopping sensor events for sensor 131074
2020-04-07 20:48:57.258 926-953/? I/VSC: @ 90661.619: [VSC] Request sensor 65537, sample_duration 14 ms, report_duration c80 ms
2020-04-07 20:48:57.258 926-953/? I/VSC: @ 90661.619: [VSC] Request sensor 65537, sample_duration 14 ms, report_duration 64 ms
2020-04-07 20:48:57.258 926-953/? I/VSC: @ 90661.620: [VSC] Stopping sensor events for sensor 131074
2020-04-07 20:48:57.521 926-953/? I/ASH: @ 90661.884: _490x_handleAdaptiveAtime: Adaptive ATIME Short to Long
2020-04-07 20:48:58.103 1050-1272/? D/fpc_hidl: onAcquired(code=0, vendor=0)
2020-04-07 20:48:58.112 2377-2377/? I/BiometricUnlockController: biometric acquired, grabbing biometric wakelock
2020-04-07 20:48:58.114 1050-1272/? D/fpc_hidl: onAuthenticated(fid=205085742, gid=0)
2020-04-07 20:48:58.123 1006-1006/? D/keystore: AddAuthenticationToken: timestamp = 90662277, time_received = 47333
2020-04-07 20:48:58.129 2377-2377/? I/BiometricUnlockController: bio wakelock: Authenticated, waking up...
2020-04-07 20:48:58.130 1276-7030/? I/PowerManagerService: Waking up from Dozing (uid=10122, reason=WAKE_REASON_GESTURE, details=android.policy:BIOMETRIC)...
2020-04-07 20:48:58.130 1276-1276/? W/UsageStatsService: Event reported without a package name, eventType:15
2020-04-07 20:48:58.138 2377-2377/? I/BiometricUnlockController: releasing biometric wakelock
2020-04-07 20:48:58.141 926-953/? I/VSC: @ 90662.508: [VSC SLPI] handling enable request for 65563 sensor
2020-04-07 20:48:58.142 926-953/? I/VSC: @ 90662.508: [VSC] Request sensor 65537, sample_duration 42 ms, report_duration 28 ms
2020-04-07 20:48:58.143 2377-2377/? D/StatusBar: updateQsExpansionEnabled - QS Expand enabled: true
2020-04-07 20:48:58.166 2377-2377/? D/StatusBar: updateQsExpansionEnabled - QS Expand enabled: true
2020-04-07 20:48:58.168 2377-2377/? D/KeyguardUpdateMonitor: fingerprintRunningState: 0
2020-04-07 20:48:58.170 1276-1355/? I/DisplayPowerController: Blocking screen off
2020-04-07 20:48:58.170 1276-1355/? I/DisplayPowerController: Unblocked screen off after 0 ms
2020-04-07 20:48:58.171 926-953/? I/VSC: @ 90662.537: [VSC] Stopping sensor events for sensor 65537
2020-04-07 20:48:58.171 1276-1355/? I/DisplayPowerController: Blocking screen on until initial contents have been drawn.
2020-04-07 20:48:58.179 2678-2773/? I/QCNEJ/CndHalConnector: -> SND notifyScreenStateChanged(true)
2020-04-07 20:48:58.179 2678-2773/? I/QCNEJ/CndHalConnector: -> SND notifyScreenStateChanged(false)
2020-04-07 20:48:58.184 1276-1338/? I/DisplayManagerService: Display device changed state: "Built-in Screen", ON
2020-04-07 20:48:58.187 650-2339/? E/HWComposer: getDisplayedContentSamplingAttributes: getDisplayedContentSamplingAttributes failed for display 0: Unsupported (8)
2020-04-07 20:48:58.190 2678-2773/? I/QCNEJ/CndHalConnector: -> SND notifyWifiStatusChanged(RatInfo{type=1, subType=101, state=CONNECTED, v4=IfaceAddrPair{iface=wlan0, addr=192.168.1.191}, v6=IfaceAddrPair{iface=wlan0, addr=2a00:23c8:2501:f100:e5b6:b7ca:4d50:de67}, timestamp=2020-04-07 20:48:58.19, isAndroidValidated=true, netHandle=432902426637, slotIdx=0} WifiInfo{freq=FIVE_GHz, state=3, ssid=BTHub6-2S7X, bssid=a4:08:f5:a6:89:05, dns=[192.168.1.254, 0.0.0.0, 0.0.0.0, 0.0.0.0, ]})
2020-04-07 20:48:58.194 1276-7030/? D/ActivityTaskManager: Top Process State changed to PROCESS_STATE_TOP
2020-04-07 20:48:58.195 2755-24232/? E/PhoneInterfaceManager: [PhoneIntfMgr] getCarrierPrivilegeStatus: Invalid subId
2020-04-07 20:48:58.196 16175-16203/? I/CarrierServices: [824] djg.a: FiST: Wifi connectivity status true
2020-04-07 20:48:58.197 16175-16247/? I/CarrierServices: [853] drt.a: (PEv2-SM): DisabledState: event Connectivity event
2020-04-07 20:48:58.197 926-953/? D/CHRE: @ 90662.563: Parsed nanoapp message from host: app ID 0x476f6f676c00100e, endpoint 0x1, msgType 202, payload size 5
2020-04-07 20:48:58.198 2377-2377/? D/StatusBar: updateQsExpansionEnabled - QS Expand enabled: true
2020-04-07 20:48:58.199 16175-16203/? I/CarrierServices: [824] djk.d: Connected state: [1], networkType: [WIFI]
2020-04-07 20:48:58.200 2755-24232/? E/PhoneInterfaceManager: [PhoneIntfMgr] getCarrierPrivilegeStatus: Invalid subId
2020-04-07 20:48:58.203 2377-2377/? D/StatusBar: disable<e i a s b H R c s > disable2<q i n >
2020-04-07 20:48:58.226 2377-2377/? D/StatusBar: disable<e i a s b H R c s > disable2<q i n >
2020-04-07 20:48:58.227 2377-2377/? I/Elmyra/ElmyraService: Gated by KeyguardDeferredSetup [mDeferredSetupComplete -> false]
2020-04-07 20:48:58.239 2377-2377/? I/chatty: uid=10122(com.android.systemui) identical 1 line
2020-04-07 20:48:58.240 2377-2377/? I/Elmyra/ElmyraService: Gated by KeyguardDeferredSetup [mDeferredSetupComplete -> false]
2020-04-07 20:48:58.245 4657-4657/? D/NfcService: MSG_APPLY_SCREEN_STATE 4
2020-04-07 20:48:58.247 15796-15911/? W/ThreadPoolDumper: Queue length for executor EventBus is now 11. Perhaps some tasks are too long, or the pool is too small.
2020-04-07 20:48:58.249 2611-2611/? I/WallpaperService: engine resumed
2020-04-07 20:48:58.252 2377-2377/? D/StatusBar: disable<e i a s b H R c s > disable2<q i n >
2020-04-07 20:48:58.255 2377-2377/? D/KeyguardUpdateMonitor: onKeyguardVisibilityChanged(false)
2020-04-07 20:48:58.257 1276-1338/? W/UsageStatsService: Event reported without a package name, eventType:18
2020-04-07 20:48:58.258 2678-2773/? I/QCNEJ/CndHalConnector: -> SND notifyScreenStateChanged(true)
2020-04-07 20:48:58.259 1276-1345/? W/BroadcastQueue: Background execution not allowed: receiving Intent { act=android.intent.action.USER_PRESENT flg=0x24200010 } to com.android.chrome/org.chromium.chrome.browser.sharing.click_to_call.ClickToCallMessageHandler$PhoneUnlockedReceiver
2020-04-07 20:48:58.259 1276-1345/? W/BroadcastQueue: Background execution not allowed: receiving Intent { act=android.intent.action.USER_PRESENT flg=0x24200010 } to com.google.android.gms/.auth.setup.devicesignals.LockScreenReceiver
2020-04-07 20:48:58.259 1276-1345/? W/BroadcastQueue: Background execution not allowed: receiving Intent { act=android.intent.action.USER_PRESENT flg=0x24200010 } to com.google.android.gms/.trustagent.UserPresentBroadcastReceiver
2020-04-07 20:48:58.259 1276-1345/? W/BroadcastQueue: Background execution not allowed: receiving Intent { act=android.intent.action.USER_PRESENT flg=0x24200010 } to com.google.android.gms/.chimera.GmsIntentOperationService$PersistentTrustedReceiver
2020-04-07 20:48:58.260 15881-15881/? I/GsaVoiceInteractionSrv: O received Intent { act=android.intent.action.USER_PRESENT flg=0x24200010 }
2020-04-07 20:48:58.264 4657-4657/? D/NfcService: MSG_APPLY_SCREEN_STATE 8
2020-04-07 20:48:58.264 4657-4657/? D/NfcService: Discovery configuration equal, not updating.
2020-04-07 20:48:58.269 13934-13934/? I/TrustAgent: [HomeAddressChangeTracker] User Present. Maybe fetch home.
2020-04-07 20:48:58.272 15796-15911/? I/MicroDataManager: isInitializing-false locale not changed-true model not changed-true
2020-04-07 20:48:58.273 926-953/? D/CHRE: @ 90662.639: +: id 10, otherClientPresent 1, mode 3
2020-04-07 20:48:58.273 926-953/? D/CHRE: @ 90662.639: [ImuCal] Dynamic sensor configuration: high-performance.
2020-04-07 20:48:58.273 926-953/? D/CHRE: @ 90662.639: sensorType 10 allowed 1: mergedMode 1, otherClientPresent 1
2020-04-07 20:48:58.274 926-953/? D/CHRE: @ 90662.640: sensorType 13 allowed 1: mergedMode 1, otherClientPresent 1
2020-04-07 20:48:58.276 1276-2340/? D/LightsService: Excessive delay setting light
2020-04-07 20:48:58.276 926-953/? D/CHRE: @ 90662.641: sensorType 15 allowed 0: mergedMode 3, otherClientPresent 0
2020-04-07 20:48:58.277 650-650/? D/SurfaceFlinger: Setting power mode 2 on display 0
2020-04-07 20:48:58.277 652-706/? I/SDM: DisplayBase::SetDisplayState: Set state = 1, display 0
2020-04-07 20:48:58.292 15796-15909/? W/LocationOracle: No location history returned by ContextManager
2020-04-07 20:48:58.296 13954-14254/? I/Icing: IndexChimeraService.getServiceInterface callingPackage=com.google.android.gms componentName=null serviceId=36
2020-04-07 20:48:58.296 15796-15911/? I/MicroDetectionState: Should stop hotword detection immediately - false
2020-04-07 20:48:58.296 13954-15825/? I/Icing: IndexChimeraService.getServiceInterface callingPackage=com.google.android.googlequicksearchbox componentName=null serviceId=36
2020-04-07 20:48:58.301 15796-15911/? I/MicroDetectionState: Should stop hotword detection immediately - false
2020-04-07 20:48:58.309 5023-5047/? W/ogle.android.a: Reducing the number of considered missed Gc histogram windows from 182 to 100
2020-04-07 20:48:58.310 13934-14073/? I/NearbyDiscovery: FastPairHandler: Received action android.intent.action.SCREEN_ON [CONTEXT service_id=49 ]
2020-04-07 20:48:58.312 16340-16340/? I/DeviceStatusMonitor: DeviceStatusMonitor$1.onReceive():48 onReceive() : Action = android.intent.action.SCREEN_ON
2020-04-07 20:48:58.312 13934-14073/? D/BluetoothAdapter: isLeEnabled(): ON
2020-04-07 20:48:58.319 13954-11615/? W/Icing: No valid account for uploading user actions
2020-04-07 20:48:58.322 13934-14000/? I/BeaconBle: Stopping scan on delegate scanner. BT state: 12
2020-04-07 20:48:58.323 13934-14000/? D/BluetoothAdapter: isLeEnabled(): ON
2020-04-07 20:48:58.324 2358-3084/? I/bt_stack: [INFO:gatt_api.cc(946)] GATT_Register 58d33362-e480-b8f6-0301-be625a77be17
2020-04-07 20:48:58.325 2358-3084/? I/bt_stack: [INFO:gatt_api.cc(966)] allocated gatt_if=6
2020-04-07 20:48:58.325 13934-14020/? D/BluetoothLeScanner: onScannerRegistered() - status=0 scannerId=6 mScannerId=0
2020-04-07 20:48:58.329 13934-14000/? I/BeaconBle: Resetting - new scanner available: true
2020-04-07 20:48:58.330 13934-14000/? I/BeaconBle: 'L' hardware scan: 5 filters, scanMode=2, reportdelay=0, callback type=1, #clients=1, workSource=WorkSource{10110 com.google.android.gms}
2020-04-07 20:48:58.331 13934-14000/? I/BeaconBle: Starting scan on OS scanner. BT state: 12
2020-04-07 20:48:58.331 13934-14000/? D/BluetoothAdapter: isLeEnabled(): ON
2020-04-07 20:48:58.332 13954-11615/? I/Icing: Usage reports ok 0, Failed Usage reports 0, indexed 0, rejected 0
2020-04-07 20:48:58.333 13954-11615/? W/Icing: No valid account for uploading user actions
2020-04-07 20:48:58.333 2358-3084/? I/bt_stack: [INFO:gatt_api.cc(946)] GATT_Register ceff976a-c052-8a68-902f-75733d16b051
2020-04-07 20:48:58.333 2358-3084/? I/bt_stack: [INFO:gatt_api.cc(966)] allocated gatt_if=5
2020-04-07 20:48:58.333 13934-18413/? D/BluetoothLeScanner: onScannerRegistered() - status=0 scannerId=5 mScannerId=0
2020-04-07 20:48:58.337 13954-11615/? I/Icing: Usage reports ok 0, Failed Usage reports 0, indexed 0, rejected 0
2020-04-07 20:48:58.349 650-650/? D/SurfaceFlinger: Finished setting power mode 2 on display 0
2020-04-07 20:48:58.352 13954-15825/? I/Icing: IndexChimeraService.getServiceInterface callingPackage=com.google.android.gms componentName=null serviceId=30
2020-04-07 20:48:58.357 13954-11615/? W/Icing: No valid account for uploading user actions
2020-04-07 20:48:58.363 13954-11615/? I/Icing: Usage reports ok 0, Failed Usage reports 0, indexed 0, rejected 0
2020-04-07 20:48:58.365 2377-2377/? D/StatusBar: disable<e i a s b h!r!c s > disable2<q i n >
2020-04-07 20:48:58.370 926-953/? I/VSC: @ 90662.736: [VSC SLPI] handling enable request for 65563 sensor
2020-04-07 20:48:58.370 926-953/? I/VSC: @ 90662.737: [VSC] Request sensor 65537, sample_duration 42 ms, report_duration 28 ms
2020-04-07 20:48:58.371 1276-1355/? I/DisplayPowerController: Unblocked screen on after 200 ms
2020-04-07 20:48:58.375 1276-1355/? W/PowerManagerService: Screen on took 245 ms
2020-04-07 20:48:58.375 1276-1355/? I/DreamManagerService: Gently waking up from dream.
2020-04-07 20:48:58.375 1276-1335/? I/DreamManagerService: Performing gentle wake from dream.
2020-04-07 20:48:58.388 2377-2377/? I/Elmyra/ElmyraService: Unblocked; current action: SetupWizardAction
2020-04-07 20:48:58.389 926-953/? D/CHRE: @ 90662.755: Parsed nanoapp message from host: app ID 0x476f6f676c00100e, endpoint 0x1, msgType 200, payload size 10
2020-04-07 20:48:58.389 1276-8575/? I/DreamManagerService: Leaving dreamland.
2020-04-07 20:48:58.389 1276-1335/? I/DreamManagerService: Performing gentle wake from dream.
2020-04-07 20:48:58.389 1276-1335/? I/DreamController: Stopping dream: name=ComponentInfo{com.android.systemui/com.android.systemui.doze.DozeService}, isTest=false, canDoze=true, userId=0
2020-04-07 20:48:58.390 1276-1276/? W/AlarmManager: Unrecognized alarm listener com.android.server.job.controllers.idle.-$$Lambda$DeviceIdlenessTracker$-H1-ZwZAJ-vh10A0PeYXaZLj_R0@dad0123
2020-04-07 20:48:58.390 2377-2377/? I/Elmyra/ElmyraService: Unblocked; current action: SetupWizardAction
2020-04-07 20:48:58.398 926-953/? I/VSC: @ 90662.765: [VSC] Stopping sensor events for sensor 65537
2020-04-07 20:48:58.399 926-953/? D/CHRE: @ 90662.765: Elmyra/Nanoapp Unexpected event: 512
2020-04-07 20:48:58.401 926-953/? I/VSC: @ 90662.767: [VSC] Stopping sensor events for sensor 131078
2020-04-07 20:48:58.401 926-953/? I/VSC: @ 90662.767: [VSC] Stopping sensor events for sensor 65544
2020-04-07 20:48:58.401 926-953/? I/VSC: @ 90662.767: [double-tap-prox-gated] sensor disabled
2020-04-07 20:48:58.404 926-953/? I/ASH: @ 90662.770: ftm4_disable_sensor: disabling sensor [double-tap]
2020-04-07 20:48:58.404 926-953/? I/VSC: @ 90662.770: [VSC] Stopping sensor events for sensor 65544
2020-04-07 20:48:58.404 926-953/? I/VSC: @ 90662.770: [VSC] Stopping sensor events for sensor 65541
2020-04-07 20:48:58.404 926-953/? I/VSC: @ 90662.771: [BINNED_BRIGHTNESS] Deleted instance at 0xb2036628
2020-04-07 20:48:58.424 926-953/? W/CHRE: @ 90662.790: Incorrect number of SMGR samples for vendor0: 1
2020-04-07 20:48:58.424 926-953/? W/CHRE: @ 90662.790: Dropping zero readingCount event
2020-04-07 20:48:58.444 926-953/? W/CHRE: @ 90662.810: Incorrect number of SMGR samples for vendor0: 3
2020-04-07 20:48:58.444 926-953/? W/CHRE: @ 90662.810: Incorrect vendor0 SMGR sample sequence
2020-04-07 20:48:58.444 926-953/? W/CHRE: @ 90662.810: Incorrect vendor0 SMGR sample sequence
2020-04-07 20:48:58.794 926-953/? I/CHRE: @ 90663.160: [ImuCal] [NanoSensorCal:GYRO_RPS] Offset | Temperature [C]: -0.001683, 0.010401, 0.001566 | 23.48
2020-04-07 20:48:58.794 926-953/? I/CHRE: @ 90663.160: [ImuCal] [NanoSensorCal:GYRO_RPS] Temp Sensitivity: 0.000299, -0.000039, 0.000066
2020-04-07 20:48:58.794 926-953/? I/CHRE: @ 90663.160: [ImuCal] [NanoSensorCal:GYRO_RPS] Temp Intercept: -0.008709, 0.011349, 0.000017
2020-04-07 20:49:00.345 24495-24551/? I/FirebaseCrash: Sending crashes
2020-04-07 20:49:02.482 1276-8575/? D/WificondControl: Scan result ready event
2020-04-07 20:49:04.317 13934-14000/? I/BeaconBle: Client requested scan, settings=BleSettings [scanMode=ZERO_POWER, callbackType=ALL_MATCHES, reportDelayMillis=0, 5 filters, 1 clients, callingClientName=Nearby]
2020-04-07 20:49:04.319 13934-14000/? I/BeaconBle: Stopping scan on delegate scanner. BT state: 12
2020-04-07 20:49:04.320 13934-14000/? D/BluetoothAdapter: isLeEnabled(): ON
2020-04-07 20:49:04.321 13934-14000/? I/BeaconBle: Resetting - new scanner available: true
2020-04-07 20:49:04.321 13934-14000/? I/BeaconBle: 'L' hardware scan: 5 filters, scanMode=-1, reportdelay=0, callback type=1, #clients=1, workSource=WorkSource{10110 com.google.android.gms}
2020-04-07 20:49:04.322 13934-14000/? I/BeaconBle: Starting scan on OS scanner. BT state: 12
2020-04-07 20:49:04.322 13934-14000/? D/BluetoothAdapter: isLeEnabled(): ON
2020-04-07 20:49:04.323 2358-3084/? I/bt_stack: [INFO:gatt_api.cc(946)] GATT_Register 16385e1e-bee2-89a3-fc44-73b983fbe056
2020-04-07 20:49:04.323 2358-3084/? I/bt_stack: [INFO:gatt_api.cc(966)] allocated gatt_if=5
2020-04-07 20:49:04.323 13934-18413/? D/BluetoothLeScanner: onScannerRegistered() - status=0 scannerId=5 mScannerId=0
2020-04-07 20:49:04.335 2358-3084/? E/bt_btm: BTM_BleObserve Observe Already Active
2020-04-07 20:49:04.335 2358-3084/? W/bt_btif:  bta_dm_ble_observe BTM_BleObserve  failed. status 6
2020-04-07 20:49:04.350 13934-14073/? I/NearbyDiscovery: FastPairScanner2: Stopping scan [CONTEXT service_id=49 ]
2020-04-07 20:49:04.350 13934-14073/? D/BluetoothAdapter: isLeEnabled(): ON
2020-04-07 20:49:04.354 13934-14073/? D/BluetoothAdapter: isLeEnabled(): ON
2020-04-07 20:49:04.356 2358-3084/? I/bt_stack: [INFO:gatt_api.cc(946)] GATT_Register 57592405-588b-1c55-4aaa-6024ad77c71d
2020-04-07 20:49:04.356 2358-3084/? I/bt_stack: [INFO:gatt_api.cc(966)] allocated gatt_if=6
2020-04-07 20:49:04.356 13934-18413/? D/BluetoothLeScanner: onScannerRegistered() - status=0 scannerId=6 mScannerId=0
2020-04-07 20:49:04.358 13934-14073/? I/NearbyDiscovery: FastPairScanner2: Starting LOW_POWER_SCANNING scanning [CONTEXT service_id=49 ]
2020-04-07 20:49:04.385 1276-8575/? I/ActivityTaskManager: START u0 {act=android.intent.action.MAIN cat=[android.intent.category.LAUNCHER] flg=0x10100000 cmp=com.example.myapplication/.MainActivity} from uid 2000
2020-04-07 20:49:04.387 894-894/? D/android.hardware.power@1.3-service.pixel-libperfmgr: LAUNCH: 1
2020-04-07 20:49:04.394 1276-1339/? E/system_server: Invalid ID 0x00000000.
2020-04-07 20:49:04.416 823-823/? D/Zygote: Forked child process 24552
2020-04-07 20:49:04.419 1276-1346/? I/ActivityManager: Start proc 24552:com.example.myapplication/u0a172 for activity {com.example.myapplication/com.example.myapplication.MainActivity}
2020-04-07 20:49:04.422 24552-24552/com.example.myapplication I/e.myapplicatio: Late-enabling -Xcheck:jni
2020-04-07 20:49:04.448 24552-24552/com.example.myapplication E/e.myapplicatio: Unknown bits set in runtime_flags: 0x8000
2020-04-07 20:49:04.790 24552-24552/com.example.myapplication D/button: print test 1
2020-04-07 20:49:04.813 2651-2651/? I/AiAiSuggestUi: Clearing suggestions.
2020-04-07 20:49:04.816 2611-2611/? I/WallpaperService: engine paused
2020-04-07 20:49:04.840 926-953/? D/CHRE: @ 90669.206: -: id 10, otherClientPresent 0, mode 3
2020-04-07 20:49:04.840 926-953/? D/CHRE: @ 90669.206: [ImuCal] Dynamic sensor configuration: stand-by.
2020-04-07 20:49:04.840 926-953/? D/CHRE: @ 90669.206: sensorType 10 allowed 1: mergedMode 1, otherClientPresent 1
2020-04-07 20:49:04.841 926-953/? D/CHRE: @ 90669.207: sensorType 13 allowed 1: mergedMode 1, otherClientPresent 1
2020-04-07 20:49:04.845 926-953/? D/CHRE: @ 90669.211: sensorType 15 allowed 0: mergedMode 3, otherClientPresent 0
2020-04-07 20:49:04.846 24552-24552/com.example.myapplication W/e.myapplicatio: Accessing hidden method Landroid/view/View;->computeFitSystemWindows(Landroid/graphics/Rect;Landroid/graphics/Rect;)Z (greylist, reflection, allowed)
2020-04-07 20:49:04.847 24552-24552/com.example.myapplication W/e.myapplicatio: Accessing hidden method Landroid/view/ViewGroup;->makeOptionalFitsSystemWindows()V (greylist, reflection, allowed)
2020-04-07 20:49:04.897 24552-24552/com.example.myapplication I/FloatingActionButton: Setting a custom background is not supported.
2020-04-07 20:49:04.956 24552-24582/com.example.myapplication I/Adreno: QUALCOMM build                   : bc00834, I609ab310b2
    Build Date                       : 04/11/19
    OpenGL ES Shader Compiler Version: EV031.26.07.00
    Local Branch                     : 
    Remote Branch                    : 
    Remote Branch                    : 
    Reconstruct Branch               : 
2020-04-07 20:49:04.956 24552-24582/com.example.myapplication I/Adreno: Build Config                     : S L 8.0.6 AArch64
2020-04-07 20:49:04.959 24552-24582/com.example.myapplication I/Adreno: PFP: 0x005ff110, ME: 0x005ff066
2020-04-07 20:49:04.979 614-614/? I/hwservicemanager: getTransport: Cannot find entry android.hardware.graphics.mapper@3.0::IMapper/default in either framework or device manifest.
2020-04-07 20:49:04.979 24552-24582/com.example.myapplication W/Gralloc3: mapper 3.x is not supported
2020-04-07 20:49:04.993 1276-1344/? I/ActivityTaskManager: Displayed com.example.myapplication/.MainActivity: +605ms
2020-04-07 20:49:05.018 894-894/? D/android.hardware.power@1.3-service.pixel-libperfmgr: LAUNCH: 0
2020-04-07 20:49:05.026 15796-24457/? I/PBSessionCacheImpl: Deleted sessionId[69473128888938836] from persistence.
2020-04-07 20:49:05.032 15796-15911/? W/SearchServiceCore: Abort, client detached.
2020-04-07 20:49:05.036 15796-15911/? I/MicroDetectionState: Should stop hotword detection immediately - false
