2020-04-07 20:49:07.701 1967-1984/system_process I/GnssLocationProvider: WakeLock released by handleMessage(REPORT_SV_STATUS, 0, com.android.server.location.GnssLocationProvider$SvStatusInfo@d2eb1f8)
2020-04-07 20:49:08.705 1967-2180/system_process I/GnssLocationProvider: WakeLock acquired by sendMessage(REPORT_SV_STATUS, 0, com.android.server.location.GnssLocationProvider$SvStatusInfo@4eb86d1)
2020-04-07 20:49:08.707 1967-1984/system_process I/GnssLocationProvider: WakeLock released by handleMessage(REPORT_SV_STATUS, 0, com.android.server.location.GnssLocationProvider$SvStatusInfo@4eb86d1)
2020-04-07 20:49:09.709 1967-2180/system_process I/GnssLocationProvider: WakeLock acquired by sendMessage(REPORT_SV_STATUS, 0, com.android.server.location.GnssLocationProvider$SvStatusInfo@2024536)
2020-04-07 20:49:09.710 1967-1984/system_process I/GnssLocationProvider: WakeLock released by handleMessage(REPORT_SV_STATUS, 0, com.android.server.location.GnssLocationProvider$SvStatusInfo@2024536)
2020-04-07 20:49:10.714 1967-2180/system_process I/GnssLocationProvider: WakeLock acquired by sendMessage(REPORT_SV_STATUS, 0, com.android.server.location.GnssLocationProvider$SvStatusInfo@9d21c37)
2020-04-07 20:49:10.715 1967-1984/system_process I/GnssLocationProvider: WakeLock released by handleMessage(REPORT_SV_STATUS, 0, com.android.server.location.GnssLocationProvider$SvStatusInfo@9d21c37)
2020-04-07 20:49:11.716 1967-2180/system_process I/GnssLocationProvider: WakeLock acquired by sendMessage(REPORT_SV_STATUS, 0, com.android.server.location.GnssLocationProvider$SvStatusInfo@c98f5a4)
2020-04-07 20:49:11.717 1967-1984/system_process I/GnssLocationProvider: WakeLock released by handleMessage(REPORT_SV_STATUS, 0, com.android.server.location.GnssLocationProvider$SvStatusInfo@c98f5a4)
2020-04-07 20:49:12.716 1967-2180/system_process I/GnssLocationProvider: WakeLock acquired by sendMessage(REPORT_SV_STATUS, 0, com.android.server.location.GnssLocationProvider$SvStatusInfo@8d0bf0d)
2020-04-07 20:49:12.717 1967-1984/system_process I/GnssLocationProvider: WakeLock released by handleMessage(REPORT_SV_STATUS, 0, com.android.server.location.GnssLocationProvider$SvStatusInfo@8d0bf0d)
2020-04-07 20:49:13.716 1967-2180/system_process I/GnssLocationProvider: WakeLock acquired by sendMessage(REPORT_SV_STATUS, 0, com.android.server.location.GnssLocationProvider$SvStatusInfo@c257ec2)
2020-04-07 20:49:13.717 1967-1984/system_process I/GnssLocationProvider: WakeLock released by handleMessage(REPORT_SV_STATUS, 0, com.android.server.location.GnssLocationProvider$SvStatusInfo@c257ec2)
2020-04-07 20:49:14.716 1967-2180/system_process I/GnssLocationProvider: WakeLock acquired by sendMessage(REPORT_SV_STATUS, 0, com.android.server.location.GnssLocationProvider$SvStatusInfo@4a244d3)
2020-04-07 20:49:14.717 1967-1984/system_process I/GnssLocationProvider: WakeLock released by handleMessage(REPORT_SV_STATUS, 0, com.android.server.location.GnssLocationProvider$SvStatusInfo@4a244d3)
2020-04-07 20:49:15.716 1967-2180/system_process I/GnssLocationProvider: WakeLock acquired by sendMessage(REPORT_SV_STATUS, 0, com.android.server.location.GnssLocationProvider$SvStatusInfo@841c810)
2020-04-07 20:49:15.717 1967-1984/system_process I/GnssLocationProvider: WakeLock released by handleMessage(REPORT_SV_STATUS, 0, com.android.server.location.GnssLocationProvider$SvStatusInfo@841c810)
2020-04-07 20:49:16.718 1967-2180/system_process I/GnssLocationProvider: WakeLock acquired by sendMessage(REPORT_SV_STATUS, 0, com.android.server.location.GnssLocationProvider$SvStatusInfo@b573f09)
2020-04-07 20:49:16.719 1967-1984/system_process I/GnssLocationProvider: WakeLock released by handleMessage(REPORT_SV_STATUS, 0, com.android.server.location.GnssLocationProvider$SvStatusInfo@b573f09)
2020-04-07 20:49:17.720 1967-2180/system_process I/GnssLocationProvider: WakeLock acquired by sendMessage(REPORT_SV_STATUS, 0, com.android.server.location.GnssLocationProvider$SvStatusInfo@350c50e)
2020-04-07 20:49:17.721 1967-1984/system_process I/GnssLocationProvider: WakeLock released by handleMessage(REPORT_SV_STATUS, 0, com.android.server.location.GnssLocationProvider$SvStatusInfo@350c50e)
2020-04-07 20:49:18.720 1967-2180/system_process I/GnssLocationProvider: WakeLock acquired by sendMessage(REPORT_SV_STATUS, 0, com.android.server.location.GnssLocationProvider$SvStatusInfo@c425b2f)
2020-04-07 20:49:18.722 1967-1984/system_process I/GnssLocationProvider: WakeLock released by handleMessage(REPORT_SV_STATUS, 0, com.android.server.location.GnssLocationProvider$SvStatusInfo@c425b2f)
2020-04-07 20:49:19.432 1967-1984/system_process E/memtrack: Couldn't load memtrack module
2020-04-07 20:49:19.432 1967-1984/system_process W/android.os.Debug: failed to get memory consumption info: -1
2020-04-07 20:49:19.724 1967-2180/system_process I/GnssLocationProvider: WakeLock acquired by sendMessage(REPORT_SV_STATUS, 0, com.android.server.location.GnssLocationProvider$SvStatusInfo@7abc2c5)
2020-04-07 20:49:19.724 1967-1984/system_process I/GnssLocationProvider: WakeLock released by handleMessage(REPORT_SV_STATUS, 0, com.android.server.location.GnssLocationProvider$SvStatusInfo@7abc2c5)
2020-04-07 20:49:20.727 1967-2180/system_process I/GnssLocationProvider: WakeLock acquired by sendMessage(REPORT_SV_STATUS, 0, com.android.server.location.GnssLocationProvider$SvStatusInfo@2d8241a)
2020-04-07 20:49:20.729 1967-1984/system_process I/GnssLocationProvider: WakeLock released by handleMessage(REPORT_SV_STATUS, 0, com.android.server.location.GnssLocationProvider$SvStatusInfo@2d8241a)
2020-04-07 20:49:21.728 1967-2180/system_process I/GnssLocationProvider: WakeLock acquired by sendMessage(REPORT_SV_STATUS, 0, com.android.server.location.GnssLocationProvider$SvStatusInfo@7237b4b)
2020-04-07 20:49:21.730 1967-1984/system_process I/GnssLocationProvider: WakeLock released by handleMessage(REPORT_SV_STATUS, 0, com.android.server.location.GnssLocationProvider$SvStatusInfo@7237b4b)
2020-04-07 20:49:22.731 1967-2180/system_process I/GnssLocationProvider: WakeLock acquired by sendMessage(REPORT_SV_STATUS, 0, com.android.server.location.GnssLocationProvider$SvStatusInfo@ae8928)
2020-04-07 20:49:22.731 1967-1984/system_process I/GnssLocationProvider: WakeLock released by handleMessage(REPORT_SV_STATUS, 0, com.android.server.location.GnssLocationProvider$SvStatusInfo@ae8928)
2020-04-07 20:49:23.732 1967-2180/system_process I/GnssLocationProvider: WakeLock acquired by sendMessage(REPORT_SV_STATUS, 0, com.android.server.location.GnssLocationProvider$SvStatusInfo@50ac641)
2020-04-07 20:49:23.734 1967-1984/system_process I/GnssLocationProvider: WakeLock released by handleMessage(REPORT_SV_STATUS, 0, com.android.server.location.GnssLocationProvider$SvStatusInfo@50ac641)
2020-04-07 20:49:24.733 1967-2180/system_process I/GnssLocationProvider: WakeLock acquired by sendMessage(REPORT_SV_STATUS, 0, com.android.server.location.GnssLocationProvider$SvStatusInfo@54467e6)
2020-04-07 20:49:24.734 1967-1984/system_process I/GnssLocationProvider: WakeLock released by handleMessage(REPORT_SV_STATUS, 0, com.android.server.location.GnssLocationProvider$SvStatusInfo@54467e6)
2020-04-07 20:49:25.733 1967-2180/system_process I/GnssLocationProvider: WakeLock acquired by sendMessage(REPORT_SV_STATUS, 0, com.android.server.location.GnssLocationProvider$SvStatusInfo@7ac8127)
2020-04-07 20:49:25.734 1967-1984/system_process I/GnssLocationProvider: WakeLock released by handleMessage(REPORT_SV_STATUS, 0, com.android.server.location.GnssLocationProvider$SvStatusInfo@7ac8127)
2020-04-07 20:49:26.736 1967-2180/system_process I/GnssLocationProvider: WakeLock acquired by sendMessage(REPORT_SV_STATUS, 0, com.android.server.location.GnssLocationProvider$SvStatusInfo@ef70fd4)
2020-04-07 20:49:26.737 1967-1984/system_process I/GnssLocationProvider: WakeLock released by handleMessage(REPORT_SV_STATUS, 0, com.android.server.location.GnssLocationProvider$SvStatusInfo@ef70fd4)
2020-04-07 20:49:27.739 1967-2180/system_process I/GnssLocationProvider: WakeLock acquired by sendMessage(REPORT_SV_STATUS, 0, com.android.server.location.GnssLocationProvider$SvStatusInfo@7fc857d)
2020-04-07 20:49:27.739 1967-1984/system_process I/GnssLocationProvider: WakeLock released by handleMessage(REPORT_SV_STATUS, 0, com.android.server.location.GnssLocationProvider$SvStatusInfo@7fc857d)
2020-04-07 20:49:28.740 1967-2180/system_process I/GnssLocationProvider: WakeLock acquired by sendMessage(REPORT_SV_STATUS, 0, com.android.server.location.GnssLocationProvider$SvStatusInfo@2df1c72)
2020-04-07 20:49:28.741 1967-1984/system_process I/GnssLocationProvider: WakeLock released by handleMessage(REPORT_SV_STATUS, 0, com.android.server.location.GnssLocationProvider$SvStatusInfo@2df1c72)
2020-04-07 20:49:29.741 1967-2180/system_process I/GnssLocationProvider: WakeLock acquired by sendMessage(REPORT_SV_STATUS, 0, com.android.server.location.GnssLocationProvider$SvStatusInfo@5d608c3)
2020-04-07 20:49:29.743 1967-1984/system_process I/GnssLocationProvider: WakeLock released by handleMessage(REPORT_SV_STATUS, 0, com.android.server.location.GnssLocationProvider$SvStatusInfo@5d608c3)
2020-04-07 20:49:30.747 1967-2180/system_process I/GnssLocationProvider: WakeLock acquired by sendMessage(REPORT_SV_STATUS, 0, com.android.server.location.GnssLocationProvider$SvStatusInfo@c9f5540)
2020-04-07 20:49:30.749 1967-1984/system_process I/GnssLocationProvider: WakeLock released by handleMessage(REPORT_SV_STATUS, 0, com.android.server.location.GnssLocationProvider$SvStatusInfo@c9f5540)
2020-04-07 20:49:31.750 1967-2180/system_process I/GnssLocationProvider: WakeLock acquired by sendMessage(REPORT_SV_STATUS, 0, com.android.server.location.GnssLocationProvider$SvStatusInfo@b50fc79)
2020-04-07 20:49:31.751 1967-1984/system_process I/GnssLocationProvider: WakeLock released by handleMessage(REPORT_SV_STATUS, 0, com.android.server.location.GnssLocationProvider$SvStatusInfo@b50fc79)
2020-04-07 20:49:32.751 1967-2180/system_process I/GnssLocationProvider: WakeLock acquired by sendMessage(REPORT_SV_STATUS, 0, com.android.server.location.GnssLocationProvider$SvStatusInfo@cfe8dbe)
2020-04-07 20:49:32.751 1967-1984/system_process I/GnssLocationProvider: WakeLock released by handleMessage(REPORT_SV_STATUS, 0, com.android.server.location.GnssLocationProvider$SvStatusInfo@cfe8dbe)
2020-04-07 20:49:33.753 1967-2180/system_process I/GnssLocationProvider: WakeLock acquired by sendMessage(REPORT_SV_STATUS, 0, com.android.server.location.GnssLocationProvider$SvStatusInfo@6866e1f)
2020-04-07 20:49:33.755 1967-1984/system_process I/GnssLocationProvider: WakeLock released by handleMessage(REPORT_SV_STATUS, 0, com.android.server.location.GnssLocationProvider$SvStatusInfo@6866e1f)
2020-04-07 20:49:25.907 1967-1989/system_process I/chatty: uid=1000(system) batterystats-wo identical 1 line
2020-04-07 20:49:34.113 1967-1989/system_process E/BatteryExternalStatsWorker: no controller energy info supplied for wifi
2020-04-07 20:49:34.171 1744-1819/? E/storaged: getDiskStats failed with result NOT_SUPPORTED and size 0
2020-04-07 20:49:34.754 1967-2180/system_process I/GnssLocationProvider: WakeLock acquired by sendMessage(REPORT_SV_STATUS, 0, com.android.server.location.GnssLocationProvider$SvStatusInfo@7c4856c)
2020-04-07 20:49:34.754 1967-1984/system_process I/GnssLocationProvider: WakeLock released by handleMessage(REPORT_SV_STATUS, 0, com.android.server.location.GnssLocationProvider$SvStatusInfo@7c4856c)
2020-04-07 20:49:35.309 1851-1851/? E/netmgr: Failed to open QEMU pipe 'qemud:network': Invalid argument
2020-04-07 20:49:35.310 1851-1851/? E/netmgr: WifiForwarder unable to open QEMU pipe: Invalid argument
2020-04-07 20:49:35.756 1967-2180/system_process I/GnssLocationProvider: WakeLock acquired by sendMessage(REPORT_SV_STATUS, 0, com.android.server.location.GnssLocationProvider$SvStatusInfo@cdbe735)
2020-04-07 20:49:35.756 1967-1984/system_process I/GnssLocationProvider: WakeLock released by handleMessage(REPORT_SV_STATUS, 0, com.android.server.location.GnssLocationProvider$SvStatusInfo@cdbe735)
2020-04-07 20:49:36.760 1967-2180/system_process I/GnssLocationProvider: WakeLock acquired by sendMessage(REPORT_SV_STATUS, 0, com.android.server.location.GnssLocationProvider$SvStatusInfo@211c7ca)
2020-04-07 20:49:36.762 1967-1984/system_process I/GnssLocationProvider: WakeLock released by handleMessage(REPORT_SV_STATUS, 0, com.android.server.location.GnssLocationProvider$SvStatusInfo@211c7ca)
2020-04-07 20:49:37.766 1967-2180/system_process I/GnssLocationProvider: WakeLock acquired by sendMessage(REPORT_SV_STATUS, 0, com.android.server.location.GnssLocationProvider$SvStatusInfo@cadcd3b)
2020-04-07 20:49:37.766 1967-1984/system_process I/GnssLocationProvider: WakeLock released by handleMessage(REPORT_SV_STATUS, 0, com.android.server.location.GnssLocationProvider$SvStatusInfo@cadcd3b)
2020-04-07 20:49:38.769 1967-2180/system_process I/GnssLocationProvider: WakeLock acquired by sendMessage(REPORT_SV_STATUS, 0, com.android.server.location.GnssLocationProvider$SvStatusInfo@12a8c58)
2020-04-07 20:49:38.769 1967-1984/system_process I/GnssLocationProvider: WakeLock released by handleMessage(REPORT_SV_STATUS, 0, com.android.server.location.GnssLocationProvider$SvStatusInfo@12a8c58)
2020-04-07 20:49:39.772 1967-2180/system_process I/GnssLocationProvider: WakeLock acquired by sendMessage(REPORT_SV_STATUS, 0, com.android.server.location.GnssLocationProvider$SvStatusInfo@9f0c1b1)
2020-04-07 20:49:39.772 1967-1984/system_process I/GnssLocationProvider: WakeLock released by handleMessage(REPORT_SV_STATUS, 0, com.android.server.location.GnssLocationProvider$SvStatusInfo@9f0c1b1)
2020-04-07 20:49:40.773 1967-2180/system_process I/GnssLocationProvider: WakeLock acquired by sendMessage(REPORT_SV_STATUS, 0, com.android.server.location.GnssLocationProvider$SvStatusInfo@66c9696)
2020-04-07 20:49:40.774 1967-1984/system_process I/GnssLocationProvider: WakeLock released by handleMessage(REPORT_SV_STATUS, 0, com.android.server.location.GnssLocationProvider$SvStatusInfo@66c9696)
2020-04-07 20:49:41.775 1967-2180/system_process I/GnssLocationProvider: WakeLock acquired by sendMessage(REPORT_SV_STATUS, 0, com.android.server.location.GnssLocationProvider$SvStatusInfo@220217)
2020-04-07 20:49:41.776 1967-1984/system_process I/GnssLocationProvider: WakeLock released by handleMessage(REPORT_SV_STATUS, 0, com.android.server.location.GnssLocationProvider$SvStatusInfo@220217)
2020-04-07 20:49:42.778 1967-2180/system_process I/GnssLocationProvider: WakeLock acquired by sendMessage(REPORT_SV_STATUS, 0, com.android.server.location.GnssLocationProvider$SvStatusInfo@fe81604)
2020-04-07 20:49:42.779 1967-1984/system_process I/GnssLocationProvider: WakeLock released by handleMessage(REPORT_SV_STATUS, 0, com.android.server.location.GnssLocationProvider$SvStatusInfo@fe81604)
2020-04-07 20:49:43.780 1967-2180/system_process I/GnssLocationProvider: WakeLock acquired by sendMessage(REPORT_SV_STATUS, 0, com.android.server.location.GnssLocationProvider$SvStatusInfo@79ec7ed)
2020-04-07 20:49:43.780 1967-1984/system_process I/GnssLocationProvider: WakeLock released by handleMessage(REPORT_SV_STATUS, 0, com.android.server.location.GnssLocationProvider$SvStatusInfo@79ec7ed)
2020-04-07 20:49:44.008 1967-4278/system_process E/memtrack: Couldn't load memtrack module
2020-04-07 20:49:44.008 1967-4278/system_process W/android.os.Debug: failed to get memory consumption info: -1
2020-04-07 20:49:44.780 1967-2180/system_process I/GnssLocationProvider: WakeLock acquired by sendMessage(REPORT_SV_STATUS, 0, com.android.server.location.GnssLocationProvider$SvStatusInfo@dd38622)
2020-04-07 20:49:44.782 1967-1984/system_process I/GnssLocationProvider: WakeLock released by handleMessage(REPORT_SV_STATUS, 0, com.android.server.location.GnssLocationProvider$SvStatusInfo@dd38622)
2020-04-07 20:49:45.782 1967-2180/system_process I/GnssLocationProvider: WakeLock acquired by sendMessage(REPORT_SV_STATUS, 0, com.android.server.location.GnssLocationProvider$SvStatusInfo@63aa8b3)
2020-04-07 20:49:45.783 1967-1984/system_process I/GnssLocationProvider: WakeLock released by handleMessage(REPORT_SV_STATUS, 0, com.android.server.location.GnssLocationProvider$SvStatusInfo@63aa8b3)
2020-04-07 20:49:46.784 1967-2180/system_process I/GnssLocationProvider: WakeLock acquired by sendMessage(REPORT_SV_STATUS, 0, com.android.server.location.GnssLocationProvider$SvStatusInfo@3d28e70)
2020-04-07 20:49:46.785 1967-1984/system_process I/GnssLocationProvider: WakeLock released by handleMessage(REPORT_SV_STATUS, 0, com.android.server.location.GnssLocationProvider$SvStatusInfo@3d28e70)
2020-04-07 20:49:47.223 7511-7511/com.example.myapplication D/button: print test 2
2020-04-07 20:49:47.223 7511-7511/com.example.myapplication D/button: connect button pressed
2020-04-07 20:49:47.229 1841-4326/? W/audio_hw_generic: Not supplying enough data to HAL, expected position 9890898 , only wrote 9890640
2020-04-07 20:49:47.276 7511-7546/com.example.myapplication D/connect:  LINE: SUBMITNAME
2020-04-07 20:49:47.283 7511-7546/com.example.myapplication D/connect:  LINE: NAMEACCEPTED
2020-04-07 20:49:47.472 1841-4326/? W/audio_hw_generic: Hardware backing HAL too slow, could only write 0 of 720 frames
2020-04-07 20:49:47.785 1967-2180/system_process I/GnssLocationProvider: WakeLock acquired by sendMessage(REPORT_SV_STATUS, 0, com.android.server.location.GnssLocationProvider$SvStatusInfo@2acf5e9)
2020-04-07 20:49:47.785 1967-1984/system_process I/GnssLocationProvider: WakeLock released by handleMessage(REPORT_SV_STATUS, 0, com.android.server.location.GnssLocationProvider$SvStatusInfo@2acf5e9)
2020-04-07 20:49:48.789 1967-2180/system_process I/GnssLocationProvider: WakeLock acquired by sendMessage(REPORT_SV_STATUS, 0, com.android.server.location.GnssLocationProvider$SvStatusInfo@1c7e26e)
2020-04-07 20:49:48.789 1967-1984/system_process I/GnssLocationProvider: WakeLock released by handleMessage(REPORT_SV_STATUS, 0, com.android.server.location.GnssLocationProvider$SvStatusInfo@1c7e26e)
2020-04-07 20:49:49.793 1967-2180/system_process I/GnssLocationProvider: WakeLock acquired by sendMessage(REPORT_SV_STATUS, 0, com.android.server.location.GnssLocationProvider$SvStatusInfo@82d1d0f)
2020-04-07 20:49:49.794 1967-1984/system_process I/GnssLocationProvider: WakeLock released by handleMessage(REPORT_SV_STATUS, 0, com.android.server.location.GnssLocationProvider$SvStatusInfo@82d1d0f)
2020-04-07 20:49:50.288 7511-7546/com.example.myapplication D/ec: eeee
2020-04-07 20:49:50.289 7511-7546/com.example.myapplication D/ec: *************** ROUND 1 ***************
2020-04-07 20:49:50.289 7511-7546/com.example.myapplication I/System.out: true
2020-04-07 20:49:50.414 7511-7546/com.example.myapplication I/System.out: true
2020-04-07 20:49:50.439 7511-7520/com.example.myapplication W/System: A resource failed to call close. 
2020-04-07 20:49:50.440 1841-1875/? W/audio_hw_generic: Not supplying enough data to HAL, expected position 10196942 , only wrote 10044720
2020-04-07 20:49:50.473 7511-7546/com.example.myapplication I/System.out: true
2020-04-07 20:49:50.473 7511-7546/com.example.myapplication I/chatty: uid=10085(com.example.myapplication) AsyncTask #4 identical 1 line
2020-04-07 20:49:50.549 7511-7546/com.example.myapplication I/System.out: true
2020-04-07 20:49:50.661 7511-7546/com.example.myapplication D/ec: ********** SEND ROUND 1 DATA **********
2020-04-07 20:49:50.678 7511-7546/com.example.myapplication I/System.out: Ggg
2020-04-07 20:49:50.795 1967-2180/system_process I/GnssLocationProvider: WakeLock acquired by sendMessage(REPORT_SV_STATUS, 0, com.android.server.location.GnssLocationProvider$SvStatusInfo@2aa219c)
2020-04-07 20:49:50.797 1967-1984/system_process I/GnssLocationProvider: WakeLock released by handleMessage(REPORT_SV_STATUS, 0, com.android.server.location.GnssLocationProvider$SvStatusInfo@2aa219c)
2020-04-07 20:49:51.799 1967-2180/system_process I/GnssLocationProvider: WakeLock acquired by sendMessage(REPORT_SV_STATUS, 0, com.android.server.location.GnssLocationProvider$SvStatusInfo@35607a5)
2020-04-07 20:49:51.800 1967-1984/system_process I/GnssLocationProvider: WakeLock released by handleMessage(REPORT_SV_STATUS, 0, com.android.server.location.GnssLocationProvider$SvStatusInfo@35607a5)
2020-04-07 20:49:52.406 7511-7546/com.example.myapplication D/ec: ************ VERIFY ROUND 1 ***********
2020-04-07 20:49:52.440 7511-7546/com.example.myapplication D/ec: ALL GOOD
2020-04-07 20:49:52.570 7511-7522/com.example.myapplication I/e.myapplicatio: Background concurrent copying GC freed 352405(9MB) AllocSpace objects, 5(208KB) LOS objects, 30% free, 13MB/19MB, paused 839us total 107.552ms
2020-04-07 20:49:52.592 7511-7546/com.example.myapplication D/ec: ALL GOOD
2020-04-07 20:49:52.702 7511-7546/com.example.myapplication D/ec: ALL GOOD
2020-04-07 20:49:52.800 1967-2180/system_process I/GnssLocationProvider: WakeLock acquired by sendMessage(REPORT_SV_STATUS, 0, com.android.server.location.GnssLocationProvider$SvStatusInfo@93b77a)
2020-04-07 20:49:52.801 1967-1984/system_process I/GnssLocationProvider: WakeLock released by handleMessage(REPORT_SV_STATUS, 0, com.android.server.location.GnssLocationProvider$SvStatusInfo@93b77a)
2020-04-07 20:49:52.804 7511-7546/com.example.myapplication D/ec: ALL GOOD
2020-04-07 20:49:53.238 7511-7546/com.example.myapplication D/ec: *************** ROUND 2 ***************
2020-04-07 20:49:53.292 7511-7546/com.example.myapplication D/ec: ALL GOOD
2020-04-07 20:49:53.415 7511-7546/com.example.myapplication I/chatty: uid=10085(com.example.myapplication) AsyncTask #4 identical 2 lines
2020-04-07 20:49:53.490 7511-7546/com.example.myapplication D/ec: ALL GOOD
2020-04-07 20:49:53.805 1967-2180/system_process I/GnssLocationProvider: WakeLock acquired by sendMessage(REPORT_SV_STATUS, 0, com.android.server.location.GnssLocationProvider$SvStatusInfo@3287b2b)
2020-04-07 20:49:53.806 1967-1984/system_process I/GnssLocationProvider: WakeLock released by handleMessage(REPORT_SV_STATUS, 0, com.android.server.location.GnssLocationProvider$SvStatusInfo@3287b2b)
2020-04-07 20:49:53.917 7511-7546/com.example.myapplication D/ec: ************ VERIFY ROUND 2 ***********
2020-04-07 20:49:53.960 7511-7546/com.example.myapplication D/ec: ALL GOOD
2020-04-07 20:49:54.024 7511-7546/com.example.myapplication I/chatty: uid=10085(com.example.myapplication) AsyncTask #4 identical 2 lines
2020-04-07 20:49:54.053 7511-7546/com.example.myapplication D/ec: ALL GOOD
2020-04-07 20:49:54.464 7511-7546/com.example.myapplication D/ec: *************** ROUND 3 ***************
2020-04-07 20:49:54.809 1967-2180/system_process I/GnssLocationProvider: WakeLock acquired by sendMessage(REPORT_SV_STATUS, 0, com.android.server.location.GnssLocationProvider$SvStatusInfo@c05bb88)
2020-04-07 20:49:54.809 1967-1984/system_process I/GnssLocationProvider: WakeLock released by handleMessage(REPORT_SV_STATUS, 0, com.android.server.location.GnssLocationProvider$SvStatusInfo@c05bb88)
2020-04-07 20:49:55.099 7511-7546/com.example.myapplication D/ec: *************** ROUND 4 ***************
2020-04-07 20:49:55.165 7511-7546/com.example.myapplication D/ec: ALL GOOD
2020-04-07 20:49:55.166 7511-7546/com.example.myapplication I/System.out: 13055192287947228985283091373879294438958984399779715962197326803987431057510
2020-04-07 20:49:55.166 7511-7546/com.example.myapplication I/System.out: 13055192287947228985283091373879294438958984399779715962197326803987431057510
2020-04-07 20:49:55.235 7511-7546/com.example.myapplication D/ec: ALL GOOD
2020-04-07 20:49:55.235 7511-7546/com.example.myapplication I/System.out: -50506383351016652483391426049329378667928816308932201742673763279386262810435
2020-04-07 20:49:55.235 7511-7546/com.example.myapplication I/System.out: -50506383351016652483391426049329378667928816308932201742673763279386262810435
2020-04-07 20:49:55.298 7511-7546/com.example.myapplication D/ec: ALL GOOD
2020-04-07 20:49:55.299 7511-7546/com.example.myapplication I/System.out: -21774141606311074621800841935932525906310567792801943614668063471533613226232
2020-04-07 20:49:55.299 7511-7546/com.example.myapplication I/System.out: -21774141606311074621800841935932525906310567792801943614668063471533613226232
2020-04-07 20:49:55.374 7511-7546/com.example.myapplication D/ec: ALL GOOD
2020-04-07 20:49:55.377 7511-7546/com.example.myapplication I/System.out: 18761085695360034690649816457737810445538546506670635365078015789533260166793
2020-04-07 20:49:55.377 7511-7546/com.example.myapplication I/System.out: 18761085695360034690649816457737810445538546506670635365078015789533260166793
2020-04-07 20:49:55.646 7511-7546/com.example.myapplication D/ec: *********** KEY COMPUTATION ***********
2020-04-07 20:49:55.662 7511-7546/com.example.myapplication I/System.out: Latency of Each Round JPAKEPairing+
2020-04-07 20:49:55.662 7511-7546/com.example.myapplication D/EC_LATENCY: 1) Latency of computing round 1 per participant (ms):372
2020-04-07 20:49:55.662 7511-7546/com.example.myapplication D/EC_LATENCY: 2) Latency of verifying data in round 1 per participant (ms):468
2020-04-07 20:49:55.662 7511-7546/com.example.myapplication D/EC_LATENCY: 3) Latency of computing round 2 per participant (ms):252
2020-04-07 20:49:55.662 7511-7546/com.example.myapplication D/EC_LATENCY: 4) Latency of verifying round 2 per participant (ms):136
2020-04-07 20:49:55.662 7511-7546/com.example.myapplication D/EC_LATENCY: 5) Latency of computing round 3 per participant (ms):174
2020-04-07 20:49:55.662 7511-7546/com.example.myapplication D/EC_LATENCY: 6) Latency of verifying round 3 for participant (ms):279
2020-04-07 20:49:55.662 7511-7546/com.example.myapplication D/EC_LATENCY: 7) Latency of computing key for participant (ms):16
2020-04-07 20:49:55.663 7511-7511/com.example.myapplication D/speke: DONE
